2026-08-07 04:01:02 [INFO] scanner - ============================================================
2026-08-07 04:01:02 [INFO] scanner - 🚀 SCANNER INICIADO
2026-08-07 04:01:02 [INFO] scanner - 📅 Data/Hora: 07/08/2026 04:01:02
2026-08-07 04:01:02 [INFO] scanner - 📂 Log: logs/scanner_2026-08-07.log
2026-08-07 04:01:02 [INFO] scanner - ============================================================
2026-08-07 04:01:02 [INFO] scanner - 📝 PAPER MODE ATIVO - Apenas registro e análise
2026-08-07 05:20:03 [INFO] scanner - ============================================================
2026-08-07 05:20:03 [INFO] scanner - 🚀 SCANNER INICIADO
2026-08-07 05:20:03 [INFO] scanner - 📅 Data/Hora: 07/08/2026 05:20:03
2026-08-07 05:20:03 [INFO] scanner - 📂 Log: logs/scanner_2026-08-07.log
2026-08-07 05:20:03 [INFO] scanner - ============================================================
2026-08-07 05:20:03 [INFO] scanner - 📝 PAPER MODE ATIVO - Apenas registro e análise
2026-08-07 06:29:31 [INFO] scanner - ============================================================
2026-08-07 06:29:31 [INFO] scanner - 🚀 SCANNER INICIADO
2026-08-07 06:29:31 [INFO] scanner - 📅 Data/Hora: 07/08/2026 06:29:31
2026-08-07 06:29:31 [INFO] scanner - 📂 Log: logs/scanner_2026-08-07.log
2026-08-07 06:29:31 [INFO] scanner - ============================================================
2026-08-07 06:29:31 [INFO] scanner - 📝 PAPER MODE ATIVO - Apenas registro e análise
2026-08-07 07:26:23 [INFO] scanner - ============================================================
2026-08-07 07:26:23 [INFO] scanner - 🚀 SCANNER INICIADO
2026-08-07 07:26:23 [INFO] scanner - 📅 Data/Hora: 07/08/2026 07:26:23
2026-08-07 07:26:23 [INFO] scanner - 📂 Log: logs/scanner_2026-08-07.log
2026-08-07 07:26:23 [INFO] scanner - ============================================================
2026-08-07 07:26:23 [INFO] scanner - 📝 PAPER MODE ATIVO - Apenas registro e análise
2026-08-07 07:26:27 [WARNING] root - Bloco de componentes falhou: cannot unpack non-iterable int object
2026-08-07 07:26:27 [INFO] scanner - ✅ Validações OK [BTC/USDT]: Score=7.3, R:R=2.08
2026-08-07 07:26:27 [INFO] scanner - ⏸️  Throttle ativo [BTC/USDT]:
2026-08-07 07:26:27 [INFO] scanner -    ├─ Último alerta há 1568.8 minutos
2026-08-07 07:26:27 [INFO] scanner -    ├─ Tempo mínimo: 1800 minutos
2026-08-07 07:26:27 [INFO] scanner -    └─ Próximo permitido em: 231.2 minutos
2026-08-07 08:14:10 [INFO] scanner - ============================================================
2026-08-07 08:14:10 [INFO] scanner - 🚀 SCANNER INICIADO
2026-08-07 08:14:10 [INFO] scanner - 📅 Data/Hora: 07/08/2026 08:14:10
2026-08-07 08:14:10 [INFO] scanner - 📂 Log: logs/scanner_2026-08-07.log
2026-08-07 08:14:10 [INFO] scanner - ============================================================
2026-08-07 08:14:10 [INFO] scanner - 📝 PAPER MODE ATIVO - Apenas registro e análise
2026-08-07 08:14:14 [WARNING] root - Bloco de componentes falhou: cannot unpack non-iterable int object
2026-08-07 08:14:14 [INFO] scanner - ✅ Validações OK [BTC/USDT]: Score=7.3, R:R=2.08
2026-08-07 08:14:14 [INFO] scanner - ⏸️  Throttle ativo [BTC/USDT]:
2026-08-07 08:14:14 [INFO] scanner -    ├─ Último alerta há 1616.6 minutos
2026-08-07 08:14:14 [INFO] scanner -    ├─ Tempo mínimo: 1800 minutos
2026-08-07 08:14:14 [INFO] scanner -    └─ Próximo permitido em: 183.4 minutos
