2026-09-13 07:50:20 [INFO] scanner - ============================================================
2026-09-13 07:50:20 [INFO] scanner - 🚀 SCANNER INICIADO
2026-09-13 07:50:20 [INFO] scanner - 📅 Data/Hora: 13/09/2026 07:50:20
2026-09-13 07:50:20 [INFO] scanner - 📂 Log: logs/scanner_2026-09-13.log
2026-09-13 07:50:20 [INFO] scanner - ============================================================
2026-09-13 07:50:20 [INFO] scanner - 📝 PAPER MODE ATIVO - Apenas registro e análise
2026-09-13 11:44:33 [INFO] scanner - ============================================================
2026-09-13 11:44:33 [INFO] scanner - 🚀 SCANNER INICIADO
2026-09-13 11:44:33 [INFO] scanner - 📅 Data/Hora: 13/09/2026 11:44:33
2026-09-13 11:44:33 [INFO] scanner - 📂 Log: logs/scanner_2026-09-13.log
2026-09-13 11:44:33 [INFO] scanner - ============================================================
2026-09-13 11:44:33 [INFO] scanner - 📝 PAPER MODE ATIVO - Apenas registro e análise
2026-09-13 11:44:38 [WARNING] root - Bloco de componentes falhou: cannot unpack non-iterable int object
2026-09-13 11:44:38 [INFO] scanner - ✅ Validações OK [ETH/USDT]: Score=8.3, R:R=2.00
2026-09-13 11:44:38 [INFO] scanner - ⏸️  Throttle ativo [ETH/USDT]:
2026-09-13 11:44:38 [INFO] scanner -    ├─ Último alerta há 1340.6 minutos
2026-09-13 11:44:38 [INFO] scanner -    ├─ Tempo mínimo: 1800 minutos
2026-09-13 11:44:38 [INFO] scanner -    └─ Próximo permitido em: 459.4 minutos
2026-09-13 14:42:04 [INFO] scanner - ============================================================
2026-09-13 14:42:04 [INFO] scanner - 🚀 SCANNER INICIADO
2026-09-13 14:42:04 [INFO] scanner - 📅 Data/Hora: 13/09/2026 14:42:04
2026-09-13 14:42:04 [INFO] scanner - 📂 Log: logs/scanner_2026-09-13.log
2026-09-13 14:42:04 [INFO] scanner - ============================================================
2026-09-13 14:42:04 [INFO] scanner - 📝 PAPER MODE ATIVO - Apenas registro e análise
2026-09-13 16:47:41 [INFO] scanner - ============================================================
2026-09-13 16:47:41 [INFO] scanner - 🚀 SCANNER INICIADO
2026-09-13 16:47:41 [INFO] scanner - 📅 Data/Hora: 13/09/2026 16:47:41
2026-09-13 16:47:41 [INFO] scanner - 📂 Log: logs/scanner_2026-09-13.log
2026-09-13 16:47:41 [INFO] scanner - ============================================================
2026-09-13 16:47:41 [INFO] scanner - 📝 PAPER MODE ATIVO - Apenas registro e análise
2026-09-13 16:47:45 [WARNING] root - Bloco de componentes falhou: cannot unpack non-iterable int object
2026-09-13 16:47:45 [INFO] scanner - ✅ Validações OK [BTC/USDT]: Score=7.0, R:R=2.08
2026-09-13 16:47:45 [INFO] scanner - ✅ Throttle OK [BTC/USDT]: Pode enviar
2026-09-13 16:47:46 [INFO] scanner - 📝 Sinal no ledger: 20260913_164746_147321 - BTC/USDT
2026-09-13 16:47:46 [INFO] scanner - 📨 Alerta enviado | ID Ledger: 20260913_164746_147321
