2026-08-20 03:29:20 [INFO] scanner - ============================================================
2026-08-20 03:29:20 [INFO] scanner - 🚀 SCANNER INICIADO
2026-08-20 03:29:20 [INFO] scanner - 📅 Data/Hora: 20/08/2026 03:29:20
2026-08-20 03:29:20 [INFO] scanner - 📂 Log: logs/scanner_2026-08-20.log
2026-08-20 03:29:20 [INFO] scanner - ============================================================
2026-08-20 03:29:20 [INFO] scanner - 📝 PAPER MODE ATIVO - Apenas registro e análise
2026-08-20 03:29:24 [WARNING] root - Bloco de componentes falhou: cannot unpack non-iterable int object
2026-08-20 03:29:24 [INFO] scanner - ✅ Validações OK [BTC/USDT]: Score=7.3, R:R=2.08
2026-08-20 03:29:24 [INFO] scanner - ⏸️  Throttle ativo [BTC/USDT]:
2026-08-20 03:29:24 [INFO] scanner -    ├─ Último alerta há 660.0 minutos
2026-08-20 03:29:24 [INFO] scanner -    ├─ Tempo mínimo: 1800 minutos
2026-08-20 03:29:24 [INFO] scanner -    └─ Próximo permitido em: 1140.0 minutos
2026-08-20 03:29:24 [WARNING] root - Bloco de componentes falhou: cannot unpack non-iterable int object
2026-08-20 03:29:24 [INFO] scanner - ✅ Validações OK [BTC/USDT]: Score=7.3, R:R=2.08
2026-08-20 03:29:24 [INFO] scanner - ⏸️  Throttle ativo [BTC/USDT]:
2026-08-20 03:29:24 [INFO] scanner -    ├─ Último alerta há 660.0 minutos
2026-08-20 03:29:24 [INFO] scanner -    ├─ Tempo mínimo: 1800 minutos
2026-08-20 03:29:24 [INFO] scanner -    └─ Próximo permitido em: 1140.0 minutos
2026-08-20 03:29:26 [WARNING] root - Bloco de componentes falhou: cannot unpack non-iterable int object
2026-08-20 03:29:26 [INFO] scanner - ✅ Validações OK [ETH/USDT]: Score=7.3, R:R=2.00
2026-08-20 03:29:26 [INFO] scanner - ⏸️  Throttle ativo [ETH/USDT]:
2026-08-20 03:29:26 [INFO] scanner -    ├─ Último alerta há 1441.3 minutos
2026-08-20 03:29:26 [INFO] scanner -    ├─ Tempo mínimo: 1800 minutos
2026-08-20 03:29:26 [INFO] scanner -    └─ Próximo permitido em: 358.7 minutos
2026-08-20 03:29:27 [WARNING] root - Bloco de componentes falhou: cannot unpack non-iterable int object
2026-08-20 03:29:27 [INFO] scanner - ✅ Validações OK [ETH/USDT]: Score=7.3, R:R=2.00
2026-08-20 03:29:27 [INFO] scanner - ⏸️  Throttle ativo [ETH/USDT]:
2026-08-20 03:29:27 [INFO] scanner -    ├─ Último alerta há 1441.3 minutos
2026-08-20 03:29:27 [INFO] scanner -    ├─ Tempo mínimo: 1800 minutos
2026-08-20 03:29:27 [INFO] scanner -    └─ Próximo permitido em: 358.7 minutos
