2026-08-02 05:07:26 [INFO] scanner - ============================================================
2026-08-02 05:07:26 [INFO] scanner - 🚀 SCANNER INICIADO
2026-08-02 05:07:26 [INFO] scanner - 📅 Data/Hora: 02/08/2026 05:07:26
2026-08-02 05:07:26 [INFO] scanner - 📂 Log: logs/scanner_2026-08-02.log
2026-08-02 05:07:26 [INFO] scanner - ============================================================
2026-08-02 05:07:26 [INFO] scanner - 📝 PAPER MODE ATIVO - Apenas registro e análise
2026-08-02 05:07:29 [WARNING] root - Bloco de componentes falhou: cannot unpack non-iterable int object
2026-08-02 05:07:29 [INFO] scanner - ✅ Validações OK [BTC/USDT]: Score=7.3, R:R=2.08
2026-08-02 05:07:29 [INFO] scanner - ✅ Throttle OK [BTC/USDT]: Pode enviar
2026-08-02 05:07:30 [INFO] scanner - 📝 Sinal no ledger: 20260802_050730_399815 - BTC/USDT
2026-08-02 05:07:30 [INFO] scanner - 📨 Alerta enviado | ID Ledger: 20260802_050730_399815
2026-08-02 05:07:32 [WARNING] root - Bloco de componentes falhou: cannot unpack non-iterable int object
2026-08-02 05:07:32 [INFO] scanner - ✅ Validações OK [ETH/USDT]: Score=7.3, R:R=2.00
2026-08-02 05:07:32 [INFO] scanner - ✅ Throttle OK [ETH/USDT]: Pode enviar
2026-08-02 05:07:33 [INFO] scanner - 📝 Sinal no ledger: 20260802_050733_131115 - ETH/USDT
2026-08-02 05:07:33 [INFO] scanner - 📨 Alerta enviado | ID Ledger: 20260802_050733_131115
2026-08-02 07:06:06 [INFO] scanner - ============================================================
2026-08-02 07:06:06 [INFO] scanner - 🚀 SCANNER INICIADO
2026-08-02 07:06:06 [INFO] scanner - 📅 Data/Hora: 02/08/2026 07:06:06
2026-08-02 07:06:06 [INFO] scanner - 📂 Log: logs/scanner_2026-08-02.log
2026-08-02 07:06:06 [INFO] scanner - ============================================================
2026-08-02 07:06:06 [INFO] scanner - 📝 PAPER MODE ATIVO - Apenas registro e análise
2026-08-02 07:06:10 [WARNING] root - Bloco de componentes falhou: cannot unpack non-iterable int object
2026-08-02 07:06:10 [INFO] scanner - ✅ Validações OK [BTC/USDT]: Score=7.3, R:R=2.08
2026-08-02 07:06:10 [INFO] scanner - ⏸️  Throttle ativo [BTC/USDT]:
2026-08-02 07:06:10 [INFO] scanner -    ├─ Último alerta há 118.7 minutos
2026-08-02 07:06:10 [INFO] scanner -    ├─ Tempo mínimo: 1800 minutos
2026-08-02 07:06:10 [INFO] scanner -    └─ Próximo permitido em: 1681.3 minutos
2026-08-02 07:06:12 [WARNING] root - Bloco de componentes falhou: cannot unpack non-iterable int object
2026-08-02 07:06:12 [INFO] scanner - ✅ Validações OK [ETH/USDT]: Score=7.3, R:R=2.00
2026-08-02 07:06:12 [INFO] scanner - ⏸️  Throttle ativo [ETH/USDT]:
2026-08-02 07:06:12 [INFO] scanner -    ├─ Último alerta há 118.7 minutos
2026-08-02 07:06:12 [INFO] scanner -    ├─ Tempo mínimo: 1800 minutos
2026-08-02 07:06:12 [INFO] scanner -    └─ Próximo permitido em: 1681.3 minutos
