2026-08-08 03:36:15 [INFO] scanner - ============================================================
2026-08-08 03:36:15 [INFO] scanner - 🚀 SCANNER INICIADO
2026-08-08 03:36:15 [INFO] scanner - 📅 Data/Hora: 08/08/2026 03:36:15
2026-08-08 03:36:15 [INFO] scanner - 📂 Log: logs/scanner_2026-08-08.log
2026-08-08 03:36:15 [INFO] scanner - ============================================================
2026-08-08 03:36:15 [INFO] scanner - 📝 PAPER MODE ATIVO - Apenas registro e análise
2026-08-08 03:36:18 [WARNING] root - Bloco de componentes falhou: cannot unpack non-iterable int object
2026-08-08 03:36:18 [INFO] scanner - ✅ Validações OK [BTC/USDT]: Score=7.3, R:R=2.08
2026-08-08 03:36:18 [INFO] scanner - ⏸️  Throttle ativo [BTC/USDT]:
2026-08-08 03:36:18 [INFO] scanner -    ├─ Último alerta há 929.3 minutos
2026-08-08 03:36:18 [INFO] scanner -    ├─ Tempo mínimo: 1800 minutos
2026-08-08 03:36:18 [INFO] scanner -    └─ Próximo permitido em: 870.7 minutos
2026-08-08 03:36:21 [WARNING] root - Bloco de componentes falhou: cannot unpack non-iterable int object
2026-08-08 03:36:21 [INFO] scanner - ✅ Validações OK [ETH/USDT]: Score=7.3, R:R=2.00
2026-08-08 03:36:21 [INFO] scanner - ⏸️  Throttle ativo [ETH/USDT]:
2026-08-08 03:36:21 [INFO] scanner -    ├─ Último alerta há 1118.7 minutos
2026-08-08 03:36:21 [INFO] scanner -    ├─ Tempo mínimo: 1800 minutos
2026-08-08 03:36:21 [INFO] scanner -    └─ Próximo permitido em: 681.3 minutos
2026-08-08 04:33:55 [INFO] scanner - ============================================================
2026-08-08 04:33:55 [INFO] scanner - 🚀 SCANNER INICIADO
2026-08-08 04:33:55 [INFO] scanner - 📅 Data/Hora: 08/08/2026 04:33:55
2026-08-08 04:33:55 [INFO] scanner - 📂 Log: logs/scanner_2026-08-08.log
2026-08-08 04:33:55 [INFO] scanner - ============================================================
2026-08-08 04:33:55 [INFO] scanner - 📝 PAPER MODE ATIVO - Apenas registro e análise
2026-08-08 04:33:58 [WARNING] root - Bloco de componentes falhou: cannot unpack non-iterable int object
2026-08-08 04:33:58 [INFO] scanner - ✅ Validações OK [BTC/USDT]: Score=7.0, R:R=2.08
2026-08-08 04:33:58 [INFO] scanner - ⏸️  Throttle ativo [BTC/USDT]:
2026-08-08 04:33:58 [INFO] scanner -    ├─ Último alerta há 987.0 minutos
2026-08-08 04:33:58 [INFO] scanner -    ├─ Tempo mínimo: 1800 minutos
2026-08-08 04:33:58 [INFO] scanner -    └─ Próximo permitido em: 813.0 minutos
2026-08-08 04:34:00 [WARNING] root - Bloco de componentes falhou: cannot unpack non-iterable int object
2026-08-08 04:34:00 [INFO] scanner - ✅ Validações OK [ETH/USDT]: Score=7.0, R:R=2.00
2026-08-08 04:34:00 [INFO] scanner - ⏸️  Throttle ativo [ETH/USDT]:
2026-08-08 04:34:00 [INFO] scanner -    ├─ Último alerta há 1176.3 minutos
2026-08-08 04:34:00 [INFO] scanner -    ├─ Tempo mínimo: 1800 minutos
2026-08-08 04:34:00 [INFO] scanner -    └─ Próximo permitido em: 623.7 minutos
