2026-09-06 06:57:35 [INFO] scanner - ============================================================
2026-09-06 06:57:35 [INFO] scanner - 🚀 SCANNER INICIADO
2026-09-06 06:57:35 [INFO] scanner - 📅 Data/Hora: 06/09/2026 06:57:35
2026-09-06 06:57:35 [INFO] scanner - 📂 Log: logs/scanner_2026-09-06.log
2026-09-06 06:57:35 [INFO] scanner - ============================================================
2026-09-06 06:57:35 [INFO] scanner - 📝 PAPER MODE ATIVO - Apenas registro e análise
2026-09-06 06:57:40 [WARNING] root - Bloco de componentes falhou: cannot unpack non-iterable int object
2026-09-06 06:57:40 [INFO] scanner - ✅ Validações OK [ETH/USDT]: Score=7.8, R:R=2.00
2026-09-06 06:57:40 [INFO] scanner - ⏸️  Throttle ativo [ETH/USDT]:
2026-09-06 06:57:40 [INFO] scanner -    ├─ Último alerta há 1455.2 minutos
2026-09-06 06:57:40 [INFO] scanner -    ├─ Tempo mínimo: 1800 minutos
2026-09-06 06:57:40 [INFO] scanner -    └─ Próximo permitido em: 344.8 minutos
2026-09-06 06:57:41 [WARNING] root - Bloco de componentes falhou: cannot unpack non-iterable int object
2026-09-06 06:57:41 [INFO] scanner - ✅ Validações OK [ETH/USDT]: Score=7.3, R:R=2.00
2026-09-06 06:57:41 [INFO] scanner - ⏸️  Throttle ativo [ETH/USDT]:
2026-09-06 06:57:41 [INFO] scanner -    ├─ Último alerta há 1455.2 minutos
2026-09-06 06:57:41 [INFO] scanner -    ├─ Tempo mínimo: 1800 minutos
2026-09-06 06:57:41 [INFO] scanner -    └─ Próximo permitido em: 344.8 minutos
2026-09-06 10:23:13 [INFO] scanner - ============================================================
2026-09-06 10:23:13 [INFO] scanner - 🚀 SCANNER INICIADO
2026-09-06 10:23:13 [INFO] scanner - 📅 Data/Hora: 06/09/2026 10:23:13
2026-09-06 10:23:13 [INFO] scanner - 📂 Log: logs/scanner_2026-09-06.log
2026-09-06 10:23:13 [INFO] scanner - ============================================================
2026-09-06 10:23:13 [INFO] scanner - 📝 PAPER MODE ATIVO - Apenas registro e análise
2026-09-06 10:23:19 [WARNING] root - Bloco de componentes falhou: cannot unpack non-iterable int object
2026-09-06 10:23:19 [INFO] scanner - ✅ Validações OK [ETH/USDT]: Score=7.3, R:R=2.00
2026-09-06 10:23:19 [INFO] scanner - ⏸️  Throttle ativo [ETH/USDT]:
2026-09-06 10:23:19 [INFO] scanner -    ├─ Último alerta há 1660.8 minutos
2026-09-06 10:23:19 [INFO] scanner -    ├─ Tempo mínimo: 1800 minutos
2026-09-06 10:23:19 [INFO] scanner -    └─ Próximo permitido em: 139.2 minutos
2026-09-06 13:21:19 [INFO] scanner - ============================================================
2026-09-06 13:21:19 [INFO] scanner - 🚀 SCANNER INICIADO
2026-09-06 13:21:19 [INFO] scanner - 📅 Data/Hora: 06/09/2026 13:21:19
2026-09-06 13:21:19 [INFO] scanner - 📂 Log: logs/scanner_2026-09-06.log
2026-09-06 13:21:19 [INFO] scanner - ============================================================
2026-09-06 13:21:19 [INFO] scanner - 📝 PAPER MODE ATIVO - Apenas registro e análise
2026-09-06 13:21:23 [WARNING] root - Bloco de componentes falhou: cannot unpack non-iterable int object
2026-09-06 13:21:23 [INFO] scanner - ✅ Validações OK [ETH/USDT]: Score=7.3, R:R=2.00
2026-09-06 13:21:23 [INFO] scanner - ✅ Throttle OK [ETH/USDT]: Pode enviar
2026-09-06 13:21:24 [INFO] scanner - 📝 Sinal no ledger: 20260906_132124_412519 - ETH/USDT
2026-09-06 13:21:24 [INFO] scanner - 📨 Alerta enviado | ID Ledger: 20260906_132124_412519
