2026-10-01 09:07:07 [INFO] scanner - ============================================================
2026-10-01 09:07:07 [INFO] scanner - 🚀 SCANNER INICIADO
2026-10-01 09:07:07 [INFO] scanner - 📅 Data/Hora: 01/10/2026 09:07:07
2026-10-01 09:07:07 [INFO] scanner - 📂 Log: logs/scanner_2026-10-01.log
2026-10-01 09:07:07 [INFO] scanner - ============================================================
2026-10-01 09:07:07 [INFO] scanner - 📝 PAPER MODE ATIVO - Apenas registro e análise
2026-10-01 15:24:08 [INFO] scanner - ============================================================
2026-10-01 15:24:08 [INFO] scanner - 🚀 SCANNER INICIADO
2026-10-01 15:24:08 [INFO] scanner - 📅 Data/Hora: 01/10/2026 15:24:08
2026-10-01 15:24:08 [INFO] scanner - 📂 Log: logs/scanner_2026-10-01.log
2026-10-01 15:24:08 [INFO] scanner - ============================================================
2026-10-01 15:24:08 [INFO] scanner - 📝 PAPER MODE ATIVO - Apenas registro e análise
2026-10-01 19:48:38 [INFO] scanner - ============================================================
2026-10-01 19:48:38 [INFO] scanner - 🚀 SCANNER INICIADO
2026-10-01 19:48:38 [INFO] scanner - 📅 Data/Hora: 01/10/2026 19:48:38
2026-10-01 19:48:38 [INFO] scanner - 📂 Log: logs/scanner_2026-10-01.log
2026-10-01 19:48:38 [INFO] scanner - ============================================================
2026-10-01 19:48:38 [INFO] scanner - 📝 PAPER MODE ATIVO - Apenas registro e análise
2026-10-01 19:48:41 [WARNING] root - Bloco de componentes falhou: cannot unpack non-iterable int object
2026-10-01 19:48:41 [INFO] scanner - ✅ Validações OK [BTC/USDT]: Score=7.3, R:R=2.08
2026-10-01 19:48:41 [INFO] scanner - ⏸️  Throttle ativo [BTC/USDT]:
2026-10-01 19:48:41 [INFO] scanner -    ├─ Último alerta há 1529.6 minutos
2026-10-01 19:48:41 [INFO] scanner -    ├─ Tempo mínimo: 1800 minutos
2026-10-01 19:48:41 [INFO] scanner -    └─ Próximo permitido em: 270.4 minutos
2026-10-01 22:54:08 [INFO] scanner - ============================================================
2026-10-01 22:54:08 [INFO] scanner - 🚀 SCANNER INICIADO
2026-10-01 22:54:08 [INFO] scanner - 📅 Data/Hora: 01/10/2026 22:54:08
2026-10-01 22:54:08 [INFO] scanner - 📂 Log: logs/scanner_2026-10-01.log
2026-10-01 22:54:08 [INFO] scanner - ============================================================
2026-10-01 22:54:08 [INFO] scanner - 📝 PAPER MODE ATIVO - Apenas registro e análise
2026-10-01 22:54:11 [WARNING] root - Bloco de componentes falhou: cannot unpack non-iterable int object
2026-10-01 22:54:11 [INFO] scanner - ✅ Validações OK [BTC/USDT]: Score=7.3, R:R=2.08
2026-10-01 22:54:11 [INFO] scanner - ⏸️  Throttle ativo [BTC/USDT]:
2026-10-01 22:54:11 [INFO] scanner -    ├─ Último alerta há 1715.1 minutos
2026-10-01 22:54:11 [INFO] scanner -    ├─ Tempo mínimo: 1800 minutos
2026-10-01 22:54:11 [INFO] scanner -    └─ Próximo permitido em: 84.9 minutos
