2026-08-18 03:27:09 [INFO] scanner - ============================================================
2026-08-18 03:27:09 [INFO] scanner - 🚀 SCANNER INICIADO
2026-08-18 03:27:09 [INFO] scanner - 📅 Data/Hora: 18/08/2026 03:27:09
2026-08-18 03:27:09 [INFO] scanner - 📂 Log: logs/scanner_2026-08-18.log
2026-08-18 03:27:09 [INFO] scanner - ============================================================
2026-08-18 03:27:09 [INFO] scanner - 📝 PAPER MODE ATIVO - Apenas registro e análise
2026-08-18 03:27:12 [WARNING] root - Bloco de componentes falhou: cannot unpack non-iterable int object
2026-08-18 03:27:12 [INFO] scanner - ✅ Validações OK [BTC/USDT]: Score=7.3, R:R=2.08
2026-08-18 03:27:12 [INFO] scanner - ⏸️  Throttle ativo [BTC/USDT]:
2026-08-18 03:27:12 [INFO] scanner -    ├─ Último alerta há 1431.8 minutos
2026-08-18 03:27:12 [INFO] scanner -    ├─ Tempo mínimo: 1800 minutos
2026-08-18 03:27:12 [INFO] scanner -    └─ Próximo permitido em: 368.2 minutos
2026-08-18 03:27:13 [WARNING] root - Bloco de componentes falhou: cannot unpack non-iterable int object
2026-08-18 03:27:13 [INFO] scanner - ✅ Validações OK [BTC/USDT]: Score=7.3, R:R=2.08
2026-08-18 03:27:13 [INFO] scanner - ⏸️  Throttle ativo [BTC/USDT]:
2026-08-18 03:27:13 [INFO] scanner -    ├─ Último alerta há 1431.8 minutos
2026-08-18 03:27:13 [INFO] scanner -    ├─ Tempo mínimo: 1800 minutos
2026-08-18 03:27:13 [INFO] scanner -    └─ Próximo permitido em: 368.2 minutos
2026-08-18 04:13:10 [INFO] scanner - ============================================================
2026-08-18 04:13:10 [INFO] scanner - 🚀 SCANNER INICIADO
2026-08-18 04:13:10 [INFO] scanner - 📅 Data/Hora: 18/08/2026 04:13:10
2026-08-18 04:13:10 [INFO] scanner - 📂 Log: logs/scanner_2026-08-18.log
2026-08-18 04:13:10 [INFO] scanner - ============================================================
2026-08-18 04:13:10 [INFO] scanner - 📝 PAPER MODE ATIVO - Apenas registro e análise
2026-08-18 04:13:13 [WARNING] root - Bloco de componentes falhou: cannot unpack non-iterable int object
2026-08-18 04:13:13 [INFO] scanner - ✅ Validações OK [BTC/USDT]: Score=7.3, R:R=2.08
2026-08-18 04:13:13 [INFO] scanner - ⏸️  Throttle ativo [BTC/USDT]:
2026-08-18 04:13:13 [INFO] scanner -    ├─ Último alerta há 1477.8 minutos
2026-08-18 04:13:13 [INFO] scanner -    ├─ Tempo mínimo: 1800 minutos
2026-08-18 04:13:13 [INFO] scanner -    └─ Próximo permitido em: 322.2 minutos
2026-08-18 04:53:36 [INFO] scanner - ============================================================
2026-08-18 04:53:36 [INFO] scanner - 🚀 SCANNER INICIADO
2026-08-18 04:53:36 [INFO] scanner - 📅 Data/Hora: 18/08/2026 04:53:36
2026-08-18 04:53:36 [INFO] scanner - 📂 Log: logs/scanner_2026-08-18.log
2026-08-18 04:53:36 [INFO] scanner - ============================================================
2026-08-18 04:53:36 [INFO] scanner - 📝 PAPER MODE ATIVO - Apenas registro e análise
2026-08-18 04:53:39 [WARNING] root - Bloco de componentes falhou: cannot unpack non-iterable int object
2026-08-18 04:53:39 [INFO] scanner - ✅ Validações OK [BTC/USDT]: Score=7.8, R:R=2.08
2026-08-18 04:53:39 [INFO] scanner - ⏸️  Throttle ativo [BTC/USDT]:
2026-08-18 04:53:39 [INFO] scanner -    ├─ Último alerta há 1518.2 minutos
2026-08-18 04:53:39 [INFO] scanner -    ├─ Tempo mínimo: 1800 minutos
2026-08-18 04:53:39 [INFO] scanner -    └─ Próximo permitido em: 281.8 minutos
2026-08-18 04:53:39 [WARNING] root - Bloco de componentes falhou: cannot unpack non-iterable int object
2026-08-18 04:53:39 [INFO] scanner - ✅ Validações OK [BTC/USDT]: Score=7.8, R:R=2.08
2026-08-18 04:53:39 [INFO] scanner - ⏸️  Throttle ativo [BTC/USDT]:
2026-08-18 04:53:39 [INFO] scanner -    ├─ Último alerta há 1518.2 minutos
2026-08-18 04:53:39 [INFO] scanner -    ├─ Tempo mínimo: 1800 minutos
2026-08-18 04:53:39 [INFO] scanner -    └─ Próximo permitido em: 281.8 minutos
2026-08-18 05:25:05 [INFO] scanner - ============================================================
2026-08-18 05:25:05 [INFO] scanner - 🚀 SCANNER INICIADO
2026-08-18 05:25:05 [INFO] scanner - 📅 Data/Hora: 18/08/2026 05:25:05
2026-08-18 05:25:05 [INFO] scanner - 📂 Log: logs/scanner_2026-08-18.log
2026-08-18 05:25:05 [INFO] scanner - ============================================================
2026-08-18 05:25:05 [INFO] scanner - 📝 PAPER MODE ATIVO - Apenas registro e análise
2026-08-18 05:25:08 [WARNING] root - Bloco de componentes falhou: cannot unpack non-iterable int object
2026-08-18 05:25:08 [INFO] scanner - ✅ Validações OK [BTC/USDT]: Score=7.3, R:R=2.08
2026-08-18 05:25:08 [INFO] scanner - ⏸️  Throttle ativo [BTC/USDT]:
2026-08-18 05:25:08 [INFO] scanner -    ├─ Último alerta há 1549.7 minutos
2026-08-18 05:25:08 [INFO] scanner -    ├─ Tempo mínimo: 1800 minutos
2026-08-18 05:25:08 [INFO] scanner -    └─ Próximo permitido em: 250.3 minutos
2026-08-18 06:01:10 [INFO] scanner - ============================================================
2026-08-18 06:01:10 [INFO] scanner - 🚀 SCANNER INICIADO
2026-08-18 06:01:10 [INFO] scanner - 📅 Data/Hora: 18/08/2026 06:01:10
2026-08-18 06:01:10 [INFO] scanner - 📂 Log: logs/scanner_2026-08-18.log
2026-08-18 06:01:10 [INFO] scanner - ============================================================
2026-08-18 06:01:10 [INFO] scanner - 📝 PAPER MODE ATIVO - Apenas registro e análise
2026-08-18 06:01:14 [WARNING] root - Bloco de componentes falhou: cannot unpack non-iterable int object
2026-08-18 06:01:14 [INFO] scanner - ✅ Validações OK [BTC/USDT]: Score=7.3, R:R=2.08
2026-08-18 06:01:14 [INFO] scanner - ⏸️  Throttle ativo [BTC/USDT]:
2026-08-18 06:01:14 [INFO] scanner -    ├─ Último alerta há 1585.8 minutos
2026-08-18 06:01:14 [INFO] scanner -    ├─ Tempo mínimo: 1800 minutos
2026-08-18 06:01:14 [INFO] scanner -    └─ Próximo permitido em: 214.2 minutos
2026-08-18 06:46:44 [INFO] scanner - ============================================================
2026-08-18 06:46:44 [INFO] scanner - 🚀 SCANNER INICIADO
2026-08-18 06:46:44 [INFO] scanner - 📅 Data/Hora: 18/08/2026 06:46:44
2026-08-18 06:46:44 [INFO] scanner - 📂 Log: logs/scanner_2026-08-18.log
2026-08-18 06:46:44 [INFO] scanner - ============================================================
2026-08-18 06:46:44 [INFO] scanner - 📝 PAPER MODE ATIVO - Apenas registro e análise
2026-08-18 06:46:47 [WARNING] root - Bloco de componentes falhou: cannot unpack non-iterable int object
2026-08-18 06:46:47 [INFO] scanner - ✅ Validações OK [BTC/USDT]: Score=7.3, R:R=2.08
2026-08-18 06:46:47 [INFO] scanner - ⏸️  Throttle ativo [BTC/USDT]:
2026-08-18 06:46:47 [INFO] scanner -    ├─ Último alerta há 1631.3 minutos
2026-08-18 06:46:47 [INFO] scanner -    ├─ Tempo mínimo: 1800 minutos
2026-08-18 06:46:47 [INFO] scanner -    └─ Próximo permitido em: 168.7 minutos
2026-08-18 07:18:39 [INFO] scanner - ============================================================
2026-08-18 07:18:39 [INFO] scanner - 🚀 SCANNER INICIADO
2026-08-18 07:18:39 [INFO] scanner - 📅 Data/Hora: 18/08/2026 07:18:39
2026-08-18 07:18:39 [INFO] scanner - 📂 Log: logs/scanner_2026-08-18.log
2026-08-18 07:18:39 [INFO] scanner - ============================================================
2026-08-18 07:18:39 [INFO] scanner - 📝 PAPER MODE ATIVO - Apenas registro e análise
2026-08-18 07:18:42 [WARNING] root - Bloco de componentes falhou: cannot unpack non-iterable int object
2026-08-18 07:18:42 [INFO] scanner - ✅ Validações OK [BTC/USDT]: Score=7.3, R:R=2.08
2026-08-18 07:18:42 [INFO] scanner - ⏸️  Throttle ativo [BTC/USDT]:
2026-08-18 07:18:42 [INFO] scanner -    ├─ Último alerta há 1663.3 minutos
2026-08-18 07:18:42 [INFO] scanner -    ├─ Tempo mínimo: 1800 minutos
2026-08-18 07:18:42 [INFO] scanner -    └─ Próximo permitido em: 136.7 minutos
2026-08-18 07:53:14 [INFO] scanner - ============================================================
2026-08-18 07:53:14 [INFO] scanner - 🚀 SCANNER INICIADO
2026-08-18 07:53:14 [INFO] scanner - 📅 Data/Hora: 18/08/2026 07:53:14
2026-08-18 07:53:14 [INFO] scanner - 📂 Log: logs/scanner_2026-08-18.log
2026-08-18 07:53:14 [INFO] scanner - ============================================================
2026-08-18 07:53:14 [INFO] scanner - 📝 PAPER MODE ATIVO - Apenas registro e análise
2026-08-18 07:53:17 [WARNING] root - Bloco de componentes falhou: cannot unpack non-iterable int object
2026-08-18 07:53:17 [INFO] scanner - ✅ Validações OK [BTC/USDT]: Score=7.8, R:R=2.08
2026-08-18 07:53:17 [INFO] scanner - ⏸️  Throttle ativo [BTC/USDT]:
2026-08-18 07:53:17 [INFO] scanner -    ├─ Último alerta há 1697.9 minutos
2026-08-18 07:53:17 [INFO] scanner -    ├─ Tempo mínimo: 1800 minutos
2026-08-18 07:53:17 [INFO] scanner -    └─ Próximo permitido em: 102.1 minutos
2026-08-18 07:53:17 [WARNING] root - Bloco de componentes falhou: cannot unpack non-iterable int object
2026-08-18 07:53:17 [INFO] scanner - ✅ Validações OK [BTC/USDT]: Score=7.8, R:R=2.08
2026-08-18 07:53:17 [INFO] scanner - ⏸️  Throttle ativo [BTC/USDT]:
2026-08-18 07:53:17 [INFO] scanner -    ├─ Último alerta há 1697.9 minutos
2026-08-18 07:53:17 [INFO] scanner -    ├─ Tempo mínimo: 1800 minutos
2026-08-18 07:53:17 [INFO] scanner -    └─ Próximo permitido em: 102.1 minutos
2026-08-18 08:17:00 [INFO] scanner - ============================================================
2026-08-18 08:17:00 [INFO] scanner - 🚀 SCANNER INICIADO
2026-08-18 08:17:00 [INFO] scanner - 📅 Data/Hora: 18/08/2026 08:17:00
2026-08-18 08:17:00 [INFO] scanner - 📂 Log: logs/scanner_2026-08-18.log
2026-08-18 08:17:00 [INFO] scanner - ============================================================
2026-08-18 08:17:00 [INFO] scanner - 📝 PAPER MODE ATIVO - Apenas registro e análise
2026-08-18 08:17:03 [WARNING] root - Bloco de componentes falhou: cannot unpack non-iterable int object
2026-08-18 08:17:03 [INFO] scanner - ✅ Validações OK [BTC/USDT]: Score=7.3, R:R=2.08
2026-08-18 08:17:03 [INFO] scanner - ⏸️  Throttle ativo [BTC/USDT]:
2026-08-18 08:17:03 [INFO] scanner -    ├─ Último alerta há 1721.6 minutos
2026-08-18 08:17:03 [INFO] scanner -    ├─ Tempo mínimo: 1800 minutos
2026-08-18 08:17:03 [INFO] scanner -    └─ Próximo permitido em: 78.4 minutos
2026-08-18 08:17:04 [WARNING] root - Bloco de componentes falhou: cannot unpack non-iterable int object
2026-08-18 08:17:04 [INFO] scanner - ✅ Validações OK [BTC/USDT]: Score=7.3, R:R=2.08
2026-08-18 08:17:04 [INFO] scanner - ⏸️  Throttle ativo [BTC/USDT]:
2026-08-18 08:17:04 [INFO] scanner -    ├─ Último alerta há 1721.6 minutos
2026-08-18 08:17:04 [INFO] scanner -    ├─ Tempo mínimo: 1800 minutos
2026-08-18 08:17:04 [INFO] scanner -    └─ Próximo permitido em: 78.4 minutos
2026-08-18 08:47:38 [INFO] scanner - ============================================================
2026-08-18 08:47:38 [INFO] scanner - 🚀 SCANNER INICIADO
2026-08-18 08:47:38 [INFO] scanner - 📅 Data/Hora: 18/08/2026 08:47:38
2026-08-18 08:47:38 [INFO] scanner - 📂 Log: logs/scanner_2026-08-18.log
2026-08-18 08:47:38 [INFO] scanner - ============================================================
2026-08-18 08:47:38 [INFO] scanner - 📝 PAPER MODE ATIVO - Apenas registro e análise
2026-08-18 08:47:41 [WARNING] root - Bloco de componentes falhou: cannot unpack non-iterable int object
2026-08-18 08:47:41 [INFO] scanner - ✅ Validações OK [BTC/USDT]: Score=7.3, R:R=2.08
2026-08-18 08:47:41 [INFO] scanner - ⏸️  Throttle ativo [BTC/USDT]:
2026-08-18 08:47:41 [INFO] scanner -    ├─ Último alerta há 1752.3 minutos
2026-08-18 08:47:41 [INFO] scanner -    ├─ Tempo mínimo: 1800 minutos
2026-08-18 08:47:41 [INFO] scanner -    └─ Próximo permitido em: 47.7 minutos
2026-08-18 08:47:41 [WARNING] root - Bloco de componentes falhou: cannot unpack non-iterable int object
2026-08-18 08:47:41 [INFO] scanner - ✅ Validações OK [BTC/USDT]: Score=7.3, R:R=2.08
2026-08-18 08:47:41 [INFO] scanner - ⏸️  Throttle ativo [BTC/USDT]:
2026-08-18 08:47:41 [INFO] scanner -    ├─ Último alerta há 1752.3 minutos
2026-08-18 08:47:41 [INFO] scanner -    ├─ Tempo mínimo: 1800 minutos
2026-08-18 08:47:41 [INFO] scanner -    └─ Próximo permitido em: 47.7 minutos
2026-08-18 09:26:51 [INFO] scanner - ============================================================
2026-08-18 09:26:51 [INFO] scanner - 🚀 SCANNER INICIADO
2026-08-18 09:26:51 [INFO] scanner - 📅 Data/Hora: 18/08/2026 09:26:51
2026-08-18 09:26:51 [INFO] scanner - 📂 Log: logs/scanner_2026-08-18.log
2026-08-18 09:26:51 [INFO] scanner - ============================================================
2026-08-18 09:26:51 [INFO] scanner - 📝 PAPER MODE ATIVO - Apenas registro e análise
2026-08-18 09:26:55 [WARNING] root - Bloco de componentes falhou: cannot unpack non-iterable int object
2026-08-18 09:26:55 [INFO] scanner - ✅ Validações OK [BTC/USDT]: Score=7.3, R:R=2.08
2026-08-18 09:26:55 [INFO] scanner - ⏸️  Throttle ativo [BTC/USDT]:
2026-08-18 09:26:55 [INFO] scanner -    ├─ Último alerta há 1791.5 minutos
2026-08-18 09:26:55 [INFO] scanner -    ├─ Tempo mínimo: 1800 minutos
2026-08-18 09:26:55 [INFO] scanner -    └─ Próximo permitido em: 8.5 minutos
2026-08-18 09:26:55 [WARNING] root - Bloco de componentes falhou: cannot unpack non-iterable int object
2026-08-18 09:26:55 [INFO] scanner - ✅ Validações OK [BTC/USDT]: Score=7.3, R:R=2.08
2026-08-18 09:26:55 [INFO] scanner - ⏸️  Throttle ativo [BTC/USDT]:
2026-08-18 09:26:55 [INFO] scanner -    ├─ Último alerta há 1791.5 minutos
2026-08-18 09:26:55 [INFO] scanner -    ├─ Tempo mínimo: 1800 minutos
2026-08-18 09:26:55 [INFO] scanner -    └─ Próximo permitido em: 8.5 minutos
2026-08-18 10:22:49 [INFO] scanner - ============================================================
2026-08-18 10:22:49 [INFO] scanner - 🚀 SCANNER INICIADO
2026-08-18 10:22:49 [INFO] scanner - 📅 Data/Hora: 18/08/2026 10:22:49
2026-08-18 10:22:49 [INFO] scanner - 📂 Log: logs/scanner_2026-08-18.log
2026-08-18 10:22:49 [INFO] scanner - ============================================================
2026-08-18 10:22:49 [INFO] scanner - 📝 PAPER MODE ATIVO - Apenas registro e análise
2026-08-18 10:22:52 [WARNING] root - Bloco de componentes falhou: cannot unpack non-iterable int object
2026-08-18 10:22:52 [INFO] scanner - ✅ Validações OK [BTC/USDT]: Score=7.3, R:R=2.08
2026-08-18 10:22:52 [INFO] scanner - ✅ Throttle OK [BTC/USDT]: Pode enviar
2026-08-18 10:22:53 [INFO] scanner - 📝 Sinal no ledger: 20260818_102253_305694 - BTC/USDT
2026-08-18 10:22:53 [INFO] scanner - 📨 Alerta enviado | ID Ledger: 20260818_102253_305694
2026-08-18 11:03:13 [INFO] scanner - ============================================================
2026-08-18 11:03:13 [INFO] scanner - 🚀 SCANNER INICIADO
2026-08-18 11:03:13 [INFO] scanner - 📅 Data/Hora: 18/08/2026 11:03:13
2026-08-18 11:03:13 [INFO] scanner - 📂 Log: logs/scanner_2026-08-18.log
2026-08-18 11:03:13 [INFO] scanner - ============================================================
2026-08-18 11:03:13 [INFO] scanner - 📝 PAPER MODE ATIVO - Apenas registro e análise
2026-08-18 11:03:16 [WARNING] root - Bloco de componentes falhou: cannot unpack non-iterable int object
2026-08-18 11:03:16 [INFO] scanner - ✅ Validações OK [BTC/USDT]: Score=7.3, R:R=2.08
2026-08-18 11:03:16 [INFO] scanner - ⏸️  Throttle ativo [BTC/USDT]:
2026-08-18 11:03:16 [INFO] scanner -    ├─ Último alerta há 40.4 minutos
2026-08-18 11:03:16 [INFO] scanner -    ├─ Tempo mínimo: 1800 minutos
2026-08-18 11:03:16 [INFO] scanner -    └─ Próximo permitido em: 1759.6 minutos
2026-08-18 11:03:16 [WARNING] root - Bloco de componentes falhou: cannot unpack non-iterable int object
2026-08-18 11:03:16 [INFO] scanner - ✅ Validações OK [BTC/USDT]: Score=7.3, R:R=2.08
2026-08-18 11:03:16 [INFO] scanner - ⏸️  Throttle ativo [BTC/USDT]:
2026-08-18 11:03:16 [INFO] scanner -    ├─ Último alerta há 40.4 minutos
2026-08-18 11:03:16 [INFO] scanner -    ├─ Tempo mínimo: 1800 minutos
2026-08-18 11:03:16 [INFO] scanner -    └─ Próximo permitido em: 1759.6 minutos
2026-08-18 11:49:54 [INFO] scanner - ============================================================
2026-08-18 11:49:54 [INFO] scanner - 🚀 SCANNER INICIADO
2026-08-18 11:49:54 [INFO] scanner - 📅 Data/Hora: 18/08/2026 11:49:54
2026-08-18 11:49:54 [INFO] scanner - 📂 Log: logs/scanner_2026-08-18.log
2026-08-18 11:49:54 [INFO] scanner - ============================================================
2026-08-18 11:49:54 [INFO] scanner - 📝 PAPER MODE ATIVO - Apenas registro e análise
2026-08-18 11:49:57 [WARNING] root - Bloco de componentes falhou: cannot unpack non-iterable int object
2026-08-18 11:49:57 [INFO] scanner - ✅ Validações OK [BTC/USDT]: Score=7.8, R:R=2.08
2026-08-18 11:49:57 [INFO] scanner - ⏸️  Throttle ativo [BTC/USDT]:
2026-08-18 11:49:57 [INFO] scanner -    ├─ Último alerta há 87.1 minutos
2026-08-18 11:49:57 [INFO] scanner -    ├─ Tempo mínimo: 1800 minutos
2026-08-18 11:49:57 [INFO] scanner -    └─ Próximo permitido em: 1712.9 minutos
2026-08-18 11:49:57 [WARNING] root - Bloco de componentes falhou: cannot unpack non-iterable int object
2026-08-18 11:49:57 [INFO] scanner - ✅ Validações OK [BTC/USDT]: Score=7.8, R:R=2.08
2026-08-18 11:49:57 [INFO] scanner - ⏸️  Throttle ativo [BTC/USDT]:
2026-08-18 11:49:57 [INFO] scanner -    ├─ Último alerta há 87.1 minutos
2026-08-18 11:49:57 [INFO] scanner -    ├─ Tempo mínimo: 1800 minutos
2026-08-18 11:49:57 [INFO] scanner -    └─ Próximo permitido em: 1712.9 minutos
2026-08-18 11:49:58 [WARNING] root - Bloco de componentes falhou: cannot unpack non-iterable int object
2026-08-18 11:49:58 [INFO] scanner - ✅ Validações OK [BTC/USDT]: Score=7.8, R:R=2.08
2026-08-18 11:49:58 [INFO] scanner - ⏸️  Throttle ativo [BTC/USDT]:
2026-08-18 11:49:58 [INFO] scanner -    ├─ Último alerta há 87.1 minutos
2026-08-18 11:49:58 [INFO] scanner -    ├─ Tempo mínimo: 1800 minutos
2026-08-18 11:49:58 [INFO] scanner -    └─ Próximo permitido em: 1712.9 minutos
2026-08-18 11:49:59 [WARNING] root - Bloco de componentes falhou: cannot unpack non-iterable int object
2026-08-18 11:49:59 [INFO] scanner - ✅ Validações OK [ETH/USDT]: Score=10.0, R:R=2.00
2026-08-18 11:49:59 [INFO] scanner - ⏸️  Throttle ativo [ETH/USDT]:
2026-08-18 11:49:59 [INFO] scanner -    ├─ Último alerta há 1052.6 minutos
2026-08-18 11:49:59 [INFO] scanner -    ├─ Tempo mínimo: 1800 minutos
2026-08-18 11:49:59 [INFO] scanner -    └─ Próximo permitido em: 747.4 minutos
2026-08-18 11:49:59 [WARNING] root - Bloco de componentes falhou: cannot unpack non-iterable int object
2026-08-18 11:49:59 [INFO] scanner - ✅ Validações OK [ETH/USDT]: Score=7.8, R:R=2.00
2026-08-18 11:49:59 [INFO] scanner - ⏸️  Throttle ativo [ETH/USDT]:
2026-08-18 11:49:59 [INFO] scanner -    ├─ Último alerta há 1052.6 minutos
2026-08-18 11:49:59 [INFO] scanner -    ├─ Tempo mínimo: 1800 minutos
2026-08-18 11:49:59 [INFO] scanner -    └─ Próximo permitido em: 747.4 minutos
2026-08-18 11:49:59 [WARNING] root - Bloco de componentes falhou: cannot unpack non-iterable int object
2026-08-18 11:49:59 [INFO] scanner - ✅ Validações OK [ETH/USDT]: Score=7.8, R:R=2.00
2026-08-18 11:49:59 [INFO] scanner - ⏸️  Throttle ativo [ETH/USDT]:
2026-08-18 11:49:59 [INFO] scanner -    ├─ Último alerta há 1052.6 minutos
2026-08-18 11:49:59 [INFO] scanner -    ├─ Tempo mínimo: 1800 minutos
2026-08-18 11:49:59 [INFO] scanner -    └─ Próximo permitido em: 747.4 minutos
2026-08-18 11:50:00 [WARNING] root - Bloco de componentes falhou: cannot unpack non-iterable int object
2026-08-18 11:50:00 [INFO] scanner - ✅ Validações OK [ETH/USDT]: Score=7.8, R:R=2.00
2026-08-18 11:50:00 [INFO] scanner - ⏸️  Throttle ativo [ETH/USDT]:
2026-08-18 11:50:00 [INFO] scanner -    ├─ Último alerta há 1052.6 minutos
2026-08-18 11:50:00 [INFO] scanner -    ├─ Tempo mínimo: 1800 minutos
2026-08-18 11:50:00 [INFO] scanner -    └─ Próximo permitido em: 747.4 minutos
2026-08-18 12:22:22 [INFO] scanner - ============================================================
2026-08-18 12:22:22 [INFO] scanner - 🚀 SCANNER INICIADO
2026-08-18 12:22:22 [INFO] scanner - 📅 Data/Hora: 18/08/2026 12:22:22
2026-08-18 12:22:22 [INFO] scanner - 📂 Log: logs/scanner_2026-08-18.log
2026-08-18 12:22:22 [INFO] scanner - ============================================================
2026-08-18 12:22:22 [INFO] scanner - 📝 PAPER MODE ATIVO - Apenas registro e análise
2026-08-18 12:22:26 [WARNING] root - Bloco de componentes falhou: cannot unpack non-iterable int object
2026-08-18 12:22:26 [INFO] scanner - ✅ Validações OK [BTC/USDT]: Score=7.8, R:R=2.08
2026-08-18 12:22:26 [INFO] scanner - ⏸️  Throttle ativo [BTC/USDT]:
2026-08-18 12:22:26 [INFO] scanner -    ├─ Último alerta há 119.6 minutos
2026-08-18 12:22:26 [INFO] scanner -    ├─ Tempo mínimo: 1800 minutos
2026-08-18 12:22:26 [INFO] scanner -    └─ Próximo permitido em: 1680.4 minutos
2026-08-18 12:22:26 [WARNING] root - Bloco de componentes falhou: cannot unpack non-iterable int object
2026-08-18 12:22:26 [INFO] scanner - ✅ Validações OK [BTC/USDT]: Score=7.8, R:R=2.08
2026-08-18 12:22:26 [INFO] scanner - ⏸️  Throttle ativo [BTC/USDT]:
2026-08-18 12:22:26 [INFO] scanner -    ├─ Último alerta há 119.6 minutos
2026-08-18 12:22:26 [INFO] scanner -    ├─ Tempo mínimo: 1800 minutos
2026-08-18 12:22:26 [INFO] scanner -    └─ Próximo permitido em: 1680.4 minutos
2026-08-18 12:22:28 [WARNING] root - Bloco de componentes falhou: cannot unpack non-iterable int object
2026-08-18 12:22:28 [INFO] scanner - ✅ Validações OK [ETH/USDT]: Score=10.0, R:R=2.00
2026-08-18 12:22:28 [INFO] scanner - ⏸️  Throttle ativo [ETH/USDT]:
2026-08-18 12:22:28 [INFO] scanner -    ├─ Último alerta há 1085.1 minutos
2026-08-18 12:22:28 [INFO] scanner -    ├─ Tempo mínimo: 1800 minutos
2026-08-18 12:22:28 [INFO] scanner -    └─ Próximo permitido em: 714.9 minutos
2026-08-18 12:22:29 [WARNING] root - Bloco de componentes falhou: cannot unpack non-iterable int object
2026-08-18 12:22:29 [INFO] scanner - ✅ Validações OK [ETH/USDT]: Score=7.3, R:R=2.00
2026-08-18 12:22:29 [INFO] scanner - ⏸️  Throttle ativo [ETH/USDT]:
2026-08-18 12:22:29 [INFO] scanner -    ├─ Último alerta há 1085.1 minutos
2026-08-18 12:22:29 [INFO] scanner -    ├─ Tempo mínimo: 1800 minutos
2026-08-18 12:22:29 [INFO] scanner -    └─ Próximo permitido em: 714.9 minutos
2026-08-18 12:22:29 [WARNING] root - Bloco de componentes falhou: cannot unpack non-iterable int object
2026-08-18 12:22:29 [INFO] scanner - ✅ Validações OK [ETH/USDT]: Score=7.3, R:R=2.00
2026-08-18 12:22:29 [INFO] scanner - ⏸️  Throttle ativo [ETH/USDT]:
2026-08-18 12:22:29 [INFO] scanner -    ├─ Último alerta há 1085.1 minutos
2026-08-18 12:22:29 [INFO] scanner -    ├─ Tempo mínimo: 1800 minutos
2026-08-18 12:22:29 [INFO] scanner -    └─ Próximo permitido em: 714.9 minutos
2026-08-18 12:54:17 [INFO] scanner - ============================================================
2026-08-18 12:54:17 [INFO] scanner - 🚀 SCANNER INICIADO
2026-08-18 12:54:17 [INFO] scanner - 📅 Data/Hora: 18/08/2026 12:54:17
2026-08-18 12:54:17 [INFO] scanner - 📂 Log: logs/scanner_2026-08-18.log
2026-08-18 12:54:17 [INFO] scanner - ============================================================
2026-08-18 12:54:17 [INFO] scanner - 📝 PAPER MODE ATIVO - Apenas registro e análise
2026-08-18 12:54:21 [WARNING] root - Bloco de componentes falhou: cannot unpack non-iterable int object
2026-08-18 12:54:21 [INFO] scanner - ✅ Validações OK [BTC/USDT]: Score=7.8, R:R=2.08
2026-08-18 12:54:21 [INFO] scanner - ⏸️  Throttle ativo [BTC/USDT]:
2026-08-18 12:54:21 [INFO] scanner -    ├─ Último alerta há 151.5 minutos
2026-08-18 12:54:21 [INFO] scanner -    ├─ Tempo mínimo: 1800 minutos
2026-08-18 12:54:21 [INFO] scanner -    └─ Próximo permitido em: 1648.5 minutos
2026-08-18 12:54:21 [WARNING] root - Bloco de componentes falhou: cannot unpack non-iterable int object
2026-08-18 12:54:21 [INFO] scanner - ✅ Validações OK [BTC/USDT]: Score=7.8, R:R=2.08
2026-08-18 12:54:21 [INFO] scanner - ⏸️  Throttle ativo [BTC/USDT]:
2026-08-18 12:54:21 [INFO] scanner -    ├─ Último alerta há 151.5 minutos
2026-08-18 12:54:21 [INFO] scanner -    ├─ Tempo mínimo: 1800 minutos
2026-08-18 12:54:21 [INFO] scanner -    └─ Próximo permitido em: 1648.5 minutos
2026-08-18 12:54:23 [WARNING] root - Bloco de componentes falhou: cannot unpack non-iterable int object
2026-08-18 12:54:23 [INFO] scanner - ✅ Validações OK [ETH/USDT]: Score=10.0, R:R=2.00
2026-08-18 12:54:23 [INFO] scanner - ⏸️  Throttle ativo [ETH/USDT]:
2026-08-18 12:54:23 [INFO] scanner -    ├─ Último alerta há 1117.0 minutos
2026-08-18 12:54:23 [INFO] scanner -    ├─ Tempo mínimo: 1800 minutos
2026-08-18 12:54:23 [INFO] scanner -    └─ Próximo permitido em: 683.0 minutos
2026-08-18 12:54:23 [WARNING] root - Bloco de componentes falhou: cannot unpack non-iterable int object
2026-08-18 12:54:23 [INFO] scanner - ✅ Validações OK [ETH/USDT]: Score=7.8, R:R=2.00
2026-08-18 12:54:23 [INFO] scanner - ⏸️  Throttle ativo [ETH/USDT]:
2026-08-18 12:54:23 [INFO] scanner -    ├─ Último alerta há 1117.0 minutos
2026-08-18 12:54:23 [INFO] scanner -    ├─ Tempo mínimo: 1800 minutos
2026-08-18 12:54:23 [INFO] scanner -    └─ Próximo permitido em: 683.0 minutos
2026-08-18 12:54:23 [WARNING] root - Bloco de componentes falhou: cannot unpack non-iterable int object
2026-08-18 12:54:23 [INFO] scanner - ✅ Validações OK [ETH/USDT]: Score=7.8, R:R=2.00
2026-08-18 12:54:23 [INFO] scanner - ⏸️  Throttle ativo [ETH/USDT]:
2026-08-18 12:54:23 [INFO] scanner -    ├─ Último alerta há 1117.0 minutos
2026-08-18 12:54:23 [INFO] scanner -    ├─ Tempo mínimo: 1800 minutos
2026-08-18 12:54:23 [INFO] scanner -    └─ Próximo permitido em: 683.0 minutos
2026-08-18 13:20:29 [INFO] scanner - ============================================================
2026-08-18 13:20:29 [INFO] scanner - 🚀 SCANNER INICIADO
2026-08-18 13:20:29 [INFO] scanner - 📅 Data/Hora: 18/08/2026 13:20:29
2026-08-18 13:20:29 [INFO] scanner - 📂 Log: logs/scanner_2026-08-18.log
2026-08-18 13:20:29 [INFO] scanner - ============================================================
2026-08-18 13:20:29 [INFO] scanner - 📝 PAPER MODE ATIVO - Apenas registro e análise
2026-08-18 13:20:32 [WARNING] root - Bloco de componentes falhou: cannot unpack non-iterable int object
2026-08-18 13:20:32 [INFO] scanner - ✅ Validações OK [BTC/USDT]: Score=7.8, R:R=2.08
2026-08-18 13:20:32 [INFO] scanner - ⏸️  Throttle ativo [BTC/USDT]:
2026-08-18 13:20:32 [INFO] scanner -    ├─ Último alerta há 177.7 minutos
2026-08-18 13:20:32 [INFO] scanner -    ├─ Tempo mínimo: 1800 minutos
2026-08-18 13:20:32 [INFO] scanner -    └─ Próximo permitido em: 1622.3 minutos
2026-08-18 13:20:32 [WARNING] root - Bloco de componentes falhou: cannot unpack non-iterable int object
2026-08-18 13:20:32 [INFO] scanner - ✅ Validações OK [BTC/USDT]: Score=7.8, R:R=2.08
2026-08-18 13:20:32 [INFO] scanner - ⏸️  Throttle ativo [BTC/USDT]:
2026-08-18 13:20:32 [INFO] scanner -    ├─ Último alerta há 177.7 minutos
2026-08-18 13:20:32 [INFO] scanner -    ├─ Tempo mínimo: 1800 minutos
2026-08-18 13:20:32 [INFO] scanner -    └─ Próximo permitido em: 1622.3 minutos
2026-08-18 13:20:34 [WARNING] root - Bloco de componentes falhou: cannot unpack non-iterable int object
2026-08-18 13:20:34 [INFO] scanner - ✅ Validações OK [ETH/USDT]: Score=7.3, R:R=2.00
2026-08-18 13:20:34 [INFO] scanner - ⏸️  Throttle ativo [ETH/USDT]:
2026-08-18 13:20:34 [INFO] scanner -    ├─ Último alerta há 1143.2 minutos
2026-08-18 13:20:34 [INFO] scanner -    ├─ Tempo mínimo: 1800 minutos
2026-08-18 13:20:34 [INFO] scanner -    └─ Próximo permitido em: 656.8 minutos
2026-08-18 13:20:35 [WARNING] root - Bloco de componentes falhou: cannot unpack non-iterable int object
2026-08-18 13:20:35 [INFO] scanner - ✅ Validações OK [ETH/USDT]: Score=7.3, R:R=2.00
2026-08-18 13:20:35 [INFO] scanner - ⏸️  Throttle ativo [ETH/USDT]:
2026-08-18 13:20:35 [INFO] scanner -    ├─ Último alerta há 1143.2 minutos
2026-08-18 13:20:35 [INFO] scanner -    ├─ Tempo mínimo: 1800 minutos
2026-08-18 13:20:35 [INFO] scanner -    └─ Próximo permitido em: 656.8 minutos
2026-08-18 13:55:22 [INFO] scanner - ============================================================
2026-08-18 13:55:22 [INFO] scanner - 🚀 SCANNER INICIADO
2026-08-18 13:55:22 [INFO] scanner - 📅 Data/Hora: 18/08/2026 13:55:22
2026-08-18 13:55:22 [INFO] scanner - 📂 Log: logs/scanner_2026-08-18.log
2026-08-18 13:55:22 [INFO] scanner - ============================================================
2026-08-18 13:55:22 [INFO] scanner - 📝 PAPER MODE ATIVO - Apenas registro e análise
2026-08-18 13:55:26 [WARNING] root - Bloco de componentes falhou: cannot unpack non-iterable int object
2026-08-18 13:55:26 [INFO] scanner - ✅ Validações OK [BTC/USDT]: Score=7.8, R:R=2.08
2026-08-18 13:55:26 [INFO] scanner - ⏸️  Throttle ativo [BTC/USDT]:
2026-08-18 13:55:26 [INFO] scanner -    ├─ Último alerta há 212.6 minutos
2026-08-18 13:55:26 [INFO] scanner -    ├─ Tempo mínimo: 1800 minutos
2026-08-18 13:55:26 [INFO] scanner -    └─ Próximo permitido em: 1587.4 minutos
2026-08-18 13:55:26 [WARNING] root - Bloco de componentes falhou: cannot unpack non-iterable int object
2026-08-18 13:55:26 [INFO] scanner - ✅ Validações OK [BTC/USDT]: Score=7.8, R:R=2.08
2026-08-18 13:55:26 [INFO] scanner - ⏸️  Throttle ativo [BTC/USDT]:
2026-08-18 13:55:26 [INFO] scanner -    ├─ Último alerta há 212.6 minutos
2026-08-18 13:55:26 [INFO] scanner -    ├─ Tempo mínimo: 1800 minutos
2026-08-18 13:55:26 [INFO] scanner -    └─ Próximo permitido em: 1587.4 minutos
2026-08-18 13:55:28 [WARNING] root - Bloco de componentes falhou: cannot unpack non-iterable int object
2026-08-18 13:55:28 [INFO] scanner - ✅ Validações OK [ETH/USDT]: Score=7.3, R:R=2.00
2026-08-18 13:55:28 [INFO] scanner - ⏸️  Throttle ativo [ETH/USDT]:
2026-08-18 13:55:28 [INFO] scanner -    ├─ Último alerta há 1178.1 minutos
2026-08-18 13:55:28 [INFO] scanner -    ├─ Tempo mínimo: 1800 minutos
2026-08-18 13:55:28 [INFO] scanner -    └─ Próximo permitido em: 621.9 minutos
2026-08-18 13:55:28 [WARNING] root - Bloco de componentes falhou: cannot unpack non-iterable int object
2026-08-18 13:55:28 [INFO] scanner - ✅ Validações OK [ETH/USDT]: Score=7.3, R:R=2.00
2026-08-18 13:55:28 [INFO] scanner - ⏸️  Throttle ativo [ETH/USDT]:
2026-08-18 13:55:28 [INFO] scanner -    ├─ Último alerta há 1178.1 minutos
2026-08-18 13:55:28 [INFO] scanner -    ├─ Tempo mínimo: 1800 minutos
2026-08-18 13:55:28 [INFO] scanner -    └─ Próximo permitido em: 621.9 minutos
2026-08-18 14:19:07 [INFO] scanner - ============================================================
2026-08-18 14:19:07 [INFO] scanner - 🚀 SCANNER INICIADO
2026-08-18 14:19:07 [INFO] scanner - 📅 Data/Hora: 18/08/2026 14:19:07
2026-08-18 14:19:07 [INFO] scanner - 📂 Log: logs/scanner_2026-08-18.log
2026-08-18 14:19:07 [INFO] scanner - ============================================================
2026-08-18 14:19:07 [INFO] scanner - 📝 PAPER MODE ATIVO - Apenas registro e análise
2026-08-18 14:19:10 [WARNING] root - Bloco de componentes falhou: cannot unpack non-iterable int object
2026-08-18 14:19:10 [INFO] scanner - ✅ Validações OK [BTC/USDT]: Score=7.8, R:R=2.08
2026-08-18 14:19:10 [INFO] scanner - ⏸️  Throttle ativo [BTC/USDT]:
2026-08-18 14:19:10 [INFO] scanner -    ├─ Último alerta há 236.3 minutos
2026-08-18 14:19:10 [INFO] scanner -    ├─ Tempo mínimo: 1800 minutos
2026-08-18 14:19:10 [INFO] scanner -    └─ Próximo permitido em: 1563.7 minutos
2026-08-18 14:19:11 [WARNING] root - Bloco de componentes falhou: cannot unpack non-iterable int object
2026-08-18 14:19:11 [INFO] scanner - ✅ Validações OK [BTC/USDT]: Score=7.8, R:R=2.08
2026-08-18 14:19:11 [INFO] scanner - ⏸️  Throttle ativo [BTC/USDT]:
2026-08-18 14:19:11 [INFO] scanner -    ├─ Último alerta há 236.3 minutos
2026-08-18 14:19:11 [INFO] scanner -    ├─ Tempo mínimo: 1800 minutos
2026-08-18 14:19:11 [INFO] scanner -    └─ Próximo permitido em: 1563.7 minutos
2026-08-18 14:19:13 [WARNING] root - Bloco de componentes falhou: cannot unpack non-iterable int object
2026-08-18 14:19:13 [INFO] scanner - ✅ Validações OK [ETH/USDT]: Score=7.3, R:R=2.00
2026-08-18 14:19:13 [INFO] scanner - ⏸️  Throttle ativo [ETH/USDT]:
2026-08-18 14:19:13 [INFO] scanner -    ├─ Último alerta há 1201.9 minutos
2026-08-18 14:19:13 [INFO] scanner -    ├─ Tempo mínimo: 1800 minutos
2026-08-18 14:19:13 [INFO] scanner -    └─ Próximo permitido em: 598.1 minutos
2026-08-18 14:19:13 [WARNING] root - Bloco de componentes falhou: cannot unpack non-iterable int object
2026-08-18 14:19:13 [INFO] scanner - ✅ Validações OK [ETH/USDT]: Score=7.3, R:R=2.00
2026-08-18 14:19:13 [INFO] scanner - ⏸️  Throttle ativo [ETH/USDT]:
2026-08-18 14:19:13 [INFO] scanner -    ├─ Último alerta há 1201.9 minutos
2026-08-18 14:19:13 [INFO] scanner -    ├─ Tempo mínimo: 1800 minutos
2026-08-18 14:19:13 [INFO] scanner -    └─ Próximo permitido em: 598.1 minutos
2026-08-18 14:51:03 [INFO] scanner - ============================================================
2026-08-18 14:51:03 [INFO] scanner - 🚀 SCANNER INICIADO
2026-08-18 14:51:03 [INFO] scanner - 📅 Data/Hora: 18/08/2026 14:51:03
2026-08-18 14:51:03 [INFO] scanner - 📂 Log: logs/scanner_2026-08-18.log
2026-08-18 14:51:03 [INFO] scanner - ============================================================
2026-08-18 14:51:03 [INFO] scanner - 📝 PAPER MODE ATIVO - Apenas registro e análise
2026-08-18 14:51:06 [WARNING] root - Bloco de componentes falhou: cannot unpack non-iterable int object
2026-08-18 14:51:06 [INFO] scanner - ✅ Validações OK [BTC/USDT]: Score=7.8, R:R=2.08
2026-08-18 14:51:06 [INFO] scanner - ⏸️  Throttle ativo [BTC/USDT]:
2026-08-18 14:51:06 [INFO] scanner -    ├─ Último alerta há 268.2 minutos
2026-08-18 14:51:06 [INFO] scanner -    ├─ Tempo mínimo: 1800 minutos
2026-08-18 14:51:06 [INFO] scanner -    └─ Próximo permitido em: 1531.8 minutos
2026-08-18 14:51:06 [WARNING] root - Bloco de componentes falhou: cannot unpack non-iterable int object
2026-08-18 14:51:06 [INFO] scanner - ✅ Validações OK [BTC/USDT]: Score=7.8, R:R=2.08
2026-08-18 14:51:06 [INFO] scanner - ⏸️  Throttle ativo [BTC/USDT]:
2026-08-18 14:51:06 [INFO] scanner -    ├─ Último alerta há 268.2 minutos
2026-08-18 14:51:06 [INFO] scanner -    ├─ Tempo mínimo: 1800 minutos
2026-08-18 14:51:06 [INFO] scanner -    └─ Próximo permitido em: 1531.8 minutos
2026-08-18 14:51:08 [WARNING] root - Bloco de componentes falhou: cannot unpack non-iterable int object
2026-08-18 14:51:08 [INFO] scanner - ✅ Validações OK [ETH/USDT]: Score=7.3, R:R=2.00
2026-08-18 14:51:08 [INFO] scanner - ⏸️  Throttle ativo [ETH/USDT]:
2026-08-18 14:51:08 [INFO] scanner -    ├─ Último alerta há 1233.8 minutos
2026-08-18 14:51:08 [INFO] scanner -    ├─ Tempo mínimo: 1800 minutos
2026-08-18 14:51:08 [INFO] scanner -    └─ Próximo permitido em: 566.2 minutos
2026-08-18 14:51:08 [WARNING] root - Bloco de componentes falhou: cannot unpack non-iterable int object
2026-08-18 14:51:08 [INFO] scanner - ✅ Validações OK [ETH/USDT]: Score=7.3, R:R=2.00
2026-08-18 14:51:08 [INFO] scanner - ⏸️  Throttle ativo [ETH/USDT]:
2026-08-18 14:51:08 [INFO] scanner -    ├─ Último alerta há 1233.8 minutos
2026-08-18 14:51:08 [INFO] scanner -    ├─ Tempo mínimo: 1800 minutos
2026-08-18 14:51:08 [INFO] scanner -    └─ Próximo permitido em: 566.2 minutos
2026-08-18 15:23:58 [INFO] scanner - ============================================================
2026-08-18 15:23:58 [INFO] scanner - 🚀 SCANNER INICIADO
2026-08-18 15:23:58 [INFO] scanner - 📅 Data/Hora: 18/08/2026 15:23:58
2026-08-18 15:23:58 [INFO] scanner - 📂 Log: logs/scanner_2026-08-18.log
2026-08-18 15:23:58 [INFO] scanner - ============================================================
2026-08-18 15:23:58 [INFO] scanner - 📝 PAPER MODE ATIVO - Apenas registro e análise
2026-08-18 15:24:01 [WARNING] root - Bloco de componentes falhou: cannot unpack non-iterable int object
2026-08-18 15:24:01 [INFO] scanner - ✅ Validações OK [BTC/USDT]: Score=7.8, R:R=2.08
2026-08-18 15:24:01 [INFO] scanner - ⏸️  Throttle ativo [BTC/USDT]:
2026-08-18 15:24:01 [INFO] scanner -    ├─ Último alerta há 301.1 minutos
2026-08-18 15:24:01 [INFO] scanner -    ├─ Tempo mínimo: 1800 minutos
2026-08-18 15:24:01 [INFO] scanner -    └─ Próximo permitido em: 1498.9 minutos
2026-08-18 15:24:01 [WARNING] root - Bloco de componentes falhou: cannot unpack non-iterable int object
2026-08-18 15:24:01 [INFO] scanner - ✅ Validações OK [BTC/USDT]: Score=7.8, R:R=2.08
2026-08-18 15:24:01 [INFO] scanner - ⏸️  Throttle ativo [BTC/USDT]:
2026-08-18 15:24:01 [INFO] scanner -    ├─ Último alerta há 301.2 minutos
2026-08-18 15:24:01 [INFO] scanner -    ├─ Tempo mínimo: 1800 minutos
2026-08-18 15:24:01 [INFO] scanner -    └─ Próximo permitido em: 1498.8 minutos
2026-08-18 15:24:03 [WARNING] root - Bloco de componentes falhou: cannot unpack non-iterable int object
2026-08-18 15:24:03 [INFO] scanner - ✅ Validações OK [ETH/USDT]: Score=7.3, R:R=2.00
2026-08-18 15:24:03 [INFO] scanner - ⏸️  Throttle ativo [ETH/USDT]:
2026-08-18 15:24:03 [INFO] scanner -    ├─ Último alerta há 1266.7 minutos
2026-08-18 15:24:03 [INFO] scanner -    ├─ Tempo mínimo: 1800 minutos
2026-08-18 15:24:03 [INFO] scanner -    └─ Próximo permitido em: 533.3 minutos
2026-08-18 15:24:04 [WARNING] root - Bloco de componentes falhou: cannot unpack non-iterable int object
2026-08-18 15:24:04 [INFO] scanner - ✅ Validações OK [ETH/USDT]: Score=7.3, R:R=2.00
2026-08-18 15:24:04 [INFO] scanner - ⏸️  Throttle ativo [ETH/USDT]:
2026-08-18 15:24:04 [INFO] scanner -    ├─ Último alerta há 1266.7 minutos
2026-08-18 15:24:04 [INFO] scanner -    ├─ Tempo mínimo: 1800 minutos
2026-08-18 15:24:04 [INFO] scanner -    └─ Próximo permitido em: 533.3 minutos
2026-08-18 16:05:12 [INFO] scanner - ============================================================
2026-08-18 16:05:12 [INFO] scanner - 🚀 SCANNER INICIADO
2026-08-18 16:05:12 [INFO] scanner - 📅 Data/Hora: 18/08/2026 16:05:12
2026-08-18 16:05:12 [INFO] scanner - 📂 Log: logs/scanner_2026-08-18.log
2026-08-18 16:05:12 [INFO] scanner - ============================================================
2026-08-18 16:05:12 [INFO] scanner - 📝 PAPER MODE ATIVO - Apenas registro e análise
2026-08-18 16:05:15 [WARNING] root - Bloco de componentes falhou: cannot unpack non-iterable int object
2026-08-18 16:05:15 [INFO] scanner - ✅ Validações OK [BTC/USDT]: Score=7.8, R:R=2.08
2026-08-18 16:05:15 [INFO] scanner - ⏸️  Throttle ativo [BTC/USDT]:
2026-08-18 16:05:15 [INFO] scanner -    ├─ Último alerta há 342.4 minutos
2026-08-18 16:05:15 [INFO] scanner -    ├─ Tempo mínimo: 1800 minutos
2026-08-18 16:05:15 [INFO] scanner -    └─ Próximo permitido em: 1457.6 minutos
2026-08-18 16:05:15 [WARNING] root - Bloco de componentes falhou: cannot unpack non-iterable int object
2026-08-18 16:05:15 [INFO] scanner - ✅ Validações OK [BTC/USDT]: Score=7.8, R:R=2.08
2026-08-18 16:05:15 [INFO] scanner - ⏸️  Throttle ativo [BTC/USDT]:
2026-08-18 16:05:15 [INFO] scanner -    ├─ Último alerta há 342.4 minutos
2026-08-18 16:05:15 [INFO] scanner -    ├─ Tempo mínimo: 1800 minutos
2026-08-18 16:05:15 [INFO] scanner -    └─ Próximo permitido em: 1457.6 minutos
2026-08-18 16:05:17 [WARNING] root - Bloco de componentes falhou: cannot unpack non-iterable int object
2026-08-18 16:05:17 [INFO] scanner - ✅ Validações OK [ETH/USDT]: Score=7.3, R:R=2.00
2026-08-18 16:05:17 [INFO] scanner - ⏸️  Throttle ativo [ETH/USDT]:
2026-08-18 16:05:17 [INFO] scanner -    ├─ Último alerta há 1307.9 minutos
2026-08-18 16:05:17 [INFO] scanner -    ├─ Tempo mínimo: 1800 minutos
2026-08-18 16:05:17 [INFO] scanner -    └─ Próximo permitido em: 492.1 minutos
2026-08-18 16:05:17 [WARNING] root - Bloco de componentes falhou: cannot unpack non-iterable int object
2026-08-18 16:05:17 [INFO] scanner - ✅ Validações OK [ETH/USDT]: Score=7.3, R:R=2.00
2026-08-18 16:05:17 [INFO] scanner - ⏸️  Throttle ativo [ETH/USDT]:
2026-08-18 16:05:17 [INFO] scanner -    ├─ Último alerta há 1307.9 minutos
2026-08-18 16:05:17 [INFO] scanner -    ├─ Tempo mínimo: 1800 minutos
2026-08-18 16:05:17 [INFO] scanner -    └─ Próximo permitido em: 492.1 minutos
2026-08-18 16:37:43 [INFO] scanner - ============================================================
2026-08-18 16:37:43 [INFO] scanner - 🚀 SCANNER INICIADO
2026-08-18 16:37:43 [INFO] scanner - 📅 Data/Hora: 18/08/2026 16:37:43
2026-08-18 16:37:43 [INFO] scanner - 📂 Log: logs/scanner_2026-08-18.log
2026-08-18 16:37:43 [INFO] scanner - ============================================================
2026-08-18 16:37:43 [INFO] scanner - 📝 PAPER MODE ATIVO - Apenas registro e análise
2026-08-18 16:37:47 [WARNING] root - Bloco de componentes falhou: cannot unpack non-iterable int object
2026-08-18 16:37:47 [INFO] scanner - ✅ Validações OK [BTC/USDT]: Score=7.3, R:R=2.08
2026-08-18 16:37:47 [INFO] scanner - ⏸️  Throttle ativo [BTC/USDT]:
2026-08-18 16:37:47 [INFO] scanner -    ├─ Último alerta há 374.9 minutos
2026-08-18 16:37:47 [INFO] scanner -    ├─ Tempo mínimo: 1800 minutos
2026-08-18 16:37:47 [INFO] scanner -    └─ Próximo permitido em: 1425.1 minutos
2026-08-18 16:37:47 [WARNING] root - Bloco de componentes falhou: cannot unpack non-iterable int object
2026-08-18 16:37:47 [INFO] scanner - ✅ Validações OK [BTC/USDT]: Score=7.3, R:R=2.08
2026-08-18 16:37:47 [INFO] scanner - ⏸️  Throttle ativo [BTC/USDT]:
2026-08-18 16:37:47 [INFO] scanner -    ├─ Último alerta há 374.9 minutos
2026-08-18 16:37:47 [INFO] scanner -    ├─ Tempo mínimo: 1800 minutos
2026-08-18 16:37:47 [INFO] scanner -    └─ Próximo permitido em: 1425.1 minutos
2026-08-18 16:37:49 [WARNING] root - Bloco de componentes falhou: cannot unpack non-iterable int object
2026-08-18 16:37:49 [INFO] scanner - ✅ Validações OK [ETH/USDT]: Score=7.3, R:R=2.00
2026-08-18 16:37:49 [INFO] scanner - ⏸️  Throttle ativo [ETH/USDT]:
2026-08-18 16:37:49 [INFO] scanner -    ├─ Último alerta há 1340.5 minutos
2026-08-18 16:37:49 [INFO] scanner -    ├─ Tempo mínimo: 1800 minutos
2026-08-18 16:37:49 [INFO] scanner -    └─ Próximo permitido em: 459.5 minutos
2026-08-18 16:37:50 [WARNING] root - Bloco de componentes falhou: cannot unpack non-iterable int object
2026-08-18 16:37:50 [INFO] scanner - ✅ Validações OK [ETH/USDT]: Score=7.3, R:R=2.00
2026-08-18 16:37:50 [INFO] scanner - ⏸️  Throttle ativo [ETH/USDT]:
2026-08-18 16:37:50 [INFO] scanner -    ├─ Último alerta há 1340.5 minutos
2026-08-18 16:37:50 [INFO] scanner -    ├─ Tempo mínimo: 1800 minutos
2026-08-18 16:37:50 [INFO] scanner -    └─ Próximo permitido em: 459.5 minutos
2026-08-18 16:55:26 [INFO] scanner - ============================================================
2026-08-18 16:55:26 [INFO] scanner - 🚀 SCANNER INICIADO
2026-08-18 16:55:26 [INFO] scanner - 📅 Data/Hora: 18/08/2026 16:55:26
2026-08-18 16:55:26 [INFO] scanner - 📂 Log: logs/scanner_2026-08-18.log
2026-08-18 16:55:26 [INFO] scanner - ============================================================
2026-08-18 16:55:26 [INFO] scanner - 📝 PAPER MODE ATIVO - Apenas registro e análise
2026-08-18 16:55:29 [WARNING] root - Bloco de componentes falhou: cannot unpack non-iterable int object
2026-08-18 16:55:29 [INFO] scanner - ✅ Validações OK [BTC/USDT]: Score=7.8, R:R=2.08
2026-08-18 16:55:29 [INFO] scanner - ⏸️  Throttle ativo [BTC/USDT]:
2026-08-18 16:55:29 [INFO] scanner -    ├─ Último alerta há 392.6 minutos
2026-08-18 16:55:29 [INFO] scanner -    ├─ Tempo mínimo: 1800 minutos
2026-08-18 16:55:29 [INFO] scanner -    └─ Próximo permitido em: 1407.4 minutos
2026-08-18 16:55:29 [WARNING] root - Bloco de componentes falhou: cannot unpack non-iterable int object
2026-08-18 16:55:29 [INFO] scanner - ✅ Validações OK [BTC/USDT]: Score=7.8, R:R=2.08
2026-08-18 16:55:29 [INFO] scanner - ⏸️  Throttle ativo [BTC/USDT]:
2026-08-18 16:55:29 [INFO] scanner -    ├─ Último alerta há 392.6 minutos
2026-08-18 16:55:29 [INFO] scanner -    ├─ Tempo mínimo: 1800 minutos
2026-08-18 16:55:29 [INFO] scanner -    └─ Próximo permitido em: 1407.4 minutos
2026-08-18 16:55:31 [WARNING] root - Bloco de componentes falhou: cannot unpack non-iterable int object
2026-08-18 16:55:31 [INFO] scanner - ✅ Validações OK [ETH/USDT]: Score=7.3, R:R=2.00
2026-08-18 16:55:31 [INFO] scanner - ⏸️  Throttle ativo [ETH/USDT]:
2026-08-18 16:55:31 [INFO] scanner -    ├─ Último alerta há 1358.2 minutos
2026-08-18 16:55:31 [INFO] scanner -    ├─ Tempo mínimo: 1800 minutos
2026-08-18 16:55:31 [INFO] scanner -    └─ Próximo permitido em: 441.8 minutos
2026-08-18 16:55:31 [WARNING] root - Bloco de componentes falhou: cannot unpack non-iterable int object
2026-08-18 16:55:31 [INFO] scanner - ✅ Validações OK [ETH/USDT]: Score=7.3, R:R=2.00
2026-08-18 16:55:31 [INFO] scanner - ⏸️  Throttle ativo [ETH/USDT]:
2026-08-18 16:55:31 [INFO] scanner -    ├─ Último alerta há 1358.2 minutos
2026-08-18 16:55:31 [INFO] scanner -    ├─ Tempo mínimo: 1800 minutos
2026-08-18 16:55:31 [INFO] scanner -    └─ Próximo permitido em: 441.8 minutos
2026-08-18 17:13:28 [INFO] scanner - ============================================================
2026-08-18 17:13:28 [INFO] scanner - 🚀 SCANNER INICIADO
2026-08-18 17:13:28 [INFO] scanner - 📅 Data/Hora: 18/08/2026 17:13:28
2026-08-18 17:13:28 [INFO] scanner - 📂 Log: logs/scanner_2026-08-18.log
2026-08-18 17:13:28 [INFO] scanner - ============================================================
2026-08-18 17:13:28 [INFO] scanner - 📝 PAPER MODE ATIVO - Apenas registro e análise
2026-08-18 17:13:31 [WARNING] root - Bloco de componentes falhou: cannot unpack non-iterable int object
2026-08-18 17:13:31 [INFO] scanner - ✅ Validações OK [BTC/USDT]: Score=7.8, R:R=2.08
2026-08-18 17:13:31 [INFO] scanner - ⏸️  Throttle ativo [BTC/USDT]:
2026-08-18 17:13:31 [INFO] scanner -    ├─ Último alerta há 410.6 minutos
2026-08-18 17:13:31 [INFO] scanner -    ├─ Tempo mínimo: 1800 minutos
2026-08-18 17:13:31 [INFO] scanner -    └─ Próximo permitido em: 1389.4 minutos
2026-08-18 17:13:31 [WARNING] root - Bloco de componentes falhou: cannot unpack non-iterable int object
2026-08-18 17:13:31 [INFO] scanner - ✅ Validações OK [BTC/USDT]: Score=7.8, R:R=2.08
2026-08-18 17:13:31 [INFO] scanner - ⏸️  Throttle ativo [BTC/USDT]:
2026-08-18 17:13:31 [INFO] scanner -    ├─ Último alerta há 410.7 minutos
2026-08-18 17:13:31 [INFO] scanner -    ├─ Tempo mínimo: 1800 minutos
2026-08-18 17:13:31 [INFO] scanner -    └─ Próximo permitido em: 1389.3 minutos
2026-08-18 17:13:33 [WARNING] root - Bloco de componentes falhou: cannot unpack non-iterable int object
2026-08-18 17:13:33 [INFO] scanner - ✅ Validações OK [ETH/USDT]: Score=7.3, R:R=2.00
2026-08-18 17:13:33 [INFO] scanner - ⏸️  Throttle ativo [ETH/USDT]:
2026-08-18 17:13:33 [INFO] scanner -    ├─ Último alerta há 1376.2 minutos
2026-08-18 17:13:33 [INFO] scanner -    ├─ Tempo mínimo: 1800 minutos
2026-08-18 17:13:33 [INFO] scanner -    └─ Próximo permitido em: 423.8 minutos
2026-08-18 17:13:34 [WARNING] root - Bloco de componentes falhou: cannot unpack non-iterable int object
2026-08-18 17:13:34 [INFO] scanner - ✅ Validações OK [ETH/USDT]: Score=7.3, R:R=2.00
2026-08-18 17:13:34 [INFO] scanner - ⏸️  Throttle ativo [ETH/USDT]:
2026-08-18 17:13:34 [INFO] scanner -    ├─ Último alerta há 1376.2 minutos
2026-08-18 17:13:34 [INFO] scanner -    ├─ Tempo mínimo: 1800 minutos
2026-08-18 17:13:34 [INFO] scanner -    └─ Próximo permitido em: 423.8 minutos
2026-08-18 17:40:19 [INFO] scanner - ============================================================
2026-08-18 17:40:19 [INFO] scanner - 🚀 SCANNER INICIADO
2026-08-18 17:40:19 [INFO] scanner - 📅 Data/Hora: 18/08/2026 17:40:19
2026-08-18 17:40:19 [INFO] scanner - 📂 Log: logs/scanner_2026-08-18.log
2026-08-18 17:40:19 [INFO] scanner - ============================================================
2026-08-18 17:40:19 [INFO] scanner - 📝 PAPER MODE ATIVO - Apenas registro e análise
2026-08-18 17:40:22 [WARNING] root - Bloco de componentes falhou: cannot unpack non-iterable int object
2026-08-18 17:40:22 [INFO] scanner - ✅ Validações OK [BTC/USDT]: Score=7.8, R:R=2.08
2026-08-18 17:40:22 [INFO] scanner - ⏸️  Throttle ativo [BTC/USDT]:
2026-08-18 17:40:22 [INFO] scanner -    ├─ Último alerta há 437.5 minutos
2026-08-18 17:40:22 [INFO] scanner -    ├─ Tempo mínimo: 1800 minutos
2026-08-18 17:40:22 [INFO] scanner -    └─ Próximo permitido em: 1362.5 minutos
2026-08-18 17:40:22 [WARNING] root - Bloco de componentes falhou: cannot unpack non-iterable int object
2026-08-18 17:40:22 [INFO] scanner - ✅ Validações OK [BTC/USDT]: Score=7.8, R:R=2.08
2026-08-18 17:40:22 [INFO] scanner - ⏸️  Throttle ativo [BTC/USDT]:
2026-08-18 17:40:22 [INFO] scanner -    ├─ Último alerta há 437.5 minutos
2026-08-18 17:40:22 [INFO] scanner -    ├─ Tempo mínimo: 1800 minutos
2026-08-18 17:40:22 [INFO] scanner -    └─ Próximo permitido em: 1362.5 minutos
2026-08-18 17:40:24 [WARNING] root - Bloco de componentes falhou: cannot unpack non-iterable int object
2026-08-18 17:40:24 [INFO] scanner - ✅ Validações OK [ETH/USDT]: Score=7.3, R:R=2.00
2026-08-18 17:40:24 [INFO] scanner - ⏸️  Throttle ativo [ETH/USDT]:
2026-08-18 17:40:24 [INFO] scanner -    ├─ Último alerta há 1403.1 minutos
2026-08-18 17:40:24 [INFO] scanner -    ├─ Tempo mínimo: 1800 minutos
2026-08-18 17:40:24 [INFO] scanner -    └─ Próximo permitido em: 396.9 minutos
2026-08-18 17:40:24 [WARNING] root - Bloco de componentes falhou: cannot unpack non-iterable int object
2026-08-18 17:40:24 [INFO] scanner - ✅ Validações OK [ETH/USDT]: Score=7.3, R:R=2.00
2026-08-18 17:40:24 [INFO] scanner - ⏸️  Throttle ativo [ETH/USDT]:
2026-08-18 17:40:24 [INFO] scanner -    ├─ Último alerta há 1403.1 minutos
2026-08-18 17:40:24 [INFO] scanner -    ├─ Tempo mínimo: 1800 minutos
2026-08-18 17:40:24 [INFO] scanner -    └─ Próximo permitido em: 396.9 minutos
2026-08-18 17:58:20 [INFO] scanner - ============================================================
2026-08-18 17:58:20 [INFO] scanner - 🚀 SCANNER INICIADO
2026-08-18 17:58:20 [INFO] scanner - 📅 Data/Hora: 18/08/2026 17:58:20
2026-08-18 17:58:20 [INFO] scanner - 📂 Log: logs/scanner_2026-08-18.log
2026-08-18 17:58:20 [INFO] scanner - ============================================================
2026-08-18 17:58:20 [INFO] scanner - 📝 PAPER MODE ATIVO - Apenas registro e análise
2026-08-18 17:58:24 [WARNING] root - Bloco de componentes falhou: cannot unpack non-iterable int object
2026-08-18 17:58:24 [INFO] scanner - ✅ Validações OK [BTC/USDT]: Score=7.8, R:R=2.08
2026-08-18 17:58:24 [INFO] scanner - ⏸️  Throttle ativo [BTC/USDT]:
2026-08-18 17:58:24 [INFO] scanner -    ├─ Último alerta há 455.5 minutos
2026-08-18 17:58:24 [INFO] scanner -    ├─ Tempo mínimo: 1800 minutos
2026-08-18 17:58:24 [INFO] scanner -    └─ Próximo permitido em: 1344.5 minutos
2026-08-18 17:58:24 [WARNING] root - Bloco de componentes falhou: cannot unpack non-iterable int object
2026-08-18 17:58:24 [INFO] scanner - ✅ Validações OK [BTC/USDT]: Score=7.8, R:R=2.08
2026-08-18 17:58:24 [INFO] scanner - ⏸️  Throttle ativo [BTC/USDT]:
2026-08-18 17:58:24 [INFO] scanner -    ├─ Último alerta há 455.5 minutos
2026-08-18 17:58:24 [INFO] scanner -    ├─ Tempo mínimo: 1800 minutos
2026-08-18 17:58:24 [INFO] scanner -    └─ Próximo permitido em: 1344.5 minutos
2026-08-18 17:58:26 [WARNING] root - Bloco de componentes falhou: cannot unpack non-iterable int object
2026-08-18 17:58:26 [INFO] scanner - ✅ Validações OK [ETH/USDT]: Score=7.3, R:R=2.00
2026-08-18 17:58:26 [INFO] scanner - ⏸️  Throttle ativo [ETH/USDT]:
2026-08-18 17:58:26 [INFO] scanner -    ├─ Último alerta há 1421.1 minutos
2026-08-18 17:58:26 [INFO] scanner -    ├─ Tempo mínimo: 1800 minutos
2026-08-18 17:58:26 [INFO] scanner -    └─ Próximo permitido em: 378.9 minutos
2026-08-18 17:58:26 [WARNING] root - Bloco de componentes falhou: cannot unpack non-iterable int object
2026-08-18 17:58:26 [INFO] scanner - ✅ Validações OK [ETH/USDT]: Score=7.3, R:R=2.00
2026-08-18 17:58:26 [INFO] scanner - ⏸️  Throttle ativo [ETH/USDT]:
2026-08-18 17:58:26 [INFO] scanner -    ├─ Último alerta há 1421.1 minutos
2026-08-18 17:58:26 [INFO] scanner -    ├─ Tempo mínimo: 1800 minutos
2026-08-18 17:58:26 [INFO] scanner -    └─ Próximo permitido em: 378.9 minutos
2026-08-18 18:22:53 [INFO] scanner - ============================================================
2026-08-18 18:22:53 [INFO] scanner - 🚀 SCANNER INICIADO
2026-08-18 18:22:53 [INFO] scanner - 📅 Data/Hora: 18/08/2026 18:22:53
2026-08-18 18:22:53 [INFO] scanner - 📂 Log: logs/scanner_2026-08-18.log
2026-08-18 18:22:53 [INFO] scanner - ============================================================
2026-08-18 18:22:53 [INFO] scanner - 📝 PAPER MODE ATIVO - Apenas registro e análise
2026-08-18 18:22:54 [WARNING] root - Falha CoinGecko (macro): 'data'
2026-08-18 18:22:56 [WARNING] root - Bloco de componentes falhou: cannot unpack non-iterable int object
2026-08-18 18:22:56 [INFO] scanner - ✅ Validações OK [BTC/USDT]: Score=7.3, R:R=2.08
2026-08-18 18:22:56 [INFO] scanner - ⏸️  Throttle ativo [BTC/USDT]:
2026-08-18 18:22:56 [INFO] scanner -    ├─ Último alerta há 480.1 minutos
2026-08-18 18:22:56 [INFO] scanner -    ├─ Tempo mínimo: 1800 minutos
2026-08-18 18:22:56 [INFO] scanner -    └─ Próximo permitido em: 1319.9 minutos
2026-08-18 18:22:56 [WARNING] root - Bloco de componentes falhou: cannot unpack non-iterable int object
2026-08-18 18:22:56 [INFO] scanner - ✅ Validações OK [BTC/USDT]: Score=7.3, R:R=2.08
2026-08-18 18:22:56 [INFO] scanner - ⏸️  Throttle ativo [BTC/USDT]:
2026-08-18 18:22:56 [INFO] scanner -    ├─ Último alerta há 480.1 minutos
2026-08-18 18:22:56 [INFO] scanner -    ├─ Tempo mínimo: 1800 minutos
2026-08-18 18:22:56 [INFO] scanner -    └─ Próximo permitido em: 1319.9 minutos
2026-08-18 18:22:58 [WARNING] root - Bloco de componentes falhou: cannot unpack non-iterable int object
2026-08-18 18:22:58 [INFO] scanner - ✅ Validações OK [ETH/USDT]: Score=7.3, R:R=2.00
2026-08-18 18:22:58 [INFO] scanner - ⏸️  Throttle ativo [ETH/USDT]:
2026-08-18 18:22:58 [INFO] scanner -    ├─ Último alerta há 1445.6 minutos
2026-08-18 18:22:58 [INFO] scanner -    ├─ Tempo mínimo: 1800 minutos
2026-08-18 18:22:58 [INFO] scanner -    └─ Próximo permitido em: 354.4 minutos
2026-08-18 18:22:58 [WARNING] root - Bloco de componentes falhou: cannot unpack non-iterable int object
2026-08-18 18:22:58 [INFO] scanner - ✅ Validações OK [ETH/USDT]: Score=7.3, R:R=2.00
2026-08-18 18:22:58 [INFO] scanner - ⏸️  Throttle ativo [ETH/USDT]:
2026-08-18 18:22:58 [INFO] scanner -    ├─ Último alerta há 1445.6 minutos
2026-08-18 18:22:58 [INFO] scanner -    ├─ Tempo mínimo: 1800 minutos
2026-08-18 18:22:58 [INFO] scanner -    └─ Próximo permitido em: 354.4 minutos
