2026-08-26 03:32:25 [INFO] scanner - ============================================================
2026-08-26 03:32:25 [INFO] scanner - 🚀 SCANNER INICIADO
2026-08-26 03:32:25 [INFO] scanner - 📅 Data/Hora: 26/08/2026 03:32:25
2026-08-26 03:32:25 [INFO] scanner - 📂 Log: logs/scanner_2026-08-26.log
2026-08-26 03:32:25 [INFO] scanner - ============================================================
2026-08-26 03:32:25 [INFO] scanner - 📝 PAPER MODE ATIVO - Apenas registro e análise
2026-08-26 03:32:30 [WARNING] root - Bloco de componentes falhou: cannot unpack non-iterable int object
2026-08-26 03:32:30 [INFO] scanner - ✅ Validações OK [ETH/USDT]: Score=7.3, R:R=2.00
2026-08-26 03:32:30 [INFO] scanner - ⏸️  Throttle ativo [ETH/USDT]:
2026-08-26 03:32:30 [INFO] scanner -    ├─ Último alerta há 579.5 minutos
2026-08-26 03:32:30 [INFO] scanner -    ├─ Tempo mínimo: 1800 minutos
2026-08-26 03:32:30 [INFO] scanner -    └─ Próximo permitido em: 1220.5 minutos
2026-08-26 04:30:10 [INFO] scanner - ============================================================
2026-08-26 04:30:10 [INFO] scanner - 🚀 SCANNER INICIADO
2026-08-26 04:30:10 [INFO] scanner - 📅 Data/Hora: 26/08/2026 04:30:10
2026-08-26 04:30:10 [INFO] scanner - 📂 Log: logs/scanner_2026-08-26.log
2026-08-26 04:30:10 [INFO] scanner - ============================================================
2026-08-26 04:30:10 [INFO] scanner - 📝 PAPER MODE ATIVO - Apenas registro e análise
2026-08-26 05:08:45 [INFO] scanner - ============================================================
2026-08-26 05:08:45 [INFO] scanner - 🚀 SCANNER INICIADO
2026-08-26 05:08:45 [INFO] scanner - 📅 Data/Hora: 26/08/2026 05:08:45
2026-08-26 05:08:45 [INFO] scanner - 📂 Log: logs/scanner_2026-08-26.log
2026-08-26 05:08:45 [INFO] scanner - ============================================================
2026-08-26 05:08:45 [INFO] scanner - 📝 PAPER MODE ATIVO - Apenas registro e análise
2026-08-26 05:59:44 [INFO] scanner - ============================================================
2026-08-26 05:59:44 [INFO] scanner - 🚀 SCANNER INICIADO
2026-08-26 05:59:44 [INFO] scanner - 📅 Data/Hora: 26/08/2026 05:59:44
2026-08-26 05:59:44 [INFO] scanner - 📂 Log: logs/scanner_2026-08-26.log
2026-08-26 05:59:44 [INFO] scanner - ============================================================
2026-08-26 05:59:44 [INFO] scanner - 📝 PAPER MODE ATIVO - Apenas registro e análise
2026-08-26 06:44:29 [INFO] scanner - ============================================================
2026-08-26 06:44:29 [INFO] scanner - 🚀 SCANNER INICIADO
2026-08-26 06:44:29 [INFO] scanner - 📅 Data/Hora: 26/08/2026 06:44:29
2026-08-26 06:44:29 [INFO] scanner - 📂 Log: logs/scanner_2026-08-26.log
2026-08-26 06:44:29 [INFO] scanner - ============================================================
2026-08-26 06:44:29 [INFO] scanner - 📝 PAPER MODE ATIVO - Apenas registro e análise
2026-08-26 06:44:34 [WARNING] root - Bloco de componentes falhou: cannot unpack non-iterable int object
2026-08-26 06:44:34 [INFO] scanner - ✅ Validações OK [ETH/USDT]: Score=7.3, R:R=2.00
2026-08-26 06:44:34 [INFO] scanner - ⏸️  Throttle ativo [ETH/USDT]:
2026-08-26 06:44:34 [INFO] scanner -    ├─ Último alerta há 771.6 minutos
2026-08-26 06:44:34 [INFO] scanner -    ├─ Tempo mínimo: 1800 minutos
2026-08-26 06:44:34 [INFO] scanner -    └─ Próximo permitido em: 1028.4 minutos
2026-08-26 07:18:21 [INFO] scanner - ============================================================
2026-08-26 07:18:21 [INFO] scanner - 🚀 SCANNER INICIADO
2026-08-26 07:18:21 [INFO] scanner - 📅 Data/Hora: 26/08/2026 07:18:21
2026-08-26 07:18:21 [INFO] scanner - 📂 Log: logs/scanner_2026-08-26.log
2026-08-26 07:18:21 [INFO] scanner - ============================================================
2026-08-26 07:18:21 [INFO] scanner - 📝 PAPER MODE ATIVO - Apenas registro e análise
2026-08-26 07:18:25 [WARNING] root - Bloco de componentes falhou: cannot unpack non-iterable int object
2026-08-26 07:18:25 [INFO] scanner - ✅ Validações OK [ETH/USDT]: Score=7.3, R:R=2.00
2026-08-26 07:18:25 [INFO] scanner - ⏸️  Throttle ativo [ETH/USDT]:
2026-08-26 07:18:25 [INFO] scanner -    ├─ Último alerta há 805.4 minutos
2026-08-26 07:18:25 [INFO] scanner -    ├─ Tempo mínimo: 1800 minutos
2026-08-26 07:18:25 [INFO] scanner -    └─ Próximo permitido em: 994.6 minutos
2026-08-26 07:58:56 [INFO] scanner - ============================================================
2026-08-26 07:58:56 [INFO] scanner - 🚀 SCANNER INICIADO
2026-08-26 07:58:56 [INFO] scanner - 📅 Data/Hora: 26/08/2026 07:58:56
2026-08-26 07:58:56 [INFO] scanner - 📂 Log: logs/scanner_2026-08-26.log
2026-08-26 07:58:56 [INFO] scanner - ============================================================
2026-08-26 07:58:56 [INFO] scanner - 📝 PAPER MODE ATIVO - Apenas registro e análise
2026-08-26 07:59:01 [WARNING] root - Bloco de componentes falhou: cannot unpack non-iterable int object
2026-08-26 07:59:01 [INFO] scanner - ✅ Validações OK [ETH/USDT]: Score=7.3, R:R=2.00
2026-08-26 07:59:01 [INFO] scanner - ⏸️  Throttle ativo [ETH/USDT]:
2026-08-26 07:59:01 [INFO] scanner -    ├─ Último alerta há 846.0 minutos
2026-08-26 07:59:01 [INFO] scanner -    ├─ Tempo mínimo: 1800 minutos
2026-08-26 07:59:01 [INFO] scanner -    └─ Próximo permitido em: 954.0 minutos
2026-08-26 08:30:13 [INFO] scanner - ============================================================
2026-08-26 08:30:13 [INFO] scanner - 🚀 SCANNER INICIADO
2026-08-26 08:30:13 [INFO] scanner - 📅 Data/Hora: 26/08/2026 08:30:13
2026-08-26 08:30:13 [INFO] scanner - 📂 Log: logs/scanner_2026-08-26.log
2026-08-26 08:30:13 [INFO] scanner - ============================================================
2026-08-26 08:30:13 [INFO] scanner - 📝 PAPER MODE ATIVO - Apenas registro e análise
2026-08-26 08:57:00 [INFO] scanner - ============================================================
2026-08-26 08:57:00 [INFO] scanner - 🚀 SCANNER INICIADO
2026-08-26 08:57:00 [INFO] scanner - 📅 Data/Hora: 26/08/2026 08:57:00
2026-08-26 08:57:00 [INFO] scanner - 📂 Log: logs/scanner_2026-08-26.log
2026-08-26 08:57:00 [INFO] scanner - ============================================================
2026-08-26 08:57:00 [INFO] scanner - 📝 PAPER MODE ATIVO - Apenas registro e análise
2026-08-26 09:41:47 [INFO] scanner - ============================================================
2026-08-26 09:41:47 [INFO] scanner - 🚀 SCANNER INICIADO
2026-08-26 09:41:47 [INFO] scanner - 📅 Data/Hora: 26/08/2026 09:41:47
2026-08-26 09:41:47 [INFO] scanner - 📂 Log: logs/scanner_2026-08-26.log
2026-08-26 09:41:47 [INFO] scanner - ============================================================
2026-08-26 09:41:47 [INFO] scanner - 📝 PAPER MODE ATIVO - Apenas registro e análise
2026-08-26 09:41:53 [WARNING] root - Bloco de componentes falhou: cannot unpack non-iterable int object
2026-08-26 09:41:53 [INFO] scanner - ✅ Validações OK [ETH/USDT]: Score=7.3, R:R=2.00
2026-08-26 09:41:53 [INFO] scanner - ⏸️  Throttle ativo [ETH/USDT]:
2026-08-26 09:41:53 [INFO] scanner -    ├─ Último alerta há 948.9 minutos
2026-08-26 09:41:53 [INFO] scanner -    ├─ Tempo mínimo: 1800 minutos
2026-08-26 09:41:53 [INFO] scanner -    └─ Próximo permitido em: 851.1 minutos
2026-08-26 09:41:53 [WARNING] root - Bloco de componentes falhou: cannot unpack non-iterable int object
2026-08-26 09:41:53 [INFO] scanner - ✅ Validações OK [ETH/USDT]: Score=7.3, R:R=2.00
2026-08-26 09:41:53 [INFO] scanner - ⏸️  Throttle ativo [ETH/USDT]:
2026-08-26 09:41:53 [INFO] scanner -    ├─ Último alerta há 948.9 minutos
2026-08-26 09:41:53 [INFO] scanner -    ├─ Tempo mínimo: 1800 minutos
2026-08-26 09:41:53 [INFO] scanner -    └─ Próximo permitido em: 851.1 minutos
2026-08-26 10:39:43 [INFO] scanner - ============================================================
2026-08-26 10:39:43 [INFO] scanner - 🚀 SCANNER INICIADO
2026-08-26 10:39:43 [INFO] scanner - 📅 Data/Hora: 26/08/2026 10:39:43
2026-08-26 10:39:43 [INFO] scanner - 📂 Log: logs/scanner_2026-08-26.log
2026-08-26 10:39:43 [INFO] scanner - ============================================================
2026-08-26 10:39:43 [INFO] scanner - 📝 PAPER MODE ATIVO - Apenas registro e análise
2026-08-26 11:24:18 [INFO] scanner - ============================================================
2026-08-26 11:24:18 [INFO] scanner - 🚀 SCANNER INICIADO
2026-08-26 11:24:18 [INFO] scanner - 📅 Data/Hora: 26/08/2026 11:24:18
2026-08-26 11:24:18 [INFO] scanner - 📂 Log: logs/scanner_2026-08-26.log
2026-08-26 11:24:18 [INFO] scanner - ============================================================
2026-08-26 11:24:18 [INFO] scanner - 📝 PAPER MODE ATIVO - Apenas registro e análise
2026-08-26 12:57:39 [INFO] scanner - ============================================================
2026-08-26 12:57:39 [INFO] scanner - 🚀 SCANNER INICIADO
2026-08-26 12:57:39 [INFO] scanner - 📅 Data/Hora: 26/08/2026 12:57:39
2026-08-26 12:57:39 [INFO] scanner - 📂 Log: logs/scanner_2026-08-26.log
2026-08-26 12:57:39 [INFO] scanner - ============================================================
2026-08-26 12:57:39 [INFO] scanner - 📝 PAPER MODE ATIVO - Apenas registro e análise
2026-08-26 12:57:43 [WARNING] root - Bloco de componentes falhou: cannot unpack non-iterable int object
2026-08-26 12:57:43 [INFO] scanner - ✅ Validações OK [BTC/USDT]: Score=7.3, R:R=2.08
2026-08-26 12:57:43 [INFO] scanner - ✅ Throttle OK [BTC/USDT]: Pode enviar
2026-08-26 13:45:20 [INFO] scanner - ============================================================
2026-08-26 13:45:20 [INFO] scanner - 🚀 SCANNER INICIADO
2026-08-26 13:45:20 [INFO] scanner - 📅 Data/Hora: 26/08/2026 13:45:20
2026-08-26 13:45:20 [INFO] scanner - 📂 Log: logs/scanner_2026-08-26.log
2026-08-26 13:45:20 [INFO] scanner - ============================================================
2026-08-26 13:45:20 [INFO] scanner - 📝 PAPER MODE ATIVO - Apenas registro e análise
2026-08-26 15:25:41 [INFO] scanner - ============================================================
2026-08-26 15:25:41 [INFO] scanner - 🚀 SCANNER INICIADO
2026-08-26 15:25:41 [INFO] scanner - 📅 Data/Hora: 26/08/2026 15:25:41
2026-08-26 15:25:41 [INFO] scanner - 📂 Log: logs/scanner_2026-08-26.log
2026-08-26 15:25:41 [INFO] scanner - ============================================================
2026-08-26 15:25:41 [INFO] scanner - 📝 PAPER MODE ATIVO - Apenas registro e análise
2026-08-26 15:25:46 [WARNING] root - Bloco de componentes falhou: cannot unpack non-iterable int object
2026-08-26 15:25:46 [INFO] scanner - ✅ Validações OK [ETH/USDT]: Score=7.3, R:R=2.00
2026-08-26 15:25:46 [INFO] scanner - ⏸️  Throttle ativo [ETH/USDT]:
2026-08-26 15:25:46 [INFO] scanner -    ├─ Último alerta há 1292.8 minutos
2026-08-26 15:25:46 [INFO] scanner -    ├─ Tempo mínimo: 1800 minutos
2026-08-26 15:25:46 [INFO] scanner -    └─ Próximo permitido em: 507.2 minutos
2026-08-26 17:24:33 [INFO] scanner - ============================================================
2026-08-26 17:24:33 [INFO] scanner - 🚀 SCANNER INICIADO
2026-08-26 17:24:33 [INFO] scanner - 📅 Data/Hora: 26/08/2026 17:24:33
2026-08-26 17:24:33 [INFO] scanner - 📂 Log: logs/scanner_2026-08-26.log
2026-08-26 17:24:33 [INFO] scanner - ============================================================
2026-08-26 17:24:33 [INFO] scanner - 📝 PAPER MODE ATIVO - Apenas registro e análise
2026-08-26 17:24:36 [WARNING] root - Bloco de componentes falhou: cannot unpack non-iterable int object
2026-08-26 17:24:36 [INFO] scanner - ✅ Validações OK [BTC/USDT]: Score=7.3, R:R=2.08
2026-08-26 17:24:36 [INFO] scanner - ⏸️  Throttle ativo [BTC/USDT]:
2026-08-26 17:24:36 [INFO] scanner -    ├─ Último alerta há 266.9 minutos
2026-08-26 17:24:36 [INFO] scanner -    ├─ Tempo mínimo: 1800 minutos
2026-08-26 17:24:36 [INFO] scanner -    └─ Próximo permitido em: 1533.1 minutos
2026-08-26 17:24:38 [WARNING] root - Bloco de componentes falhou: cannot unpack non-iterable int object
2026-08-26 17:24:38 [INFO] scanner - ✅ Validações OK [ETH/USDT]: Score=7.3, R:R=2.00
2026-08-26 17:24:38 [INFO] scanner - ⏸️  Throttle ativo [ETH/USDT]:
2026-08-26 17:24:38 [INFO] scanner -    ├─ Último alerta há 1411.6 minutos
2026-08-26 17:24:38 [INFO] scanner -    ├─ Tempo mínimo: 1800 minutos
2026-08-26 17:24:38 [INFO] scanner -    └─ Próximo permitido em: 388.4 minutos
2026-08-26 20:52:57 [INFO] scanner - ============================================================
2026-08-26 20:52:57 [INFO] scanner - 🚀 SCANNER INICIADO
2026-08-26 20:52:57 [INFO] scanner - 📅 Data/Hora: 26/08/2026 20:52:57
2026-08-26 20:52:57 [INFO] scanner - 📂 Log: logs/scanner_2026-08-26.log
2026-08-26 20:52:57 [INFO] scanner - ============================================================
2026-08-26 20:52:57 [INFO] scanner - 📝 PAPER MODE ATIVO - Apenas registro e análise
2026-08-26 20:53:00 [WARNING] root - Bloco de componentes falhou: cannot unpack non-iterable int object
2026-08-26 20:53:00 [INFO] scanner - ✅ Validações OK [BTC/USDT]: Score=7.3, R:R=2.08
2026-08-26 20:53:00 [INFO] scanner - ⏸️  Throttle ativo [BTC/USDT]:
2026-08-26 20:53:00 [INFO] scanner -    ├─ Último alerta há 475.3 minutos
2026-08-26 20:53:00 [INFO] scanner -    ├─ Tempo mínimo: 1800 minutos
2026-08-26 20:53:00 [INFO] scanner -    └─ Próximo permitido em: 1324.7 minutos
2026-08-26 20:53:00 [WARNING] root - Bloco de componentes falhou: cannot unpack non-iterable int object
2026-08-26 20:53:00 [INFO] scanner - ✅ Validações OK [BTC/USDT]: Score=7.3, R:R=2.08
2026-08-26 20:53:00 [INFO] scanner - ⏸️  Throttle ativo [BTC/USDT]:
2026-08-26 20:53:00 [INFO] scanner -    ├─ Último alerta há 475.3 minutos
2026-08-26 20:53:00 [INFO] scanner -    ├─ Tempo mínimo: 1800 minutos
2026-08-26 20:53:00 [INFO] scanner -    └─ Próximo permitido em: 1324.7 minutos
2026-08-26 20:53:02 [WARNING] root - Bloco de componentes falhou: cannot unpack non-iterable int object
2026-08-26 20:53:02 [INFO] scanner - ✅ Validações OK [ETH/USDT]: Score=7.3, R:R=2.00
2026-08-26 20:53:02 [INFO] scanner - ⏸️  Throttle ativo [ETH/USDT]:
2026-08-26 20:53:02 [INFO] scanner -    ├─ Último alerta há 1620.0 minutos
2026-08-26 20:53:02 [INFO] scanner -    ├─ Tempo mínimo: 1800 minutos
2026-08-26 20:53:02 [INFO] scanner -    └─ Próximo permitido em: 180.0 minutos
2026-08-26 20:53:02 [WARNING] root - Bloco de componentes falhou: cannot unpack non-iterable int object
2026-08-26 20:53:02 [INFO] scanner - ✅ Validações OK [ETH/USDT]: Score=7.3, R:R=2.00
2026-08-26 20:53:02 [INFO] scanner - ⏸️  Throttle ativo [ETH/USDT]:
2026-08-26 20:53:02 [INFO] scanner -    ├─ Último alerta há 1620.0 minutos
2026-08-26 20:53:02 [INFO] scanner -    ├─ Tempo mínimo: 1800 minutos
2026-08-26 20:53:02 [INFO] scanner -    └─ Próximo permitido em: 180.0 minutos
