2026-09-19 07:00:10 [INFO] scanner - ============================================================
2026-09-19 07:00:10 [INFO] scanner - 🚀 SCANNER INICIADO
2026-09-19 07:00:10 [INFO] scanner - 📅 Data/Hora: 19/09/2026 07:00:10
2026-09-19 07:00:10 [INFO] scanner - 📂 Log: logs/scanner_2026-09-19.log
2026-09-19 07:00:10 [INFO] scanner - ============================================================
2026-09-19 07:00:10 [INFO] scanner - 📝 PAPER MODE ATIVO - Apenas registro e análise
2026-09-19 07:00:20 [WARNING] root - Falha CoinGecko (macro): HTTPSConnectionPool(host='api.coingecko.com', port=443): Read timed out. (read timeout=8)
2026-09-19 07:00:22 [WARNING] root - Bloco de componentes falhou: cannot unpack non-iterable int object
2026-09-19 07:00:22 [INFO] scanner - ✅ Validações OK [BTC/USDT]: Score=7.3, R:R=2.08
2026-09-19 07:00:22 [INFO] scanner - ⏸️  Throttle ativo [BTC/USDT]:
2026-09-19 07:00:22 [INFO] scanner -    ├─ Último alerta há 1422.6 minutos
2026-09-19 07:00:22 [INFO] scanner -    ├─ Tempo mínimo: 1800 minutos
2026-09-19 07:00:22 [INFO] scanner -    └─ Próximo permitido em: 377.4 minutos
2026-09-19 07:00:24 [WARNING] root - Bloco de componentes falhou: cannot unpack non-iterable int object
2026-09-19 07:00:24 [INFO] scanner - ✅ Validações OK [ETH/USDT]: Score=7.3, R:R=2.00
2026-09-19 07:00:24 [INFO] scanner - ⏸️  Throttle ativo [ETH/USDT]:
2026-09-19 07:00:24 [INFO] scanner -    ├─ Último alerta há 968.2 minutos
2026-09-19 07:00:24 [INFO] scanner -    ├─ Tempo mínimo: 1800 minutos
2026-09-19 07:00:24 [INFO] scanner -    └─ Próximo permitido em: 831.8 minutos
2026-09-19 10:47:57 [INFO] scanner - ============================================================
2026-09-19 10:47:57 [INFO] scanner - 🚀 SCANNER INICIADO
2026-09-19 10:47:57 [INFO] scanner - 📅 Data/Hora: 19/09/2026 10:47:57
2026-09-19 10:47:57 [INFO] scanner - 📂 Log: logs/scanner_2026-09-19.log
2026-09-19 10:47:57 [INFO] scanner - ============================================================
2026-09-19 10:47:57 [INFO] scanner - 📝 PAPER MODE ATIVO - Apenas registro e análise
2026-09-19 10:48:00 [WARNING] root - Bloco de componentes falhou: cannot unpack non-iterable int object
2026-09-19 10:48:00 [INFO] scanner - ✅ Validações OK [BTC/USDT]: Score=7.3, R:R=2.08
2026-09-19 10:48:00 [INFO] scanner - ⏸️  Throttle ativo [BTC/USDT]:
2026-09-19 10:48:00 [INFO] scanner -    ├─ Último alerta há 1650.3 minutos
2026-09-19 10:48:00 [INFO] scanner -    ├─ Tempo mínimo: 1800 minutos
2026-09-19 10:48:00 [INFO] scanner -    └─ Próximo permitido em: 149.7 minutos
2026-09-19 10:48:02 [WARNING] root - Bloco de componentes falhou: cannot unpack non-iterable int object
2026-09-19 10:48:02 [INFO] scanner - ✅ Validações OK [ETH/USDT]: Score=7.3, R:R=2.00
2026-09-19 10:48:02 [INFO] scanner - ⏸️  Throttle ativo [ETH/USDT]:
2026-09-19 10:48:02 [INFO] scanner -    ├─ Último alerta há 1195.8 minutos
2026-09-19 10:48:02 [INFO] scanner -    ├─ Tempo mínimo: 1800 minutos
2026-09-19 10:48:02 [INFO] scanner -    └─ Próximo permitido em: 604.2 minutos
2026-09-19 13:56:15 [INFO] scanner - ============================================================
2026-09-19 13:56:15 [INFO] scanner - 🚀 SCANNER INICIADO
2026-09-19 13:56:15 [INFO] scanner - 📅 Data/Hora: 19/09/2026 13:56:15
2026-09-19 13:56:15 [INFO] scanner - 📂 Log: logs/scanner_2026-09-19.log
2026-09-19 13:56:15 [INFO] scanner - ============================================================
2026-09-19 13:56:15 [INFO] scanner - 📝 PAPER MODE ATIVO - Apenas registro e análise
2026-09-19 13:56:19 [WARNING] root - Bloco de componentes falhou: cannot unpack non-iterable int object
2026-09-19 13:56:19 [INFO] scanner - ✅ Validações OK [BTC/USDT]: Score=7.8, R:R=2.08
2026-09-19 13:56:19 [INFO] scanner - ✅ Throttle OK [BTC/USDT]: Pode enviar
2026-09-19 13:56:19 [INFO] scanner - 📝 Sinal no ledger: 20260919_135619_548077 - BTC/USDT
2026-09-19 13:56:19 [INFO] scanner - 📨 Alerta enviado | ID Ledger: 20260919_135619_548077
2026-09-19 13:56:19 [WARNING] root - Bloco de componentes falhou: cannot unpack non-iterable int object
2026-09-19 13:56:19 [INFO] scanner - ✅ Validações OK [BTC/USDT]: Score=7.3, R:R=2.08
2026-09-19 13:56:19 [INFO] scanner - ⏸️  Throttle ativo [BTC/USDT]:
2026-09-19 13:56:19 [INFO] scanner -    ├─ Último alerta há 0.0 minutos
2026-09-19 13:56:19 [INFO] scanner -    ├─ Tempo mínimo: 1800 minutos
2026-09-19 13:56:19 [INFO] scanner -    └─ Próximo permitido em: 1800.0 minutos
2026-09-19 13:56:21 [WARNING] root - Bloco de componentes falhou: cannot unpack non-iterable int object
2026-09-19 13:56:21 [INFO] scanner - ✅ Validações OK [ETH/USDT]: Score=7.8, R:R=2.00
2026-09-19 13:56:21 [INFO] scanner - ⏸️  Throttle ativo [ETH/USDT]:
2026-09-19 13:56:21 [INFO] scanner -    ├─ Último alerta há 1384.2 minutos
2026-09-19 13:56:21 [INFO] scanner -    ├─ Tempo mínimo: 1800 minutos
2026-09-19 13:56:21 [INFO] scanner -    └─ Próximo permitido em: 415.8 minutos
2026-09-19 13:56:22 [WARNING] root - Bloco de componentes falhou: cannot unpack non-iterable int object
2026-09-19 13:56:22 [INFO] scanner - ✅ Validações OK [ETH/USDT]: Score=7.3, R:R=2.00
2026-09-19 13:56:22 [INFO] scanner - ⏸️  Throttle ativo [ETH/USDT]:
2026-09-19 13:56:22 [INFO] scanner -    ├─ Último alerta há 1384.2 minutos
2026-09-19 13:56:22 [INFO] scanner -    ├─ Tempo mínimo: 1800 minutos
2026-09-19 13:56:22 [INFO] scanner -    └─ Próximo permitido em: 415.8 minutos
