2026-08-12 04:10:16 [INFO] scanner - ============================================================
2026-08-12 04:10:16 [INFO] scanner - 🚀 SCANNER INICIADO
2026-08-12 04:10:16 [INFO] scanner - 📅 Data/Hora: 12/08/2026 04:10:16
2026-08-12 04:10:16 [INFO] scanner - 📂 Log: logs/scanner_2026-08-12.log
2026-08-12 04:10:16 [INFO] scanner - ============================================================
2026-08-12 04:10:16 [INFO] scanner - 📝 PAPER MODE ATIVO - Apenas registro e análise
2026-08-12 04:10:21 [WARNING] root - Bloco de componentes falhou: cannot unpack non-iterable int object
2026-08-12 04:10:21 [INFO] scanner - ✅ Validações OK [ETH/USDT]: Score=7.3, R:R=2.00
2026-08-12 04:10:21 [INFO] scanner - ⏸️  Throttle ativo [ETH/USDT]:
2026-08-12 04:10:21 [INFO] scanner -    ├─ Último alerta há 1025.0 minutos
2026-08-12 04:10:21 [INFO] scanner -    ├─ Tempo mínimo: 1800 minutos
2026-08-12 04:10:21 [INFO] scanner -    └─ Próximo permitido em: 775.0 minutos
2026-08-12 05:37:53 [INFO] scanner - ============================================================
2026-08-12 05:37:53 [INFO] scanner - 🚀 SCANNER INICIADO
2026-08-12 05:37:53 [INFO] scanner - 📅 Data/Hora: 12/08/2026 05:37:53
2026-08-12 05:37:53 [INFO] scanner - 📂 Log: logs/scanner_2026-08-12.log
2026-08-12 05:37:53 [INFO] scanner - ============================================================
2026-08-12 05:37:53 [INFO] scanner - 📝 PAPER MODE ATIVO - Apenas registro e análise
2026-08-12 05:37:59 [WARNING] root - Bloco de componentes falhou: cannot unpack non-iterable int object
2026-08-12 05:37:59 [INFO] scanner - ✅ Validações OK [ETH/USDT]: Score=7.3, R:R=2.00
2026-08-12 05:37:59 [INFO] scanner - ⏸️  Throttle ativo [ETH/USDT]:
2026-08-12 05:37:59 [INFO] scanner -    ├─ Último alerta há 1112.6 minutos
2026-08-12 05:37:59 [INFO] scanner -    ├─ Tempo mínimo: 1800 minutos
2026-08-12 05:37:59 [INFO] scanner -    └─ Próximo permitido em: 687.4 minutos
