2026-09-16 07:32:06 [INFO] scanner - ============================================================
2026-09-16 07:32:06 [INFO] scanner - 🚀 SCANNER INICIADO
2026-09-16 07:32:06 [INFO] scanner - 📅 Data/Hora: 16/09/2026 07:32:06
2026-09-16 07:32:06 [INFO] scanner - 📂 Log: logs/scanner_2026-09-16.log
2026-09-16 07:32:06 [INFO] scanner - ============================================================
2026-09-16 07:32:06 [INFO] scanner - 📝 PAPER MODE ATIVO - Apenas registro e análise
2026-09-16 12:09:29 [INFO] scanner - ============================================================
2026-09-16 12:09:29 [INFO] scanner - 🚀 SCANNER INICIADO
2026-09-16 12:09:29 [INFO] scanner - 📅 Data/Hora: 16/09/2026 12:09:29
2026-09-16 12:09:29 [INFO] scanner - 📂 Log: logs/scanner_2026-09-16.log
2026-09-16 12:09:29 [INFO] scanner - ============================================================
2026-09-16 12:09:29 [INFO] scanner - 📝 PAPER MODE ATIVO - Apenas registro e análise
2026-09-16 15:52:23 [INFO] scanner - ============================================================
2026-09-16 15:52:23 [INFO] scanner - 🚀 SCANNER INICIADO
2026-09-16 15:52:23 [INFO] scanner - 📅 Data/Hora: 16/09/2026 15:52:23
2026-09-16 15:52:23 [INFO] scanner - 📂 Log: logs/scanner_2026-09-16.log
2026-09-16 15:52:23 [INFO] scanner - ============================================================
2026-09-16 15:52:23 [INFO] scanner - 📝 PAPER MODE ATIVO - Apenas registro e análise
2026-09-16 15:52:26 [WARNING] root - Bloco de componentes falhou: cannot unpack non-iterable int object
2026-09-16 15:52:26 [INFO] scanner - ✅ Validações OK [BTC/USDT]: Score=7.3, R:R=2.08
2026-09-16 15:52:26 [INFO] scanner - ✅ Throttle OK [BTC/USDT]: Pode enviar
2026-09-16 15:52:27 [INFO] scanner - 📝 Sinal no ledger: 20260916_155227_512066 - BTC/USDT
2026-09-16 15:52:27 [INFO] scanner - 📨 Alerta enviado | ID Ledger: 20260916_155227_512066
2026-09-16 15:52:29 [WARNING] root - Bloco de componentes falhou: cannot unpack non-iterable int object
2026-09-16 15:52:29 [INFO] scanner - ✅ Validações OK [ETH/USDT]: Score=7.3, R:R=2.00
2026-09-16 15:52:29 [INFO] scanner - ⏸️  Throttle ativo [ETH/USDT]:
2026-09-16 15:52:29 [INFO] scanner -    ├─ Último alerta há 1424.3 minutos
2026-09-16 15:52:29 [INFO] scanner -    ├─ Tempo mínimo: 1800 minutos
2026-09-16 15:52:29 [INFO] scanner -    └─ Próximo permitido em: 375.7 minutos
