2026-10-02 08:37:52 [INFO] scanner - ============================================================
2026-10-02 08:37:52 [INFO] scanner - 🚀 SCANNER INICIADO
2026-10-02 08:37:52 [INFO] scanner - 📅 Data/Hora: 02/10/2026 08:37:52
2026-10-02 08:37:52 [INFO] scanner - 📂 Log: logs/scanner_2026-10-02.log
2026-10-02 08:37:52 [INFO] scanner - ============================================================
2026-10-02 08:37:52 [INFO] scanner - 📝 PAPER MODE ATIVO - Apenas registro e análise
2026-10-02 08:37:56 [WARNING] root - Bloco de componentes falhou: cannot unpack non-iterable int object
2026-10-02 08:37:56 [INFO] scanner - ✅ Validações OK [BTC/USDT]: Score=7.3, R:R=2.08
2026-10-02 08:37:56 [INFO] scanner - ✅ Throttle OK [BTC/USDT]: Pode enviar
2026-10-02 08:37:56 [WARNING] root - Bloco de componentes falhou: cannot unpack non-iterable int object
2026-10-02 08:37:56 [INFO] scanner - ✅ Validações OK [BTC/USDT]: Score=7.3, R:R=2.08
2026-10-02 08:37:56 [INFO] scanner - ⏸️  Throttle ativo [BTC/USDT]:
2026-10-02 08:37:56 [INFO] scanner -    ├─ Último alerta há 0.0 minutos
2026-10-02 08:37:56 [INFO] scanner -    ├─ Tempo mínimo: 1800 minutos
2026-10-02 08:37:56 [INFO] scanner -    └─ Próximo permitido em: 1800.0 minutos
2026-10-02 08:37:58 [WARNING] root - Bloco de componentes falhou: cannot unpack non-iterable int object
2026-10-02 08:37:58 [INFO] scanner - ✅ Validações OK [ETH/USDT]: Score=7.8, R:R=2.00
2026-10-02 08:37:58 [INFO] scanner - ✅ Throttle OK [ETH/USDT]: Pode enviar
2026-10-02 08:37:59 [WARNING] root - Bloco de componentes falhou: cannot unpack non-iterable int object
2026-10-02 08:37:59 [INFO] scanner - ✅ Validações OK [ETH/USDT]: Score=7.3, R:R=2.00
2026-10-02 08:37:59 [INFO] scanner - ⏸️  Throttle ativo [ETH/USDT]:
2026-10-02 08:37:59 [INFO] scanner -    ├─ Último alerta há 0.0 minutos
2026-10-02 08:37:59 [INFO] scanner -    ├─ Tempo mínimo: 1800 minutos
2026-10-02 08:37:59 [INFO] scanner -    └─ Próximo permitido em: 1800.0 minutos
2026-10-02 08:37:59 [WARNING] root - Bloco de componentes falhou: cannot unpack non-iterable int object
2026-10-02 08:37:59 [INFO] scanner - ✅ Validações OK [ETH/USDT]: Score=7.3, R:R=2.00
2026-10-02 08:37:59 [INFO] scanner - ⏸️  Throttle ativo [ETH/USDT]:
2026-10-02 08:37:59 [INFO] scanner -    ├─ Último alerta há 0.0 minutos
2026-10-02 08:37:59 [INFO] scanner -    ├─ Tempo mínimo: 1800 minutos
2026-10-02 08:37:59 [INFO] scanner -    └─ Próximo permitido em: 1800.0 minutos
