2026-10-03 07:51:21 [INFO] scanner - ============================================================
2026-10-03 07:51:21 [INFO] scanner - 🚀 SCANNER INICIADO
2026-10-03 07:51:21 [INFO] scanner - 📅 Data/Hora: 03/10/2026 07:51:21
2026-10-03 07:51:21 [INFO] scanner - 📂 Log: logs/scanner_2026-10-03.log
2026-10-03 07:51:21 [INFO] scanner - ============================================================
2026-10-03 07:51:21 [INFO] scanner - 📝 PAPER MODE ATIVO - Apenas registro e análise
2026-10-03 12:00:12 [INFO] scanner - ============================================================
2026-10-03 12:00:12 [INFO] scanner - 🚀 SCANNER INICIADO
2026-10-03 12:00:12 [INFO] scanner - 📅 Data/Hora: 03/10/2026 12:00:12
2026-10-03 12:00:12 [INFO] scanner - 📂 Log: logs/scanner_2026-10-03.log
2026-10-03 12:00:12 [INFO] scanner - ============================================================
2026-10-03 12:00:12 [INFO] scanner - 📝 PAPER MODE ATIVO - Apenas registro e análise
2026-10-03 12:00:15 [WARNING] root - Bloco de componentes falhou: cannot unpack non-iterable int object
2026-10-03 12:00:15 [INFO] scanner - ✅ Validações OK [BTC/USDT]: Score=8.5, R:R=2.08
2026-10-03 12:00:15 [INFO] scanner - ⏸️  Throttle ativo [BTC/USDT]:
2026-10-03 12:00:15 [INFO] scanner -    ├─ Último alerta há 1642.3 minutos
2026-10-03 12:00:15 [INFO] scanner -    ├─ Tempo mínimo: 1800 minutos
2026-10-03 12:00:15 [INFO] scanner -    └─ Próximo permitido em: 157.7 minutos
2026-10-03 15:34:41 [INFO] scanner - ============================================================
2026-10-03 15:34:41 [INFO] scanner - 🚀 SCANNER INICIADO
2026-10-03 15:34:41 [INFO] scanner - 📅 Data/Hora: 03/10/2026 15:34:41
2026-10-03 15:34:41 [INFO] scanner - 📂 Log: logs/scanner_2026-10-03.log
2026-10-03 15:34:41 [INFO] scanner - ============================================================
2026-10-03 15:34:41 [INFO] scanner - 📝 PAPER MODE ATIVO - Apenas registro e análise
2026-10-03 15:34:44 [WARNING] root - Bloco de componentes falhou: cannot unpack non-iterable int object
2026-10-03 15:34:44 [INFO] scanner - ✅ Validações OK [BTC/USDT]: Score=7.0, R:R=2.08
2026-10-03 15:34:44 [INFO] scanner - ✅ Throttle OK [BTC/USDT]: Pode enviar
2026-10-03 15:34:45 [INFO] scanner - 📝 Sinal no ledger: 20261003_153445_535796 - BTC/USDT
2026-10-03 15:34:45 [INFO] scanner - 📨 Alerta enviado | ID Ledger: 20261003_153445_535796
2026-10-03 18:45:17 [INFO] scanner - ============================================================
2026-10-03 18:45:17 [INFO] scanner - 🚀 SCANNER INICIADO
2026-10-03 18:45:17 [INFO] scanner - 📅 Data/Hora: 03/10/2026 18:45:17
2026-10-03 18:45:17 [INFO] scanner - 📂 Log: logs/scanner_2026-10-03.log
2026-10-03 18:45:17 [INFO] scanner - ============================================================
2026-10-03 18:45:17 [INFO] scanner - 📝 PAPER MODE ATIVO - Apenas registro e análise
2026-10-03 21:05:08 [INFO] scanner - ============================================================
2026-10-03 21:05:08 [INFO] scanner - 🚀 SCANNER INICIADO
2026-10-03 21:05:08 [INFO] scanner - 📅 Data/Hora: 03/10/2026 21:05:08
2026-10-03 21:05:08 [INFO] scanner - 📂 Log: logs/scanner_2026-10-03.log
2026-10-03 21:05:08 [INFO] scanner - ============================================================
2026-10-03 21:05:08 [INFO] scanner - 📝 PAPER MODE ATIVO - Apenas registro e análise
