2026-08-19 03:28:05 [INFO] scanner - ============================================================
2026-08-19 03:28:05 [INFO] scanner - 🚀 SCANNER INICIADO
2026-08-19 03:28:05 [INFO] scanner - 📅 Data/Hora: 19/08/2026 03:28:05
2026-08-19 03:28:05 [INFO] scanner - 📂 Log: logs/scanner_2026-08-19.log
2026-08-19 03:28:05 [INFO] scanner - ============================================================
2026-08-19 03:28:05 [INFO] scanner - 📝 PAPER MODE ATIVO - Apenas registro e análise
2026-08-19 03:28:09 [WARNING] root - Bloco de componentes falhou: cannot unpack non-iterable int object
2026-08-19 03:28:09 [INFO] scanner - ✅ Validações OK [ETH/USDT]: Score=7.3, R:R=2.00
2026-08-19 03:28:09 [INFO] scanner - ✅ Throttle OK [ETH/USDT]: Pode enviar
2026-08-19 03:28:10 [INFO] scanner - 📝 Sinal no ledger: 20260819_032810_525855 - ETH/USDT
2026-08-19 03:28:10 [INFO] scanner - 📨 Alerta enviado | ID Ledger: 20260819_032810_525855
2026-08-19 04:19:54 [INFO] scanner - ============================================================
2026-08-19 04:19:54 [INFO] scanner - 🚀 SCANNER INICIADO
2026-08-19 04:19:54 [INFO] scanner - 📅 Data/Hora: 19/08/2026 04:19:54
2026-08-19 04:19:54 [INFO] scanner - 📂 Log: logs/scanner_2026-08-19.log
2026-08-19 04:19:54 [INFO] scanner - ============================================================
2026-08-19 04:19:54 [INFO] scanner - 📝 PAPER MODE ATIVO - Apenas registro e análise
2026-08-19 04:19:59 [WARNING] root - Bloco de componentes falhou: cannot unpack non-iterable int object
2026-08-19 04:19:59 [INFO] scanner - ✅ Validações OK [ETH/USDT]: Score=7.3, R:R=2.00
2026-08-19 04:19:59 [INFO] scanner - ⏸️  Throttle ativo [ETH/USDT]:
2026-08-19 04:19:59 [INFO] scanner -    ├─ Último alerta há 51.8 minutos
2026-08-19 04:19:59 [INFO] scanner -    ├─ Tempo mínimo: 1800 minutos
2026-08-19 04:19:59 [INFO] scanner -    └─ Próximo permitido em: 1748.2 minutos
2026-08-19 04:59:45 [INFO] scanner - ============================================================
2026-08-19 04:59:45 [INFO] scanner - 🚀 SCANNER INICIADO
2026-08-19 04:59:45 [INFO] scanner - 📅 Data/Hora: 19/08/2026 04:59:45
2026-08-19 04:59:45 [INFO] scanner - 📂 Log: logs/scanner_2026-08-19.log
2026-08-19 04:59:45 [INFO] scanner - ============================================================
2026-08-19 04:59:45 [INFO] scanner - 📝 PAPER MODE ATIVO - Apenas registro e análise
2026-08-19 04:59:48 [WARNING] root - Bloco de componentes falhou: cannot unpack non-iterable int object
2026-08-19 04:59:48 [INFO] scanner - ✅ Validações OK [BTC/USDT]: Score=7.3, R:R=2.08
2026-08-19 04:59:48 [INFO] scanner - ⏸️  Throttle ativo [BTC/USDT]:
2026-08-19 04:59:48 [INFO] scanner -    ├─ Último alerta há 1116.9 minutos
2026-08-19 04:59:48 [INFO] scanner -    ├─ Tempo mínimo: 1800 minutos
2026-08-19 04:59:48 [INFO] scanner -    └─ Próximo permitido em: 683.1 minutos
2026-08-19 04:59:48 [WARNING] root - Bloco de componentes falhou: cannot unpack non-iterable int object
2026-08-19 04:59:48 [INFO] scanner - ✅ Validações OK [BTC/USDT]: Score=7.3, R:R=2.08
2026-08-19 04:59:48 [INFO] scanner - ⏸️  Throttle ativo [BTC/USDT]:
2026-08-19 04:59:48 [INFO] scanner -    ├─ Último alerta há 1116.9 minutos
2026-08-19 04:59:48 [INFO] scanner -    ├─ Tempo mínimo: 1800 minutos
2026-08-19 04:59:48 [INFO] scanner -    └─ Próximo permitido em: 683.1 minutos
2026-08-19 04:59:50 [WARNING] root - Bloco de componentes falhou: cannot unpack non-iterable int object
2026-08-19 04:59:50 [INFO] scanner - ✅ Validações OK [ETH/USDT]: Score=7.8, R:R=2.00
2026-08-19 04:59:50 [INFO] scanner - ⏸️  Throttle ativo [ETH/USDT]:
2026-08-19 04:59:50 [INFO] scanner -    ├─ Último alerta há 91.7 minutos
2026-08-19 04:59:50 [INFO] scanner -    ├─ Tempo mínimo: 1800 minutos
2026-08-19 04:59:50 [INFO] scanner -    └─ Próximo permitido em: 1708.3 minutos
2026-08-19 04:59:51 [WARNING] root - Bloco de componentes falhou: cannot unpack non-iterable int object
2026-08-19 04:59:51 [INFO] scanner - ✅ Validações OK [ETH/USDT]: Score=7.8, R:R=2.00
2026-08-19 04:59:51 [INFO] scanner - ⏸️  Throttle ativo [ETH/USDT]:
2026-08-19 04:59:51 [INFO] scanner -    ├─ Último alerta há 91.7 minutos
2026-08-19 04:59:51 [INFO] scanner -    ├─ Tempo mínimo: 1800 minutos
2026-08-19 04:59:51 [INFO] scanner -    └─ Próximo permitido em: 1708.3 minutos
2026-08-19 05:40:18 [INFO] scanner - ============================================================
2026-08-19 05:40:18 [INFO] scanner - 🚀 SCANNER INICIADO
2026-08-19 05:40:18 [INFO] scanner - 📅 Data/Hora: 19/08/2026 05:40:18
2026-08-19 05:40:18 [INFO] scanner - 📂 Log: logs/scanner_2026-08-19.log
2026-08-19 05:40:18 [INFO] scanner - ============================================================
2026-08-19 05:40:18 [INFO] scanner - 📝 PAPER MODE ATIVO - Apenas registro e análise
2026-08-19 05:40:21 [WARNING] root - Bloco de componentes falhou: cannot unpack non-iterable int object
2026-08-19 05:40:21 [INFO] scanner - ✅ Validações OK [BTC/USDT]: Score=7.3, R:R=2.08
2026-08-19 05:40:21 [INFO] scanner - ⏸️  Throttle ativo [BTC/USDT]:
2026-08-19 05:40:21 [INFO] scanner -    ├─ Último alerta há 1157.5 minutos
2026-08-19 05:40:21 [INFO] scanner -    ├─ Tempo mínimo: 1800 minutos
2026-08-19 05:40:21 [INFO] scanner -    └─ Próximo permitido em: 642.5 minutos
2026-08-19 05:40:23 [WARNING] root - Bloco de componentes falhou: cannot unpack non-iterable int object
2026-08-19 05:40:23 [INFO] scanner - ✅ Validações OK [ETH/USDT]: Score=7.8, R:R=2.00
2026-08-19 05:40:23 [INFO] scanner - ⏸️  Throttle ativo [ETH/USDT]:
2026-08-19 05:40:23 [INFO] scanner -    ├─ Último alerta há 132.2 minutos
2026-08-19 05:40:23 [INFO] scanner -    ├─ Tempo mínimo: 1800 minutos
2026-08-19 05:40:23 [INFO] scanner -    └─ Próximo permitido em: 1667.8 minutos
2026-08-19 05:40:23 [WARNING] root - Bloco de componentes falhou: cannot unpack non-iterable int object
2026-08-19 05:40:23 [INFO] scanner - ✅ Validações OK [ETH/USDT]: Score=7.8, R:R=2.00
2026-08-19 05:40:23 [INFO] scanner - ⏸️  Throttle ativo [ETH/USDT]:
2026-08-19 05:40:23 [INFO] scanner -    ├─ Último alerta há 132.2 minutos
2026-08-19 05:40:23 [INFO] scanner -    ├─ Tempo mínimo: 1800 minutos
2026-08-19 05:40:23 [INFO] scanner -    └─ Próximo permitido em: 1667.8 minutos
2026-08-19 05:40:24 [WARNING] root - Bloco de componentes falhou: cannot unpack non-iterable int object
2026-08-19 05:40:24 [INFO] scanner - ✅ Validações OK [ETH/USDT]: Score=7.8, R:R=2.00
2026-08-19 05:40:24 [INFO] scanner - ⏸️  Throttle ativo [ETH/USDT]:
2026-08-19 05:40:24 [INFO] scanner -    ├─ Último alerta há 132.2 minutos
2026-08-19 05:40:24 [INFO] scanner -    ├─ Tempo mínimo: 1800 minutos
2026-08-19 05:40:24 [INFO] scanner -    └─ Próximo permitido em: 1667.8 minutos
2026-08-19 06:14:52 [INFO] scanner - ============================================================
2026-08-19 06:14:52 [INFO] scanner - 🚀 SCANNER INICIADO
2026-08-19 06:14:52 [INFO] scanner - 📅 Data/Hora: 19/08/2026 06:14:52
2026-08-19 06:14:52 [INFO] scanner - 📂 Log: logs/scanner_2026-08-19.log
2026-08-19 06:14:52 [INFO] scanner - ============================================================
2026-08-19 06:14:52 [INFO] scanner - 📝 PAPER MODE ATIVO - Apenas registro e análise
2026-08-19 06:14:57 [WARNING] root - Bloco de componentes falhou: cannot unpack non-iterable int object
2026-08-19 06:14:57 [INFO] scanner - ✅ Validações OK [ETH/USDT]: Score=7.8, R:R=2.00
2026-08-19 06:14:57 [INFO] scanner - ⏸️  Throttle ativo [ETH/USDT]:
2026-08-19 06:14:57 [INFO] scanner -    ├─ Último alerta há 166.8 minutos
2026-08-19 06:14:57 [INFO] scanner -    ├─ Tempo mínimo: 1800 minutos
2026-08-19 06:14:57 [INFO] scanner -    └─ Próximo permitido em: 1633.2 minutos
2026-08-19 06:14:58 [WARNING] root - Bloco de componentes falhou: cannot unpack non-iterable int object
2026-08-19 06:14:58 [INFO] scanner - ✅ Validações OK [ETH/USDT]: Score=7.8, R:R=2.00
2026-08-19 06:14:58 [INFO] scanner - ⏸️  Throttle ativo [ETH/USDT]:
2026-08-19 06:14:58 [INFO] scanner -    ├─ Último alerta há 166.8 minutos
2026-08-19 06:14:58 [INFO] scanner -    ├─ Tempo mínimo: 1800 minutos
2026-08-19 06:14:58 [INFO] scanner -    └─ Próximo permitido em: 1633.2 minutos
2026-08-19 06:49:48 [INFO] scanner - ============================================================
2026-08-19 06:49:48 [INFO] scanner - 🚀 SCANNER INICIADO
2026-08-19 06:49:48 [INFO] scanner - 📅 Data/Hora: 19/08/2026 06:49:48
2026-08-19 06:49:48 [INFO] scanner - 📂 Log: logs/scanner_2026-08-19.log
2026-08-19 06:49:48 [INFO] scanner - ============================================================
2026-08-19 06:49:48 [INFO] scanner - 📝 PAPER MODE ATIVO - Apenas registro e análise
2026-08-19 06:49:51 [WARNING] root - Bloco de componentes falhou: cannot unpack non-iterable int object
2026-08-19 06:49:51 [INFO] scanner - ✅ Validações OK [BTC/USDT]: Score=7.3, R:R=2.08
2026-08-19 06:49:51 [INFO] scanner - ⏸️  Throttle ativo [BTC/USDT]:
2026-08-19 06:49:51 [INFO] scanner -    ├─ Último alerta há 1227.0 minutos
2026-08-19 06:49:51 [INFO] scanner -    ├─ Tempo mínimo: 1800 minutos
2026-08-19 06:49:51 [INFO] scanner -    └─ Próximo permitido em: 573.0 minutos
2026-08-19 06:49:51 [WARNING] root - Bloco de componentes falhou: cannot unpack non-iterable int object
2026-08-19 06:49:51 [INFO] scanner - ✅ Validações OK [BTC/USDT]: Score=7.3, R:R=2.08
2026-08-19 06:49:51 [INFO] scanner - ⏸️  Throttle ativo [BTC/USDT]:
2026-08-19 06:49:51 [INFO] scanner -    ├─ Último alerta há 1227.0 minutos
2026-08-19 06:49:51 [INFO] scanner -    ├─ Tempo mínimo: 1800 minutos
2026-08-19 06:49:51 [INFO] scanner -    └─ Próximo permitido em: 573.0 minutos
2026-08-19 06:49:53 [WARNING] root - Bloco de componentes falhou: cannot unpack non-iterable int object
2026-08-19 06:49:53 [INFO] scanner - ✅ Validações OK [ETH/USDT]: Score=7.3, R:R=2.00
2026-08-19 06:49:53 [INFO] scanner - ⏸️  Throttle ativo [ETH/USDT]:
2026-08-19 06:49:53 [INFO] scanner -    ├─ Último alerta há 201.7 minutos
2026-08-19 06:49:53 [INFO] scanner -    ├─ Tempo mínimo: 1800 minutos
2026-08-19 06:49:53 [INFO] scanner -    └─ Próximo permitido em: 1598.3 minutos
2026-08-19 06:49:54 [WARNING] root - Bloco de componentes falhou: cannot unpack non-iterable int object
2026-08-19 06:49:54 [INFO] scanner - ✅ Validações OK [ETH/USDT]: Score=7.3, R:R=2.00
2026-08-19 06:49:54 [INFO] scanner - ⏸️  Throttle ativo [ETH/USDT]:
2026-08-19 06:49:54 [INFO] scanner -    ├─ Último alerta há 201.7 minutos
2026-08-19 06:49:54 [INFO] scanner -    ├─ Tempo mínimo: 1800 minutos
2026-08-19 06:49:54 [INFO] scanner -    └─ Próximo permitido em: 1598.3 minutos
2026-08-19 07:19:41 [INFO] scanner - ============================================================
2026-08-19 07:19:41 [INFO] scanner - 🚀 SCANNER INICIADO
2026-08-19 07:19:41 [INFO] scanner - 📅 Data/Hora: 19/08/2026 07:19:41
2026-08-19 07:19:41 [INFO] scanner - 📂 Log: logs/scanner_2026-08-19.log
2026-08-19 07:19:41 [INFO] scanner - ============================================================
2026-08-19 07:19:41 [INFO] scanner - 📝 PAPER MODE ATIVO - Apenas registro e análise
2026-08-19 07:19:46 [WARNING] root - Bloco de componentes falhou: cannot unpack non-iterable int object
2026-08-19 07:19:46 [INFO] scanner - ✅ Validações OK [ETH/USDT]: Score=7.3, R:R=2.00
2026-08-19 07:19:46 [INFO] scanner - ⏸️  Throttle ativo [ETH/USDT]:
2026-08-19 07:19:46 [INFO] scanner -    ├─ Último alerta há 231.6 minutos
2026-08-19 07:19:46 [INFO] scanner -    ├─ Tempo mínimo: 1800 minutos
2026-08-19 07:19:46 [INFO] scanner -    └─ Próximo permitido em: 1568.4 minutos
2026-08-19 07:19:46 [WARNING] root - Bloco de componentes falhou: cannot unpack non-iterable int object
2026-08-19 07:19:46 [INFO] scanner - ✅ Validações OK [ETH/USDT]: Score=7.3, R:R=2.00
2026-08-19 07:19:46 [INFO] scanner - ⏸️  Throttle ativo [ETH/USDT]:
2026-08-19 07:19:46 [INFO] scanner -    ├─ Último alerta há 231.6 minutos
2026-08-19 07:19:46 [INFO] scanner -    ├─ Tempo mínimo: 1800 minutos
2026-08-19 07:19:46 [INFO] scanner -    └─ Próximo permitido em: 1568.4 minutos
2026-08-19 07:52:31 [INFO] scanner - ============================================================
2026-08-19 07:52:31 [INFO] scanner - 🚀 SCANNER INICIADO
2026-08-19 07:52:31 [INFO] scanner - 📅 Data/Hora: 19/08/2026 07:52:31
2026-08-19 07:52:31 [INFO] scanner - 📂 Log: logs/scanner_2026-08-19.log
2026-08-19 07:52:31 [INFO] scanner - ============================================================
2026-08-19 07:52:31 [INFO] scanner - 📝 PAPER MODE ATIVO - Apenas registro e análise
2026-08-19 07:52:36 [WARNING] root - Bloco de componentes falhou: cannot unpack non-iterable int object
2026-08-19 07:52:36 [INFO] scanner - ✅ Validações OK [ETH/USDT]: Score=7.3, R:R=2.00
2026-08-19 07:52:36 [INFO] scanner - ⏸️  Throttle ativo [ETH/USDT]:
2026-08-19 07:52:36 [INFO] scanner -    ├─ Último alerta há 264.4 minutos
2026-08-19 07:52:36 [INFO] scanner -    ├─ Tempo mínimo: 1800 minutos
2026-08-19 07:52:36 [INFO] scanner -    └─ Próximo permitido em: 1535.6 minutos
2026-08-19 07:52:36 [WARNING] root - Bloco de componentes falhou: cannot unpack non-iterable int object
2026-08-19 07:52:36 [INFO] scanner - ✅ Validações OK [ETH/USDT]: Score=7.3, R:R=2.00
2026-08-19 07:52:36 [INFO] scanner - ⏸️  Throttle ativo [ETH/USDT]:
2026-08-19 07:52:36 [INFO] scanner -    ├─ Último alerta há 264.4 minutos
2026-08-19 07:52:36 [INFO] scanner -    ├─ Tempo mínimo: 1800 minutos
2026-08-19 07:52:36 [INFO] scanner -    └─ Próximo permitido em: 1535.6 minutos
2026-08-19 08:16:51 [INFO] scanner - ============================================================
2026-08-19 08:16:51 [INFO] scanner - 🚀 SCANNER INICIADO
2026-08-19 08:16:51 [INFO] scanner - 📅 Data/Hora: 19/08/2026 08:16:51
2026-08-19 08:16:51 [INFO] scanner - 📂 Log: logs/scanner_2026-08-19.log
2026-08-19 08:16:51 [INFO] scanner - ============================================================
2026-08-19 08:16:51 [INFO] scanner - 📝 PAPER MODE ATIVO - Apenas registro e análise
2026-08-19 08:16:54 [WARNING] root - Bloco de componentes falhou: cannot unpack non-iterable int object
2026-08-19 08:16:54 [INFO] scanner - ✅ Validações OK [BTC/USDT]: Score=7.3, R:R=2.08
2026-08-19 08:16:54 [INFO] scanner - ⏸️  Throttle ativo [BTC/USDT]:
2026-08-19 08:16:54 [INFO] scanner -    ├─ Último alerta há 1314.0 minutos
2026-08-19 08:16:54 [INFO] scanner -    ├─ Tempo mínimo: 1800 minutos
2026-08-19 08:16:54 [INFO] scanner -    └─ Próximo permitido em: 486.0 minutos
2026-08-19 08:16:56 [WARNING] root - Bloco de componentes falhou: cannot unpack non-iterable int object
2026-08-19 08:16:56 [INFO] scanner - ✅ Validações OK [ETH/USDT]: Score=7.3, R:R=2.00
2026-08-19 08:16:56 [INFO] scanner - ⏸️  Throttle ativo [ETH/USDT]:
2026-08-19 08:16:56 [INFO] scanner -    ├─ Último alerta há 288.8 minutos
2026-08-19 08:16:56 [INFO] scanner -    ├─ Tempo mínimo: 1800 minutos
2026-08-19 08:16:56 [INFO] scanner -    └─ Próximo permitido em: 1511.2 minutos
2026-08-19 08:16:57 [WARNING] root - Bloco de componentes falhou: cannot unpack non-iterable int object
2026-08-19 08:16:57 [INFO] scanner - ✅ Validações OK [ETH/USDT]: Score=7.3, R:R=2.00
2026-08-19 08:16:57 [INFO] scanner - ⏸️  Throttle ativo [ETH/USDT]:
2026-08-19 08:16:57 [INFO] scanner -    ├─ Último alerta há 288.8 minutos
2026-08-19 08:16:57 [INFO] scanner -    ├─ Tempo mínimo: 1800 minutos
2026-08-19 08:16:57 [INFO] scanner -    └─ Próximo permitido em: 1511.2 minutos
2026-08-19 08:47:20 [INFO] scanner - ============================================================
2026-08-19 08:47:20 [INFO] scanner - 🚀 SCANNER INICIADO
2026-08-19 08:47:20 [INFO] scanner - 📅 Data/Hora: 19/08/2026 08:47:20
2026-08-19 08:47:20 [INFO] scanner - 📂 Log: logs/scanner_2026-08-19.log
2026-08-19 08:47:20 [INFO] scanner - ============================================================
2026-08-19 08:47:20 [INFO] scanner - 📝 PAPER MODE ATIVO - Apenas registro e análise
2026-08-19 08:47:23 [WARNING] root - Bloco de componentes falhou: cannot unpack non-iterable int object
2026-08-19 08:47:23 [INFO] scanner - ✅ Validações OK [BTC/USDT]: Score=7.3, R:R=2.08
2026-08-19 08:47:23 [INFO] scanner - ⏸️  Throttle ativo [BTC/USDT]:
2026-08-19 08:47:23 [INFO] scanner -    ├─ Último alerta há 1344.5 minutos
2026-08-19 08:47:23 [INFO] scanner -    ├─ Tempo mínimo: 1800 minutos
2026-08-19 08:47:23 [INFO] scanner -    └─ Próximo permitido em: 455.5 minutos
2026-08-19 08:47:25 [WARNING] root - Bloco de componentes falhou: cannot unpack non-iterable int object
2026-08-19 08:47:25 [INFO] scanner - ✅ Validações OK [ETH/USDT]: Score=7.3, R:R=2.00
2026-08-19 08:47:25 [INFO] scanner - ⏸️  Throttle ativo [ETH/USDT]:
2026-08-19 08:47:25 [INFO] scanner -    ├─ Último alerta há 319.3 minutos
2026-08-19 08:47:25 [INFO] scanner -    ├─ Tempo mínimo: 1800 minutos
2026-08-19 08:47:25 [INFO] scanner -    └─ Próximo permitido em: 1480.7 minutos
2026-08-19 08:47:25 [WARNING] root - Bloco de componentes falhou: cannot unpack non-iterable int object
2026-08-19 08:47:25 [INFO] scanner - ✅ Validações OK [ETH/USDT]: Score=7.3, R:R=2.00
2026-08-19 08:47:25 [INFO] scanner - ⏸️  Throttle ativo [ETH/USDT]:
2026-08-19 08:47:25 [INFO] scanner -    ├─ Último alerta há 319.3 minutos
2026-08-19 08:47:25 [INFO] scanner -    ├─ Tempo mínimo: 1800 minutos
2026-08-19 08:47:25 [INFO] scanner -    └─ Próximo permitido em: 1480.7 minutos
