2026-09-26 07:33:01 [INFO] scanner - ============================================================
2026-09-26 07:33:01 [INFO] scanner - 🚀 SCANNER INICIADO
2026-09-26 07:33:01 [INFO] scanner - 📅 Data/Hora: 26/09/2026 07:33:01
2026-09-26 07:33:01 [INFO] scanner - 📂 Log: logs/scanner_2026-09-26.log
2026-09-26 07:33:01 [INFO] scanner - ============================================================
2026-09-26 07:33:01 [INFO] scanner - 📝 PAPER MODE ATIVO - Apenas registro e análise
2026-09-26 07:33:04 [WARNING] root - Bloco de componentes falhou: cannot unpack non-iterable int object
2026-09-26 07:33:04 [INFO] scanner - ✅ Validações OK [BTC/USDT]: Score=8.5, R:R=2.08
2026-09-26 07:33:04 [INFO] scanner - ⏸️  Throttle ativo [BTC/USDT]:
2026-09-26 07:33:04 [INFO] scanner -    ├─ Último alerta há 1420.4 minutos
2026-09-26 07:33:04 [INFO] scanner -    ├─ Tempo mínimo: 1800 minutos
2026-09-26 07:33:04 [INFO] scanner -    └─ Próximo permitido em: 379.6 minutos
2026-09-26 07:33:05 [WARNING] root - Bloco de componentes falhou: cannot unpack non-iterable int object
2026-09-26 07:33:05 [INFO] scanner - ✅ Validações OK [BTC/USDT]: Score=7.0, R:R=2.08
2026-09-26 07:33:05 [INFO] scanner - ⏸️  Throttle ativo [BTC/USDT]:
2026-09-26 07:33:05 [INFO] scanner -    ├─ Último alerta há 1420.4 minutos
2026-09-26 07:33:05 [INFO] scanner -    ├─ Tempo mínimo: 1800 minutos
2026-09-26 07:33:05 [INFO] scanner -    └─ Próximo permitido em: 379.6 minutos
2026-09-26 07:33:06 [WARNING] root - Bloco de componentes falhou: cannot unpack non-iterable int object
2026-09-26 07:33:06 [INFO] scanner - ✅ Validações OK [ETH/USDT]: Score=8.5, R:R=2.00
2026-09-26 07:33:06 [INFO] scanner - ✅ Throttle OK [ETH/USDT]: Pode enviar
2026-09-26 07:33:07 [INFO] scanner - 📝 Sinal no ledger: 20260926_073307_567185 - ETH/USDT
2026-09-26 07:33:07 [INFO] scanner - 📨 Alerta enviado | ID Ledger: 20260926_073307_567185
2026-09-26 11:43:41 [INFO] scanner - ============================================================
2026-09-26 11:43:41 [INFO] scanner - 🚀 SCANNER INICIADO
2026-09-26 11:43:41 [INFO] scanner - 📅 Data/Hora: 26/09/2026 11:43:41
2026-09-26 11:43:41 [INFO] scanner - 📂 Log: logs/scanner_2026-09-26.log
2026-09-26 11:43:41 [INFO] scanner - ============================================================
2026-09-26 11:43:41 [INFO] scanner - 📝 PAPER MODE ATIVO - Apenas registro e análise
2026-09-26 15:03:14 [INFO] scanner - ============================================================
2026-09-26 15:03:14 [INFO] scanner - 🚀 SCANNER INICIADO
2026-09-26 15:03:14 [INFO] scanner - 📅 Data/Hora: 26/09/2026 15:03:14
2026-09-26 15:03:14 [INFO] scanner - 📂 Log: logs/scanner_2026-09-26.log
2026-09-26 15:03:14 [INFO] scanner - ============================================================
2026-09-26 15:03:14 [INFO] scanner - 📝 PAPER MODE ATIVO - Apenas registro e análise
2026-09-26 15:03:18 [WARNING] root - Bloco de componentes falhou: cannot unpack non-iterable int object
2026-09-26 15:03:18 [INFO] scanner - ✅ Validações OK [BTC/USDT]: Score=8.5, R:R=2.08
2026-09-26 15:03:18 [INFO] scanner - ✅ Throttle OK [BTC/USDT]: Pode enviar
2026-09-26 15:03:18 [INFO] scanner - 📝 Sinal no ledger: 20260926_150318_799979 - BTC/USDT
2026-09-26 15:03:18 [INFO] scanner - 📨 Alerta enviado | ID Ledger: 20260926_150318_799979
2026-09-26 18:05:43 [INFO] scanner - ============================================================
2026-09-26 18:05:43 [INFO] scanner - 🚀 SCANNER INICIADO
2026-09-26 18:05:43 [INFO] scanner - 📅 Data/Hora: 26/09/2026 18:05:43
2026-09-26 18:05:43 [INFO] scanner - 📂 Log: logs/scanner_2026-09-26.log
2026-09-26 18:05:43 [INFO] scanner - ============================================================
2026-09-26 18:05:43 [INFO] scanner - 📝 PAPER MODE ATIVO - Apenas registro e análise
2026-09-26 18:05:46 [WARNING] root - Bloco de componentes falhou: cannot unpack non-iterable int object
2026-09-26 18:05:46 [INFO] scanner - ✅ Validações OK [BTC/USDT]: Score=7.0, R:R=2.08
2026-09-26 18:05:46 [INFO] scanner - ⏸️  Throttle ativo [BTC/USDT]:
2026-09-26 18:05:46 [INFO] scanner -    ├─ Último alerta há 182.5 minutos
2026-09-26 18:05:46 [INFO] scanner -    ├─ Tempo mínimo: 1800 minutos
2026-09-26 18:05:46 [INFO] scanner -    └─ Próximo permitido em: 1617.5 minutos
2026-09-26 20:35:27 [INFO] scanner - ============================================================
2026-09-26 20:35:27 [INFO] scanner - 🚀 SCANNER INICIADO
2026-09-26 20:35:27 [INFO] scanner - 📅 Data/Hora: 26/09/2026 20:35:27
2026-09-26 20:35:27 [INFO] scanner - 📂 Log: logs/scanner_2026-09-26.log
2026-09-26 20:35:27 [INFO] scanner - ============================================================
2026-09-26 20:35:27 [INFO] scanner - 📝 PAPER MODE ATIVO - Apenas registro e análise
2026-09-26 20:35:32 [WARNING] root - Bloco de componentes falhou: cannot unpack non-iterable int object
2026-09-26 20:35:32 [INFO] scanner - ✅ Validações OK [ETH/USDT]: Score=7.0, R:R=2.00
2026-09-26 20:35:32 [INFO] scanner - ⏸️  Throttle ativo [ETH/USDT]:
2026-09-26 20:35:32 [INFO] scanner -    ├─ Último alerta há 782.4 minutos
2026-09-26 20:35:32 [INFO] scanner -    ├─ Tempo mínimo: 1800 minutos
2026-09-26 20:35:32 [INFO] scanner -    └─ Próximo permitido em: 1017.6 minutos
