2026-09-18 07:17:40 [INFO] scanner - ============================================================
2026-09-18 07:17:40 [INFO] scanner - 🚀 SCANNER INICIADO
2026-09-18 07:17:40 [INFO] scanner - 📅 Data/Hora: 18/09/2026 07:17:40
2026-09-18 07:17:40 [INFO] scanner - 📂 Log: logs/scanner_2026-09-18.log
2026-09-18 07:17:40 [INFO] scanner - ============================================================
2026-09-18 07:17:40 [INFO] scanner - 📝 PAPER MODE ATIVO - Apenas registro e análise
2026-09-18 07:17:44 [WARNING] root - Bloco de componentes falhou: cannot unpack non-iterable int object
2026-09-18 07:17:44 [INFO] scanner - ✅ Validações OK [BTC/USDT]: Score=7.3, R:R=2.08
2026-09-18 07:17:44 [INFO] scanner - ✅ Throttle OK [BTC/USDT]: Pode enviar
2026-09-18 07:17:46 [WARNING] root - Bloco de componentes falhou: cannot unpack non-iterable int object
2026-09-18 07:17:46 [INFO] scanner - ✅ Validações OK [ETH/USDT]: Score=7.3, R:R=2.00
2026-09-18 07:17:46 [INFO] scanner - ⏸️  Throttle ativo [ETH/USDT]:
2026-09-18 07:17:46 [INFO] scanner -    ├─ Último alerta há 1415.5 minutos
2026-09-18 07:17:46 [INFO] scanner -    ├─ Tempo mínimo: 1800 minutos
2026-09-18 07:17:46 [INFO] scanner -    └─ Próximo permitido em: 384.5 minutos
2026-09-18 07:17:47 [WARNING] root - Bloco de componentes falhou: cannot unpack non-iterable int object
2026-09-18 07:17:47 [INFO] scanner - ✅ Validações OK [ETH/USDT]: Score=7.3, R:R=2.00
2026-09-18 07:17:47 [INFO] scanner - ⏸️  Throttle ativo [ETH/USDT]:
2026-09-18 07:17:47 [INFO] scanner -    ├─ Último alerta há 1415.5 minutos
2026-09-18 07:17:47 [INFO] scanner -    ├─ Tempo mínimo: 1800 minutos
2026-09-18 07:17:47 [INFO] scanner -    └─ Próximo permitido em: 384.5 minutos
