2026-08-05 05:20:29 [INFO] scanner - ============================================================
2026-08-05 05:20:29 [INFO] scanner - 🚀 SCANNER INICIADO
2026-08-05 05:20:29 [INFO] scanner - 📅 Data/Hora: 05/08/2026 05:20:29
2026-08-05 05:20:29 [INFO] scanner - 📂 Log: logs/scanner_2026-08-05.log
2026-08-05 05:20:29 [INFO] scanner - ============================================================
2026-08-05 05:20:29 [INFO] scanner - 📝 PAPER MODE ATIVO - Apenas registro e análise
2026-08-05 05:20:32 [WARNING] root - Bloco de componentes falhou: cannot unpack non-iterable int object
2026-08-05 05:20:32 [INFO] scanner - ✅ Validações OK [BTC/USDT]: Score=7.3, R:R=2.08
2026-08-05 05:20:32 [INFO] scanner - ⏸️  Throttle ativo [BTC/USDT]:
2026-08-05 05:20:32 [INFO] scanner -    ├─ Último alerta há 626.5 minutos
2026-08-05 05:20:32 [INFO] scanner -    ├─ Tempo mínimo: 1800 minutos
2026-08-05 05:20:32 [INFO] scanner -    └─ Próximo permitido em: 1173.5 minutos
2026-08-05 07:57:10 [INFO] scanner - ============================================================
2026-08-05 07:57:10 [INFO] scanner - 🚀 SCANNER INICIADO
2026-08-05 07:57:10 [INFO] scanner - 📅 Data/Hora: 05/08/2026 07:57:10
2026-08-05 07:57:10 [INFO] scanner - 📂 Log: logs/scanner_2026-08-05.log
2026-08-05 07:57:10 [INFO] scanner - ============================================================
2026-08-05 07:57:10 [INFO] scanner - 📝 PAPER MODE ATIVO - Apenas registro e análise
2026-08-05 07:57:16 [WARNING] root - Bloco de componentes falhou: cannot unpack non-iterable int object
2026-08-05 07:57:16 [INFO] scanner - ✅ Validações OK [BTC/USDT]: Score=7.3, R:R=2.08
2026-08-05 07:57:16 [INFO] scanner - ⏸️  Throttle ativo [BTC/USDT]:
2026-08-05 07:57:16 [INFO] scanner -    ├─ Último alerta há 783.2 minutos
2026-08-05 07:57:16 [INFO] scanner -    ├─ Tempo mínimo: 1800 minutos
2026-08-05 07:57:16 [INFO] scanner -    └─ Próximo permitido em: 1016.8 minutos
2026-08-05 09:49:21 [INFO] scanner - ============================================================
2026-08-05 09:49:21 [INFO] scanner - 🚀 SCANNER INICIADO
2026-08-05 09:49:21 [INFO] scanner - 📅 Data/Hora: 05/08/2026 09:49:21
2026-08-05 09:49:21 [INFO] scanner - 📂 Log: logs/scanner_2026-08-05.log
2026-08-05 09:49:21 [INFO] scanner - ============================================================
2026-08-05 09:49:21 [INFO] scanner - 📝 PAPER MODE ATIVO - Apenas registro e análise
2026-08-05 09:49:24 [WARNING] root - Bloco de componentes falhou: cannot unpack non-iterable int object
2026-08-05 09:49:24 [INFO] scanner - ✅ Validações OK [BTC/USDT]: Score=7.3, R:R=2.08
2026-08-05 09:49:24 [INFO] scanner - ⏸️  Throttle ativo [BTC/USDT]:
2026-08-05 09:49:24 [INFO] scanner -    ├─ Último alerta há 895.3 minutos
2026-08-05 09:49:24 [INFO] scanner -    ├─ Tempo mínimo: 1800 minutos
2026-08-05 09:49:24 [INFO] scanner -    └─ Próximo permitido em: 904.7 minutos
2026-08-05 09:49:24 [WARNING] root - Bloco de componentes falhou: cannot unpack non-iterable int object
2026-08-05 09:49:24 [INFO] scanner - ✅ Validações OK [BTC/USDT]: Score=7.3, R:R=2.08
2026-08-05 09:49:24 [INFO] scanner - ⏸️  Throttle ativo [BTC/USDT]:
2026-08-05 09:49:24 [INFO] scanner -    ├─ Último alerta há 895.3 minutos
2026-08-05 09:49:24 [INFO] scanner -    ├─ Tempo mínimo: 1800 minutos
2026-08-05 09:49:24 [INFO] scanner -    └─ Próximo permitido em: 904.7 minutos
2026-08-05 09:49:26 [WARNING] root - Bloco de componentes falhou: cannot unpack non-iterable int object
2026-08-05 09:49:26 [INFO] scanner - ✅ Validações OK [ETH/USDT]: Score=7.3, R:R=2.00
2026-08-05 09:49:26 [INFO] scanner - ✅ Throttle OK [ETH/USDT]: Pode enviar
2026-08-05 09:49:27 [INFO] scanner - 📝 Sinal no ledger: 20260805_094927_249046 - ETH/USDT
2026-08-05 09:49:27 [INFO] scanner - 📨 Alerta enviado | ID Ledger: 20260805_094927_249046
2026-08-05 12:08:40 [INFO] scanner - ============================================================
2026-08-05 12:08:40 [INFO] scanner - 🚀 SCANNER INICIADO
2026-08-05 12:08:40 [INFO] scanner - 📅 Data/Hora: 05/08/2026 12:08:40
2026-08-05 12:08:40 [INFO] scanner - 📂 Log: logs/scanner_2026-08-05.log
2026-08-05 12:08:40 [INFO] scanner - ============================================================
2026-08-05 12:08:40 [INFO] scanner - 📝 PAPER MODE ATIVO - Apenas registro e análise
2026-08-05 12:08:43 [WARNING] root - Bloco de componentes falhou: cannot unpack non-iterable int object
2026-08-05 12:08:43 [INFO] scanner - ✅ Validações OK [BTC/USDT]: Score=7.3, R:R=2.08
2026-08-05 12:08:43 [INFO] scanner - ⏸️  Throttle ativo [BTC/USDT]:
2026-08-05 12:08:43 [INFO] scanner -    ├─ Último alerta há 1034.6 minutos
2026-08-05 12:08:43 [INFO] scanner -    ├─ Tempo mínimo: 1800 minutos
2026-08-05 12:08:43 [INFO] scanner -    └─ Próximo permitido em: 765.4 minutos
2026-08-05 13:50:52 [INFO] scanner - ============================================================
2026-08-05 13:50:52 [INFO] scanner - 🚀 SCANNER INICIADO
2026-08-05 13:50:52 [INFO] scanner - 📅 Data/Hora: 05/08/2026 13:50:52
2026-08-05 13:50:52 [INFO] scanner - 📂 Log: logs/scanner_2026-08-05.log
2026-08-05 13:50:52 [INFO] scanner - ============================================================
2026-08-05 13:50:52 [INFO] scanner - 📝 PAPER MODE ATIVO - Apenas registro e análise
2026-08-05 13:50:55 [WARNING] root - Bloco de componentes falhou: cannot unpack non-iterable int object
2026-08-05 13:50:55 [INFO] scanner - ✅ Validações OK [BTC/USDT]: Score=7.3, R:R=2.08
2026-08-05 13:50:55 [INFO] scanner - ⏸️  Throttle ativo [BTC/USDT]:
2026-08-05 13:50:55 [INFO] scanner -    ├─ Último alerta há 1136.8 minutos
2026-08-05 13:50:55 [INFO] scanner -    ├─ Tempo mínimo: 1800 minutos
2026-08-05 13:50:55 [INFO] scanner -    └─ Próximo permitido em: 663.2 minutos
2026-08-05 13:50:56 [WARNING] root - Bloco de componentes falhou: cannot unpack non-iterable int object
2026-08-05 13:50:56 [INFO] scanner - ✅ Validações OK [BTC/USDT]: Score=7.3, R:R=2.08
2026-08-05 13:50:56 [INFO] scanner - ⏸️  Throttle ativo [BTC/USDT]:
2026-08-05 13:50:56 [INFO] scanner -    ├─ Último alerta há 1136.8 minutos
2026-08-05 13:50:56 [INFO] scanner -    ├─ Tempo mínimo: 1800 minutos
2026-08-05 13:50:56 [INFO] scanner -    └─ Próximo permitido em: 663.2 minutos
2026-08-05 13:50:58 [WARNING] root - Bloco de componentes falhou: cannot unpack non-iterable int object
2026-08-05 13:50:58 [INFO] scanner - ✅ Validações OK [ETH/USDT]: Score=7.3, R:R=2.00
2026-08-05 13:50:58 [INFO] scanner - ⏸️  Throttle ativo [ETH/USDT]:
2026-08-05 13:50:58 [INFO] scanner -    ├─ Último alerta há 241.5 minutos
2026-08-05 13:50:58 [INFO] scanner -    ├─ Tempo mínimo: 1800 minutos
2026-08-05 13:50:58 [INFO] scanner -    └─ Próximo permitido em: 1558.5 minutos
2026-08-05 13:50:58 [WARNING] root - Bloco de componentes falhou: cannot unpack non-iterable int object
2026-08-05 13:50:58 [INFO] scanner - ✅ Validações OK [ETH/USDT]: Score=7.3, R:R=2.00
2026-08-05 13:50:58 [INFO] scanner - ⏸️  Throttle ativo [ETH/USDT]:
2026-08-05 13:50:58 [INFO] scanner -    ├─ Último alerta há 241.5 minutos
2026-08-05 13:50:58 [INFO] scanner -    ├─ Tempo mínimo: 1800 minutos
2026-08-05 13:50:58 [INFO] scanner -    └─ Próximo permitido em: 1558.5 minutos
2026-08-05 13:50:58 [WARNING] root - Bloco de componentes falhou: cannot unpack non-iterable int object
2026-08-05 13:50:58 [INFO] scanner - ✅ Validações OK [ETH/USDT]: Score=7.3, R:R=2.00
2026-08-05 13:50:58 [INFO] scanner - ⏸️  Throttle ativo [ETH/USDT]:
2026-08-05 13:50:58 [INFO] scanner -    ├─ Último alerta há 241.5 minutos
2026-08-05 13:50:58 [INFO] scanner -    ├─ Tempo mínimo: 1800 minutos
2026-08-05 13:50:58 [INFO] scanner -    └─ Próximo permitido em: 1558.5 minutos
2026-08-05 15:14:42 [INFO] scanner - ============================================================
2026-08-05 15:14:42 [INFO] scanner - 🚀 SCANNER INICIADO
2026-08-05 15:14:42 [INFO] scanner - 📅 Data/Hora: 05/08/2026 15:14:42
2026-08-05 15:14:42 [INFO] scanner - 📂 Log: logs/scanner_2026-08-05.log
2026-08-05 15:14:42 [INFO] scanner - ============================================================
2026-08-05 15:14:42 [INFO] scanner - 📝 PAPER MODE ATIVO - Apenas registro e análise
2026-08-05 15:14:45 [WARNING] root - Bloco de componentes falhou: cannot unpack non-iterable int object
2026-08-05 15:14:45 [INFO] scanner - ✅ Validações OK [BTC/USDT]: Score=7.3, R:R=2.08
2026-08-05 15:14:45 [INFO] scanner - ⏸️  Throttle ativo [BTC/USDT]:
2026-08-05 15:14:45 [INFO] scanner -    ├─ Último alerta há 1220.7 minutos
2026-08-05 15:14:45 [INFO] scanner -    ├─ Tempo mínimo: 1800 minutos
2026-08-05 15:14:45 [INFO] scanner -    └─ Próximo permitido em: 579.3 minutos
2026-08-05 15:14:47 [WARNING] root - Bloco de componentes falhou: cannot unpack non-iterable int object
2026-08-05 15:14:47 [INFO] scanner - ✅ Validações OK [ETH/USDT]: Score=7.3, R:R=2.00
2026-08-05 15:14:47 [INFO] scanner - ⏸️  Throttle ativo [ETH/USDT]:
2026-08-05 15:14:47 [INFO] scanner -    ├─ Último alerta há 325.3 minutos
2026-08-05 15:14:47 [INFO] scanner -    ├─ Tempo mínimo: 1800 minutos
2026-08-05 15:14:47 [INFO] scanner -    └─ Próximo permitido em: 1474.7 minutos
2026-08-05 15:14:47 [WARNING] root - Bloco de componentes falhou: cannot unpack non-iterable int object
2026-08-05 15:14:47 [INFO] scanner - ✅ Validações OK [ETH/USDT]: Score=7.3, R:R=2.00
2026-08-05 15:14:47 [INFO] scanner - ⏸️  Throttle ativo [ETH/USDT]:
2026-08-05 15:14:47 [INFO] scanner -    ├─ Último alerta há 325.3 minutos
2026-08-05 15:14:47 [INFO] scanner -    ├─ Tempo mínimo: 1800 minutos
2026-08-05 15:14:47 [INFO] scanner -    └─ Próximo permitido em: 1474.7 minutos
2026-08-05 15:14:47 [WARNING] root - Bloco de componentes falhou: cannot unpack non-iterable int object
2026-08-05 15:14:47 [INFO] scanner - ✅ Validações OK [ETH/USDT]: Score=7.3, R:R=2.00
2026-08-05 15:14:47 [INFO] scanner - ⏸️  Throttle ativo [ETH/USDT]:
2026-08-05 15:14:47 [INFO] scanner -    ├─ Último alerta há 325.4 minutos
2026-08-05 15:14:47 [INFO] scanner -    ├─ Tempo mínimo: 1800 minutos
2026-08-05 15:14:47 [INFO] scanner -    └─ Próximo permitido em: 1474.6 minutos
2026-08-05 16:55:26 [INFO] scanner - ============================================================
2026-08-05 16:55:26 [INFO] scanner - 🚀 SCANNER INICIADO
2026-08-05 16:55:26 [INFO] scanner - 📅 Data/Hora: 05/08/2026 16:55:26
2026-08-05 16:55:26 [INFO] scanner - 📂 Log: logs/scanner_2026-08-05.log
2026-08-05 16:55:26 [INFO] scanner - ============================================================
2026-08-05 16:55:26 [INFO] scanner - 📝 PAPER MODE ATIVO - Apenas registro e análise
2026-08-05 16:55:28 [WARNING] root - Bloco de componentes falhou: cannot unpack non-iterable int object
2026-08-05 16:55:28 [INFO] scanner - ✅ Validações OK [BTC/USDT]: Score=7.8, R:R=2.08
2026-08-05 16:55:28 [INFO] scanner - ⏸️  Throttle ativo [BTC/USDT]:
2026-08-05 16:55:28 [INFO] scanner -    ├─ Último alerta há 1321.4 minutos
2026-08-05 16:55:28 [INFO] scanner -    ├─ Tempo mínimo: 1800 minutos
2026-08-05 16:55:28 [INFO] scanner -    └─ Próximo permitido em: 478.6 minutos
2026-08-05 16:55:29 [WARNING] root - Bloco de componentes falhou: cannot unpack non-iterable int object
2026-08-05 16:55:29 [INFO] scanner - ✅ Validações OK [BTC/USDT]: Score=7.8, R:R=2.08
2026-08-05 16:55:29 [INFO] scanner - ⏸️  Throttle ativo [BTC/USDT]:
2026-08-05 16:55:29 [INFO] scanner -    ├─ Último alerta há 1321.4 minutos
2026-08-05 16:55:29 [INFO] scanner -    ├─ Tempo mínimo: 1800 minutos
2026-08-05 16:55:29 [INFO] scanner -    └─ Próximo permitido em: 478.6 minutos
2026-08-05 16:55:31 [WARNING] root - Bloco de componentes falhou: cannot unpack non-iterable int object
2026-08-05 16:55:31 [INFO] scanner - ✅ Validações OK [ETH/USDT]: Score=7.3, R:R=2.00
2026-08-05 16:55:31 [INFO] scanner - ⏸️  Throttle ativo [ETH/USDT]:
2026-08-05 16:55:31 [INFO] scanner -    ├─ Último alerta há 426.1 minutos
2026-08-05 16:55:31 [INFO] scanner -    ├─ Tempo mínimo: 1800 minutos
2026-08-05 16:55:31 [INFO] scanner -    └─ Próximo permitido em: 1373.9 minutos
2026-08-05 16:55:31 [WARNING] root - Bloco de componentes falhou: cannot unpack non-iterable int object
2026-08-05 16:55:31 [INFO] scanner - ✅ Validações OK [ETH/USDT]: Score=7.3, R:R=2.00
2026-08-05 16:55:31 [INFO] scanner - ⏸️  Throttle ativo [ETH/USDT]:
2026-08-05 16:55:31 [INFO] scanner -    ├─ Último alerta há 426.1 minutos
2026-08-05 16:55:31 [INFO] scanner -    ├─ Tempo mínimo: 1800 minutos
2026-08-05 16:55:31 [INFO] scanner -    └─ Próximo permitido em: 1373.9 minutos
2026-08-05 17:58:26 [INFO] scanner - ============================================================
2026-08-05 17:58:26 [INFO] scanner - 🚀 SCANNER INICIADO
2026-08-05 17:58:26 [INFO] scanner - 📅 Data/Hora: 05/08/2026 17:58:26
2026-08-05 17:58:26 [INFO] scanner - 📂 Log: logs/scanner_2026-08-05.log
2026-08-05 17:58:26 [INFO] scanner - ============================================================
2026-08-05 17:58:26 [INFO] scanner - 📝 PAPER MODE ATIVO - Apenas registro e análise
2026-08-05 17:58:29 [WARNING] root - Bloco de componentes falhou: cannot unpack non-iterable int object
2026-08-05 17:58:29 [INFO] scanner - ✅ Validações OK [BTC/USDT]: Score=7.8, R:R=2.08
2026-08-05 17:58:29 [INFO] scanner - ⏸️  Throttle ativo [BTC/USDT]:
2026-08-05 17:58:29 [INFO] scanner -    ├─ Último alerta há 1384.4 minutos
2026-08-05 17:58:29 [INFO] scanner -    ├─ Tempo mínimo: 1800 minutos
2026-08-05 17:58:29 [INFO] scanner -    └─ Próximo permitido em: 415.6 minutos
2026-08-05 17:58:29 [WARNING] root - Bloco de componentes falhou: cannot unpack non-iterable int object
2026-08-05 17:58:29 [INFO] scanner - ✅ Validações OK [BTC/USDT]: Score=7.8, R:R=2.08
2026-08-05 17:58:29 [INFO] scanner - ⏸️  Throttle ativo [BTC/USDT]:
2026-08-05 17:58:29 [INFO] scanner -    ├─ Último alerta há 1384.4 minutos
2026-08-05 17:58:29 [INFO] scanner -    ├─ Tempo mínimo: 1800 minutos
2026-08-05 17:58:29 [INFO] scanner -    └─ Próximo permitido em: 415.6 minutos
2026-08-05 17:58:31 [WARNING] root - Bloco de componentes falhou: cannot unpack non-iterable int object
2026-08-05 17:58:31 [INFO] scanner - ✅ Validações OK [ETH/USDT]: Score=7.3, R:R=2.00
2026-08-05 17:58:31 [INFO] scanner - ⏸️  Throttle ativo [ETH/USDT]:
2026-08-05 17:58:31 [INFO] scanner -    ├─ Último alerta há 489.1 minutos
2026-08-05 17:58:31 [INFO] scanner -    ├─ Tempo mínimo: 1800 minutos
2026-08-05 17:58:31 [INFO] scanner -    └─ Próximo permitido em: 1310.9 minutos
2026-08-05 19:11:24 [INFO] scanner - ============================================================
2026-08-05 19:11:24 [INFO] scanner - 🚀 SCANNER INICIADO
2026-08-05 19:11:24 [INFO] scanner - 📅 Data/Hora: 05/08/2026 19:11:24
2026-08-05 19:11:24 [INFO] scanner - 📂 Log: logs/scanner_2026-08-05.log
2026-08-05 19:11:24 [INFO] scanner - ============================================================
2026-08-05 19:11:24 [INFO] scanner - 📝 PAPER MODE ATIVO - Apenas registro e análise
2026-08-05 19:11:27 [WARNING] root - Bloco de componentes falhou: cannot unpack non-iterable int object
2026-08-05 19:11:27 [INFO] scanner - ✅ Validações OK [BTC/USDT]: Score=7.3, R:R=2.08
2026-08-05 19:11:27 [INFO] scanner - ⏸️  Throttle ativo [BTC/USDT]:
2026-08-05 19:11:27 [INFO] scanner -    ├─ Último alerta há 1457.4 minutos
2026-08-05 19:11:27 [INFO] scanner -    ├─ Tempo mínimo: 1800 minutos
2026-08-05 19:11:27 [INFO] scanner -    └─ Próximo permitido em: 342.6 minutos
2026-08-05 19:11:29 [WARNING] root - Bloco de componentes falhou: cannot unpack non-iterable int object
2026-08-05 19:11:29 [INFO] scanner - ✅ Validações OK [ETH/USDT]: Score=7.3, R:R=2.00
2026-08-05 19:11:29 [INFO] scanner - ⏸️  Throttle ativo [ETH/USDT]:
2026-08-05 19:11:29 [INFO] scanner -    ├─ Último alerta há 562.0 minutos
2026-08-05 19:11:29 [INFO] scanner -    ├─ Tempo mínimo: 1800 minutos
2026-08-05 19:11:29 [INFO] scanner -    └─ Próximo permitido em: 1238.0 minutos
2026-08-05 19:11:30 [WARNING] root - Bloco de componentes falhou: cannot unpack non-iterable int object
2026-08-05 19:11:30 [INFO] scanner - ✅ Validações OK [ETH/USDT]: Score=7.3, R:R=2.00
2026-08-05 19:11:30 [INFO] scanner - ⏸️  Throttle ativo [ETH/USDT]:
2026-08-05 19:11:30 [INFO] scanner -    ├─ Último alerta há 562.1 minutos
2026-08-05 19:11:30 [INFO] scanner -    ├─ Tempo mínimo: 1800 minutos
2026-08-05 19:11:30 [INFO] scanner -    └─ Próximo permitido em: 1237.9 minutos
2026-08-05 20:16:57 [INFO] scanner - ============================================================
2026-08-05 20:16:57 [INFO] scanner - 🚀 SCANNER INICIADO
2026-08-05 20:16:57 [INFO] scanner - 📅 Data/Hora: 05/08/2026 20:16:57
2026-08-05 20:16:57 [INFO] scanner - 📂 Log: logs/scanner_2026-08-05.log
2026-08-05 20:16:57 [INFO] scanner - ============================================================
2026-08-05 20:16:57 [INFO] scanner - 📝 PAPER MODE ATIVO - Apenas registro e análise
2026-08-05 20:17:01 [WARNING] root - Bloco de componentes falhou: cannot unpack non-iterable int object
2026-08-05 20:17:01 [INFO] scanner - ✅ Validações OK [BTC/USDT]: Score=7.3, R:R=2.08
2026-08-05 20:17:01 [INFO] scanner - ⏸️  Throttle ativo [BTC/USDT]:
2026-08-05 20:17:01 [INFO] scanner -    ├─ Último alerta há 1522.9 minutos
2026-08-05 20:17:01 [INFO] scanner -    ├─ Tempo mínimo: 1800 minutos
2026-08-05 20:17:01 [INFO] scanner -    └─ Próximo permitido em: 277.1 minutos
2026-08-05 20:17:03 [WARNING] root - Bloco de componentes falhou: cannot unpack non-iterable int object
2026-08-05 20:17:03 [INFO] scanner - ✅ Validações OK [ETH/USDT]: Score=7.3, R:R=2.00
2026-08-05 20:17:03 [INFO] scanner - ⏸️  Throttle ativo [ETH/USDT]:
2026-08-05 20:17:03 [INFO] scanner -    ├─ Último alerta há 627.6 minutos
2026-08-05 20:17:03 [INFO] scanner -    ├─ Tempo mínimo: 1800 minutos
2026-08-05 20:17:03 [INFO] scanner -    └─ Próximo permitido em: 1172.4 minutos
2026-08-05 20:17:03 [WARNING] root - Bloco de componentes falhou: cannot unpack non-iterable int object
2026-08-05 20:17:03 [INFO] scanner - ✅ Validações OK [ETH/USDT]: Score=7.3, R:R=2.00
2026-08-05 20:17:03 [INFO] scanner - ⏸️  Throttle ativo [ETH/USDT]:
2026-08-05 20:17:03 [INFO] scanner -    ├─ Último alerta há 627.6 minutos
2026-08-05 20:17:03 [INFO] scanner -    ├─ Tempo mínimo: 1800 minutos
2026-08-05 20:17:03 [INFO] scanner -    └─ Próximo permitido em: 1172.4 minutos
2026-08-05 21:48:57 [INFO] scanner - ============================================================
2026-08-05 21:48:57 [INFO] scanner - 🚀 SCANNER INICIADO
2026-08-05 21:48:57 [INFO] scanner - 📅 Data/Hora: 05/08/2026 21:48:57
2026-08-05 21:48:57 [INFO] scanner - 📂 Log: logs/scanner_2026-08-05.log
2026-08-05 21:48:57 [INFO] scanner - ============================================================
2026-08-05 21:48:57 [INFO] scanner - 📝 PAPER MODE ATIVO - Apenas registro e análise
2026-08-05 21:49:00 [WARNING] root - Bloco de componentes falhou: cannot unpack non-iterable int object
2026-08-05 21:49:00 [INFO] scanner - ✅ Validações OK [BTC/USDT]: Score=7.3, R:R=2.08
2026-08-05 21:49:00 [INFO] scanner - ⏸️  Throttle ativo [BTC/USDT]:
2026-08-05 21:49:00 [INFO] scanner -    ├─ Último alerta há 1614.9 minutos
2026-08-05 21:49:00 [INFO] scanner -    ├─ Tempo mínimo: 1800 minutos
2026-08-05 21:49:00 [INFO] scanner -    └─ Próximo permitido em: 185.1 minutos
2026-08-05 21:49:02 [WARNING] root - Bloco de componentes falhou: cannot unpack non-iterable int object
2026-08-05 21:49:02 [INFO] scanner - ✅ Validações OK [ETH/USDT]: Score=7.3, R:R=2.00
2026-08-05 21:49:02 [INFO] scanner - ⏸️  Throttle ativo [ETH/USDT]:
2026-08-05 21:49:02 [INFO] scanner -    ├─ Último alerta há 719.6 minutos
2026-08-05 21:49:02 [INFO] scanner -    ├─ Tempo mínimo: 1800 minutos
2026-08-05 21:49:02 [INFO] scanner -    └─ Próximo permitido em: 1080.4 minutos
2026-08-05 21:49:02 [WARNING] root - Bloco de componentes falhou: cannot unpack non-iterable int object
2026-08-05 21:49:02 [INFO] scanner - ✅ Validações OK [ETH/USDT]: Score=7.3, R:R=2.00
2026-08-05 21:49:02 [INFO] scanner - ⏸️  Throttle ativo [ETH/USDT]:
2026-08-05 21:49:02 [INFO] scanner -    ├─ Último alerta há 719.6 minutos
2026-08-05 21:49:02 [INFO] scanner -    ├─ Tempo mínimo: 1800 minutos
2026-08-05 21:49:02 [INFO] scanner -    └─ Próximo permitido em: 1080.4 minutos
