2026-07-25 04:52:02 [INFO] scanner - ============================================================
2026-07-25 04:52:02 [INFO] scanner - 🚀 SCANNER INICIADO
2026-07-25 04:52:02 [INFO] scanner - 📅 Data/Hora: 25/07/2026 04:52:02
2026-07-25 04:52:02 [INFO] scanner - 📂 Log: logs/scanner_2026-07-25.log
2026-07-25 04:52:02 [INFO] scanner - ============================================================
2026-07-25 04:52:02 [INFO] scanner - 📝 PAPER MODE ATIVO - Apenas registro e análise
2026-07-25 04:52:06 [WARNING] root - Bloco de componentes falhou: cannot unpack non-iterable int object
2026-07-25 04:52:06 [INFO] scanner - ✅ Validações OK [BTC/USDT]: Score=8.3, R:R=2.08
2026-07-25 04:52:06 [INFO] scanner - ✅ Throttle OK [BTC/USDT]: Pode enviar
2026-07-25 04:52:07 [INFO] scanner - 📝 Sinal no ledger: 20260725_045207_040777 - BTC/USDT
2026-07-25 04:52:07 [INFO] scanner - 📨 Alerta enviado | ID Ledger: 20260725_045207_040777
2026-07-25 04:52:07 [WARNING] root - Bloco de componentes falhou: cannot unpack non-iterable int object
2026-07-25 04:52:07 [INFO] scanner - ✅ Validações OK [BTC/USDT]: Score=7.3, R:R=2.08
2026-07-25 04:52:07 [INFO] scanner - ⏸️  Throttle ativo [BTC/USDT]:
2026-07-25 04:52:07 [INFO] scanner -    ├─ Último alerta há 0.0 minutos
2026-07-25 04:52:07 [INFO] scanner -    ├─ Tempo mínimo: 1800 minutos
2026-07-25 04:52:07 [INFO] scanner -    └─ Próximo permitido em: 1800.0 minutos
2026-07-25 04:52:07 [WARNING] root - Bloco de componentes falhou: cannot unpack non-iterable int object
2026-07-25 04:52:07 [INFO] scanner - ✅ Validações OK [BTC/USDT]: Score=7.3, R:R=2.08
2026-07-25 04:52:07 [INFO] scanner - ⏸️  Throttle ativo [BTC/USDT]:
2026-07-25 04:52:07 [INFO] scanner -    ├─ Último alerta há 0.0 minutos
2026-07-25 04:52:07 [INFO] scanner -    ├─ Tempo mínimo: 1800 minutos
2026-07-25 04:52:07 [INFO] scanner -    └─ Próximo permitido em: 1800.0 minutos
2026-07-25 06:29:02 [INFO] scanner - ============================================================
2026-07-25 06:29:02 [INFO] scanner - 🚀 SCANNER INICIADO
2026-07-25 06:29:02 [INFO] scanner - 📅 Data/Hora: 25/07/2026 06:29:02
2026-07-25 06:29:02 [INFO] scanner - 📂 Log: logs/scanner_2026-07-25.log
2026-07-25 06:29:02 [INFO] scanner - ============================================================
2026-07-25 06:29:02 [INFO] scanner - 📝 PAPER MODE ATIVO - Apenas registro e análise
2026-07-25 07:52:15 [INFO] scanner - ============================================================
2026-07-25 07:52:15 [INFO] scanner - 🚀 SCANNER INICIADO
2026-07-25 07:52:15 [INFO] scanner - 📅 Data/Hora: 25/07/2026 07:52:15
2026-07-25 07:52:15 [INFO] scanner - 📂 Log: logs/scanner_2026-07-25.log
2026-07-25 07:52:15 [INFO] scanner - ============================================================
2026-07-25 07:52:15 [INFO] scanner - 📝 PAPER MODE ATIVO - Apenas registro e análise
