2026-08-31 09:14:34 [INFO] scanner - ============================================================
2026-08-31 09:14:34 [INFO] scanner - 🚀 SCANNER INICIADO
2026-08-31 09:14:34 [INFO] scanner - 📅 Data/Hora: 31/08/2026 09:14:34
2026-08-31 09:14:34 [INFO] scanner - 📂 Log: logs/scanner_2026-08-31.log
2026-08-31 09:14:34 [INFO] scanner - ============================================================
2026-08-31 09:14:34 [INFO] scanner - 📝 PAPER MODE ATIVO - Apenas registro e análise
2026-08-31 09:14:37 [WARNING] root - Bloco de componentes falhou: cannot unpack non-iterable int object
2026-08-31 09:14:37 [INFO] scanner - ✅ Validações OK [BTC/USDT]: Score=7.3, R:R=2.08
2026-08-31 09:14:37 [INFO] scanner - ✅ Throttle OK [BTC/USDT]: Pode enviar
2026-08-31 09:14:38 [INFO] scanner - 📝 Sinal no ledger: 20260831_091438_451572 - BTC/USDT
2026-08-31 09:14:38 [INFO] scanner - 📨 Alerta enviado | ID Ledger: 20260831_091438_451572
2026-08-31 09:14:40 [WARNING] root - Bloco de componentes falhou: cannot unpack non-iterable int object
2026-08-31 09:14:40 [INFO] scanner - ✅ Validações OK [ETH/USDT]: Score=7.3, R:R=2.00
2026-08-31 09:14:40 [INFO] scanner - ✅ Throttle OK [ETH/USDT]: Pode enviar
2026-08-31 09:14:41 [INFO] scanner - 📝 Sinal no ledger: 20260831_091441_002799 - ETH/USDT
2026-08-31 09:14:41 [INFO] scanner - 📨 Alerta enviado | ID Ledger: 20260831_091441_002799
2026-08-31 16:08:26 [INFO] scanner - ============================================================
2026-08-31 16:08:26 [INFO] scanner - 🚀 SCANNER INICIADO
2026-08-31 16:08:26 [INFO] scanner - 📅 Data/Hora: 31/08/2026 16:08:26
2026-08-31 16:08:26 [INFO] scanner - 📂 Log: logs/scanner_2026-08-31.log
2026-08-31 16:08:26 [INFO] scanner - ============================================================
2026-08-31 16:08:26 [INFO] scanner - 📝 PAPER MODE ATIVO - Apenas registro e análise
2026-08-31 16:08:32 [WARNING] root - Bloco de componentes falhou: cannot unpack non-iterable int object
2026-08-31 16:08:32 [INFO] scanner - ✅ Validações OK [BTC/USDT]: Score=7.3, R:R=2.08
2026-08-31 16:08:32 [INFO] scanner - ⏸️  Throttle ativo [BTC/USDT]:
2026-08-31 16:08:32 [INFO] scanner -    ├─ Último alerta há 413.9 minutos
2026-08-31 16:08:32 [INFO] scanner -    ├─ Tempo mínimo: 1800 minutos
2026-08-31 16:08:32 [INFO] scanner -    └─ Próximo permitido em: 1386.1 minutos
2026-08-31 16:08:33 [WARNING] root - Bloco de componentes falhou: cannot unpack non-iterable int object
2026-08-31 16:08:33 [INFO] scanner - ✅ Validações OK [BTC/USDT]: Score=7.3, R:R=2.08
2026-08-31 16:08:33 [INFO] scanner - ⏸️  Throttle ativo [BTC/USDT]:
2026-08-31 16:08:33 [INFO] scanner -    ├─ Último alerta há 413.9 minutos
2026-08-31 16:08:33 [INFO] scanner -    ├─ Tempo mínimo: 1800 minutos
2026-08-31 16:08:33 [INFO] scanner -    └─ Próximo permitido em: 1386.1 minutos
2026-08-31 16:08:36 [WARNING] root - Bloco de componentes falhou: cannot unpack non-iterable int object
2026-08-31 16:08:36 [INFO] scanner - ✅ Validações OK [ETH/USDT]: Score=7.3, R:R=2.00
2026-08-31 16:08:36 [INFO] scanner - ⏸️  Throttle ativo [ETH/USDT]:
2026-08-31 16:08:36 [INFO] scanner -    ├─ Último alerta há 413.9 minutos
2026-08-31 16:08:36 [INFO] scanner -    ├─ Tempo mínimo: 1800 minutos
2026-08-31 16:08:36 [INFO] scanner -    └─ Próximo permitido em: 1386.1 minutos
2026-08-31 16:08:36 [WARNING] root - Bloco de componentes falhou: cannot unpack non-iterable int object
2026-08-31 16:08:36 [INFO] scanner - ✅ Validações OK [ETH/USDT]: Score=7.3, R:R=2.00
2026-08-31 16:08:36 [INFO] scanner - ⏸️  Throttle ativo [ETH/USDT]:
2026-08-31 16:08:36 [INFO] scanner -    ├─ Último alerta há 413.9 minutos
2026-08-31 16:08:36 [INFO] scanner -    ├─ Tempo mínimo: 1800 minutos
2026-08-31 16:08:36 [INFO] scanner -    └─ Próximo permitido em: 1386.1 minutos
