2026-07-29 05:23:08 [INFO] scanner - ============================================================
2026-07-29 05:23:08 [INFO] scanner - 🚀 SCANNER INICIADO
2026-07-29 05:23:08 [INFO] scanner - 📅 Data/Hora: 29/07/2026 05:23:08
2026-07-29 05:23:08 [INFO] scanner - 📂 Log: logs/scanner_2026-07-29.log
2026-07-29 05:23:08 [INFO] scanner - ============================================================
2026-07-29 05:23:08 [INFO] scanner - 📝 PAPER MODE ATIVO - Apenas registro e análise
2026-07-29 05:23:11 [WARNING] root - Bloco de componentes falhou: cannot unpack non-iterable int object
2026-07-29 05:23:11 [INFO] scanner - ✅ Validações OK [BTC/USDT]: Score=7.3, R:R=2.08
2026-07-29 05:23:11 [INFO] scanner - ✅ Throttle OK [BTC/USDT]: Pode enviar
2026-07-29 05:23:12 [INFO] scanner - 📝 Sinal no ledger: 20260729_052312_017299 - BTC/USDT
2026-07-29 05:23:12 [INFO] scanner - 📨 Alerta enviado | ID Ledger: 20260729_052312_017299
2026-07-29 05:23:14 [WARNING] root - Bloco de componentes falhou: cannot unpack non-iterable int object
2026-07-29 05:23:14 [INFO] scanner - ✅ Validações OK [ETH/USDT]: Score=7.3, R:R=2.00
2026-07-29 05:23:14 [INFO] scanner - ⏸️  Throttle ativo [ETH/USDT]:
2026-07-29 05:23:14 [INFO] scanner -    ├─ Último alerta há 1445.7 minutos
2026-07-29 05:23:14 [INFO] scanner -    ├─ Tempo mínimo: 1800 minutos
2026-07-29 05:23:14 [INFO] scanner -    └─ Próximo permitido em: 354.3 minutos
2026-07-29 05:23:14 [WARNING] root - Bloco de componentes falhou: cannot unpack non-iterable int object
2026-07-29 05:23:14 [INFO] scanner - ✅ Validações OK [ETH/USDT]: Score=7.3, R:R=2.00
2026-07-29 05:23:14 [INFO] scanner - ⏸️  Throttle ativo [ETH/USDT]:
2026-07-29 05:23:14 [INFO] scanner -    ├─ Último alerta há 1445.7 minutos
2026-07-29 05:23:14 [INFO] scanner -    ├─ Tempo mínimo: 1800 minutos
2026-07-29 05:23:14 [INFO] scanner -    └─ Próximo permitido em: 354.3 minutos
