2026-10-06 09:28:45 [INFO] scanner - ============================================================
2026-10-06 09:28:45 [INFO] scanner - 🚀 SCANNER INICIADO
2026-10-06 09:28:45 [INFO] scanner - 📅 Data/Hora: 06/10/2026 09:28:45
2026-10-06 09:28:45 [INFO] scanner - 📂 Log: logs/scanner_2026-10-06.log
2026-10-06 09:28:45 [INFO] scanner - ============================================================
2026-10-06 09:28:45 [INFO] scanner - 📝 PAPER MODE ATIVO - Apenas registro e análise
2026-10-06 15:32:21 [INFO] scanner - ============================================================
2026-10-06 15:32:21 [INFO] scanner - 🚀 SCANNER INICIADO
2026-10-06 15:32:21 [INFO] scanner - 📅 Data/Hora: 06/10/2026 15:32:21
2026-10-06 15:32:21 [INFO] scanner - 📂 Log: logs/scanner_2026-10-06.log
2026-10-06 15:32:21 [INFO] scanner - ============================================================
2026-10-06 15:32:21 [INFO] scanner - 📝 PAPER MODE ATIVO - Apenas registro e análise
2026-10-06 19:47:23 [INFO] scanner - ============================================================
2026-10-06 19:47:23 [INFO] scanner - 🚀 SCANNER INICIADO
2026-10-06 19:47:23 [INFO] scanner - 📅 Data/Hora: 06/10/2026 19:47:23
2026-10-06 19:47:23 [INFO] scanner - 📂 Log: logs/scanner_2026-10-06.log
2026-10-06 19:47:23 [INFO] scanner - ============================================================
2026-10-06 19:47:23 [INFO] scanner - 📝 PAPER MODE ATIVO - Apenas registro e análise
2026-10-06 22:56:47 [INFO] scanner - ============================================================
2026-10-06 22:56:47 [INFO] scanner - 🚀 SCANNER INICIADO
2026-10-06 22:56:47 [INFO] scanner - 📅 Data/Hora: 06/10/2026 22:56:47
2026-10-06 22:56:47 [INFO] scanner - 📂 Log: logs/scanner_2026-10-06.log
2026-10-06 22:56:47 [INFO] scanner - ============================================================
2026-10-06 22:56:47 [INFO] scanner - 📝 PAPER MODE ATIVO - Apenas registro e análise
2026-10-06 22:56:53 [WARNING] root - Bloco de componentes falhou: cannot unpack non-iterable int object
2026-10-06 22:56:53 [INFO] scanner - ✅ Validações OK [ETH/USDT]: Score=7.3, R:R=2.00
2026-10-06 22:56:53 [INFO] scanner - ✅ Throttle OK [ETH/USDT]: Pode enviar
2026-10-06 22:56:53 [INFO] scanner - 📝 Sinal no ledger: 20261006_225653_597328 - ETH/USDT
2026-10-06 22:56:53 [INFO] scanner - 📨 Alerta enviado | ID Ledger: 20261006_225653_597328
