2026-08-10 04:13:26 [INFO] scanner - ============================================================
2026-08-10 04:13:26 [INFO] scanner - 🚀 SCANNER INICIADO
2026-08-10 04:13:26 [INFO] scanner - 📅 Data/Hora: 10/08/2026 04:13:26
2026-08-10 04:13:26 [INFO] scanner - 📂 Log: logs/scanner_2026-08-10.log
2026-08-10 04:13:26 [INFO] scanner - ============================================================
2026-08-10 04:13:26 [INFO] scanner - 📝 PAPER MODE ATIVO - Apenas registro e análise
2026-08-10 04:13:31 [WARNING] root - Bloco de componentes falhou: cannot unpack non-iterable int object
2026-08-10 04:13:31 [INFO] scanner - ✅ Validações OK [BTC/USDT]: Score=7.8, R:R=2.08
2026-08-10 04:13:31 [INFO] scanner - ✅ Throttle OK [BTC/USDT]: Pode enviar
2026-08-10 04:13:31 [WARNING] root - Bloco de componentes falhou: cannot unpack non-iterable int object
2026-08-10 04:13:31 [INFO] scanner - ✅ Validações OK [BTC/USDT]: Score=7.8, R:R=2.08
2026-08-10 04:13:31 [INFO] scanner - ⏸️  Throttle ativo [BTC/USDT]:
2026-08-10 04:13:31 [INFO] scanner -    ├─ Último alerta há 0.0 minutos
2026-08-10 04:13:31 [INFO] scanner -    ├─ Tempo mínimo: 1800 minutos
2026-08-10 04:13:31 [INFO] scanner -    └─ Próximo permitido em: 1800.0 minutos
2026-08-10 04:13:34 [WARNING] root - Bloco de componentes falhou: cannot unpack non-iterable int object
2026-08-10 04:13:34 [INFO] scanner - ✅ Validações OK [ETH/USDT]: Score=7.8, R:R=2.00
2026-08-10 04:13:34 [INFO] scanner - ✅ Throttle OK [ETH/USDT]: Pode enviar
2026-08-10 04:13:34 [WARNING] root - Bloco de componentes falhou: cannot unpack non-iterable int object
2026-08-10 04:13:34 [INFO] scanner - ✅ Validações OK [ETH/USDT]: Score=7.8, R:R=2.00
2026-08-10 04:13:34 [INFO] scanner - ⏸️  Throttle ativo [ETH/USDT]:
2026-08-10 04:13:34 [INFO] scanner -    ├─ Último alerta há 0.0 minutos
2026-08-10 04:13:34 [INFO] scanner -    ├─ Tempo mínimo: 1800 minutos
2026-08-10 04:13:34 [INFO] scanner -    └─ Próximo permitido em: 1800.0 minutos
2026-08-10 05:50:31 [INFO] scanner - ============================================================
2026-08-10 05:50:31 [INFO] scanner - 🚀 SCANNER INICIADO
2026-08-10 05:50:31 [INFO] scanner - 📅 Data/Hora: 10/08/2026 05:50:31
2026-08-10 05:50:31 [INFO] scanner - 📂 Log: logs/scanner_2026-08-10.log
2026-08-10 05:50:31 [INFO] scanner - ============================================================
2026-08-10 05:50:31 [INFO] scanner - 📝 PAPER MODE ATIVO - Apenas registro e análise
2026-08-10 05:50:36 [WARNING] root - Bloco de componentes falhou: cannot unpack non-iterable int object
2026-08-10 05:50:36 [INFO] scanner - ✅ Validações OK [BTC/USDT]: Score=7.3, R:R=2.08
2026-08-10 05:50:36 [INFO] scanner - ⏸️  Throttle ativo [BTC/USDT]:
2026-08-10 05:50:36 [INFO] scanner -    ├─ Último alerta há 97.1 minutos
2026-08-10 05:50:36 [INFO] scanner -    ├─ Tempo mínimo: 1800 minutos
2026-08-10 05:50:36 [INFO] scanner -    └─ Próximo permitido em: 1702.9 minutos
2026-08-10 05:50:38 [WARNING] root - Bloco de componentes falhou: cannot unpack non-iterable int object
2026-08-10 05:50:38 [INFO] scanner - ✅ Validações OK [ETH/USDT]: Score=7.8, R:R=2.00
2026-08-10 05:50:38 [INFO] scanner - ⏸️  Throttle ativo [ETH/USDT]:
2026-08-10 05:50:38 [INFO] scanner -    ├─ Último alerta há 97.1 minutos
2026-08-10 05:50:38 [INFO] scanner -    ├─ Tempo mínimo: 1800 minutos
2026-08-10 05:50:38 [INFO] scanner -    └─ Próximo permitido em: 1702.9 minutos
2026-08-10 07:09:01 [INFO] scanner - ============================================================
2026-08-10 07:09:01 [INFO] scanner - 🚀 SCANNER INICIADO
2026-08-10 07:09:01 [INFO] scanner - 📅 Data/Hora: 10/08/2026 07:09:01
2026-08-10 07:09:01 [INFO] scanner - 📂 Log: logs/scanner_2026-08-10.log
2026-08-10 07:09:01 [INFO] scanner - ============================================================
2026-08-10 07:09:01 [INFO] scanner - 📝 PAPER MODE ATIVO - Apenas registro e análise
2026-08-10 07:09:06 [WARNING] root - Bloco de componentes falhou: cannot unpack non-iterable int object
2026-08-10 07:09:06 [INFO] scanner - ✅ Validações OK [BTC/USDT]: Score=7.3, R:R=2.08
2026-08-10 07:09:06 [INFO] scanner - ⏸️  Throttle ativo [BTC/USDT]:
2026-08-10 07:09:06 [INFO] scanner -    ├─ Último alerta há 175.6 minutos
2026-08-10 07:09:06 [INFO] scanner -    ├─ Tempo mínimo: 1800 minutos
2026-08-10 07:09:06 [INFO] scanner -    └─ Próximo permitido em: 1624.4 minutos
2026-08-10 07:09:08 [WARNING] root - Bloco de componentes falhou: cannot unpack non-iterable int object
2026-08-10 07:09:08 [INFO] scanner - ✅ Validações OK [ETH/USDT]: Score=7.3, R:R=2.00
2026-08-10 07:09:08 [INFO] scanner - ⏸️  Throttle ativo [ETH/USDT]:
2026-08-10 07:09:08 [INFO] scanner -    ├─ Último alerta há 175.6 minutos
2026-08-10 07:09:08 [INFO] scanner -    ├─ Tempo mínimo: 1800 minutos
2026-08-10 07:09:08 [INFO] scanner -    └─ Próximo permitido em: 1624.4 minutos
