2026-08-21 03:31:01 [INFO] scanner - ============================================================
2026-08-21 03:31:01 [INFO] scanner - 🚀 SCANNER INICIADO
2026-08-21 03:31:01 [INFO] scanner - 📅 Data/Hora: 21/08/2026 03:31:01
2026-08-21 03:31:01 [INFO] scanner - 📂 Log: logs/scanner_2026-08-21.log
2026-08-21 03:31:01 [INFO] scanner - ============================================================
2026-08-21 03:31:01 [INFO] scanner - 📝 PAPER MODE ATIVO - Apenas registro e análise
2026-08-21 03:31:05 [WARNING] root - Bloco de componentes falhou: cannot unpack non-iterable int object
2026-08-21 03:31:05 [INFO] scanner - ✅ Validações OK [BTC/USDT]: Score=8.3, R:R=2.08
2026-08-21 03:31:05 [INFO] scanner - ✅ Throttle OK [BTC/USDT]: Pode enviar
2026-08-21 03:31:06 [WARNING] root - Bloco de componentes falhou: cannot unpack non-iterable int object
2026-08-21 03:31:06 [INFO] scanner - ✅ Validações OK [BTC/USDT]: Score=7.8, R:R=2.08
2026-08-21 03:31:06 [INFO] scanner - ⏸️  Throttle ativo [BTC/USDT]:
2026-08-21 03:31:06 [INFO] scanner -    ├─ Último alerta há 0.0 minutos
2026-08-21 03:31:06 [INFO] scanner -    ├─ Tempo mínimo: 1800 minutos
2026-08-21 03:31:06 [INFO] scanner -    └─ Próximo permitido em: 1800.0 minutos
2026-08-21 03:31:07 [WARNING] root - Bloco de componentes falhou: cannot unpack non-iterable int object
2026-08-21 03:31:07 [INFO] scanner - ✅ Validações OK [BTC/USDT]: Score=7.8, R:R=2.08
2026-08-21 03:31:07 [INFO] scanner - ⏸️  Throttle ativo [BTC/USDT]:
2026-08-21 03:31:07 [INFO] scanner -    ├─ Último alerta há 0.0 minutos
2026-08-21 03:31:07 [INFO] scanner -    ├─ Tempo mínimo: 1800 minutos
2026-08-21 03:31:07 [INFO] scanner -    └─ Próximo permitido em: 1800.0 minutos
2026-08-21 03:31:09 [WARNING] root - Bloco de componentes falhou: cannot unpack non-iterable int object
2026-08-21 03:31:09 [INFO] scanner - ✅ Validações OK [ETH/USDT]: Score=7.8, R:R=2.00
2026-08-21 03:31:09 [INFO] scanner - ⏸️  Throttle ativo [ETH/USDT]:
2026-08-21 03:31:09 [INFO] scanner -    ├─ Último alerta há 1081.9 minutos
2026-08-21 03:31:09 [INFO] scanner -    ├─ Tempo mínimo: 1800 minutos
2026-08-21 03:31:09 [INFO] scanner -    └─ Próximo permitido em: 718.1 minutos
2026-08-21 03:31:09 [WARNING] root - Bloco de componentes falhou: cannot unpack non-iterable int object
2026-08-21 03:31:09 [INFO] scanner - ✅ Validações OK [ETH/USDT]: Score=7.3, R:R=2.00
2026-08-21 03:31:09 [INFO] scanner - ⏸️  Throttle ativo [ETH/USDT]:
2026-08-21 03:31:09 [INFO] scanner -    ├─ Último alerta há 1081.9 minutos
2026-08-21 03:31:09 [INFO] scanner -    ├─ Tempo mínimo: 1800 minutos
2026-08-21 03:31:09 [INFO] scanner -    └─ Próximo permitido em: 718.1 minutos
