2026-07-27 06:33:34 [INFO] scanner - ============================================================
2026-07-27 06:33:34 [INFO] scanner - 🚀 SCANNER INICIADO
2026-07-27 06:33:34 [INFO] scanner - 📅 Data/Hora: 27/07/2026 06:33:34
2026-07-27 06:33:34 [INFO] scanner - 📂 Log: logs/scanner_2026-07-27.log
2026-07-27 06:33:34 [INFO] scanner - ============================================================
2026-07-27 06:33:34 [INFO] scanner - 📝 PAPER MODE ATIVO - Apenas registro e análise
2026-07-27 06:33:38 [WARNING] root - Bloco de componentes falhou: cannot unpack non-iterable int object
2026-07-27 06:33:38 [INFO] scanner - ✅ Validações OK [BTC/USDT]: Score=7.3, R:R=2.08
2026-07-27 06:33:38 [INFO] scanner - ⏸️  Throttle ativo [BTC/USDT]:
2026-07-27 06:33:38 [INFO] scanner -    ├─ Último alerta há 1084.0 minutos
2026-07-27 06:33:38 [INFO] scanner -    ├─ Tempo mínimo: 1800 minutos
2026-07-27 06:33:38 [INFO] scanner -    └─ Próximo permitido em: 716.0 minutos
2026-07-27 06:33:41 [WARNING] root - Bloco de componentes falhou: cannot unpack non-iterable int object
2026-07-27 06:33:41 [INFO] scanner - ✅ Validações OK [ETH/USDT]: Score=7.3, R:R=2.00
2026-07-27 06:33:41 [INFO] scanner - ⏸️  Throttle ativo [ETH/USDT]:
2026-07-27 06:33:41 [INFO] scanner -    ├─ Último alerta há 702.3 minutos
2026-07-27 06:33:41 [INFO] scanner -    ├─ Tempo mínimo: 1800 minutos
2026-07-27 06:33:41 [INFO] scanner -    └─ Próximo permitido em: 1097.7 minutos
2026-07-27 06:33:41 [WARNING] root - Bloco de componentes falhou: cannot unpack non-iterable int object
2026-07-27 06:33:41 [INFO] scanner - ✅ Validações OK [ETH/USDT]: Score=7.3, R:R=2.00
2026-07-27 06:33:41 [INFO] scanner - ⏸️  Throttle ativo [ETH/USDT]:
2026-07-27 06:33:41 [INFO] scanner -    ├─ Último alerta há 702.3 minutos
2026-07-27 06:33:41 [INFO] scanner -    ├─ Tempo mínimo: 1800 minutos
2026-07-27 06:33:41 [INFO] scanner -    └─ Próximo permitido em: 1097.7 minutos
