2026-08-01 05:05:29 [INFO] scanner - ============================================================
2026-08-01 05:05:29 [INFO] scanner - 🚀 SCANNER INICIADO
2026-08-01 05:05:29 [INFO] scanner - 📅 Data/Hora: 01/08/2026 05:05:29
2026-08-01 05:05:29 [INFO] scanner - 📂 Log: logs/scanner_2026-08-01.log
2026-08-01 05:05:29 [INFO] scanner - ============================================================
2026-08-01 05:05:29 [INFO] scanner - 📝 PAPER MODE ATIVO - Apenas registro e análise
2026-08-01 05:05:33 [WARNING] root - Bloco de componentes falhou: cannot unpack non-iterable int object
2026-08-01 05:05:33 [INFO] scanner - ✅ Validações OK [BTC/USDT]: Score=8.8, R:R=2.08
2026-08-01 05:05:33 [INFO] scanner - ⏸️  Throttle ativo [BTC/USDT]:
2026-08-01 05:05:33 [INFO] scanner -    ├─ Último alerta há 646.3 minutos
2026-08-01 05:05:33 [INFO] scanner -    ├─ Tempo mínimo: 1800 minutos
2026-08-01 05:05:33 [INFO] scanner -    └─ Próximo permitido em: 1153.7 minutos
2026-08-01 07:08:00 [INFO] scanner - ============================================================
2026-08-01 07:08:00 [INFO] scanner - 🚀 SCANNER INICIADO
2026-08-01 07:08:00 [INFO] scanner - 📅 Data/Hora: 01/08/2026 07:08:00
2026-08-01 07:08:00 [INFO] scanner - 📂 Log: logs/scanner_2026-08-01.log
2026-08-01 07:08:00 [INFO] scanner - ============================================================
2026-08-01 07:08:00 [INFO] scanner - 📝 PAPER MODE ATIVO - Apenas registro e análise
2026-08-01 08:33:47 [INFO] scanner - ============================================================
2026-08-01 08:33:47 [INFO] scanner - 🚀 SCANNER INICIADO
2026-08-01 08:33:47 [INFO] scanner - 📅 Data/Hora: 01/08/2026 08:33:47
2026-08-01 08:33:47 [INFO] scanner - 📂 Log: logs/scanner_2026-08-01.log
2026-08-01 08:33:47 [INFO] scanner - ============================================================
2026-08-01 08:33:47 [INFO] scanner - 📝 PAPER MODE ATIVO - Apenas registro e análise
2026-08-01 09:37:29 [INFO] scanner - ============================================================
2026-08-01 09:37:29 [INFO] scanner - 🚀 SCANNER INICIADO
2026-08-01 09:37:29 [INFO] scanner - 📅 Data/Hora: 01/08/2026 09:37:29
2026-08-01 09:37:29 [INFO] scanner - 📂 Log: logs/scanner_2026-08-01.log
2026-08-01 09:37:29 [INFO] scanner - ============================================================
2026-08-01 09:37:29 [INFO] scanner - 📝 PAPER MODE ATIVO - Apenas registro e análise
2026-08-01 11:10:31 [INFO] scanner - ============================================================
2026-08-01 11:10:31 [INFO] scanner - 🚀 SCANNER INICIADO
2026-08-01 11:10:31 [INFO] scanner - 📅 Data/Hora: 01/08/2026 11:10:31
2026-08-01 11:10:31 [INFO] scanner - 📂 Log: logs/scanner_2026-08-01.log
2026-08-01 11:10:31 [INFO] scanner - ============================================================
2026-08-01 11:10:31 [INFO] scanner - 📝 PAPER MODE ATIVO - Apenas registro e análise
2026-08-01 12:15:43 [INFO] scanner - ============================================================
2026-08-01 12:15:43 [INFO] scanner - 🚀 SCANNER INICIADO
2026-08-01 12:15:43 [INFO] scanner - 📅 Data/Hora: 01/08/2026 12:15:43
2026-08-01 12:15:43 [INFO] scanner - 📂 Log: logs/scanner_2026-08-01.log
2026-08-01 12:15:43 [INFO] scanner - ============================================================
2026-08-01 12:15:43 [INFO] scanner - 📝 PAPER MODE ATIVO - Apenas registro e análise
2026-08-01 13:27:08 [INFO] scanner - ============================================================
2026-08-01 13:27:08 [INFO] scanner - 🚀 SCANNER INICIADO
2026-08-01 13:27:08 [INFO] scanner - 📅 Data/Hora: 01/08/2026 13:27:08
2026-08-01 13:27:08 [INFO] scanner - 📂 Log: logs/scanner_2026-08-01.log
2026-08-01 13:27:08 [INFO] scanner - ============================================================
2026-08-01 13:27:08 [INFO] scanner - 📝 PAPER MODE ATIVO - Apenas registro e análise
2026-08-01 13:27:12 [WARNING] root - Bloco de componentes falhou: cannot unpack non-iterable int object
2026-08-01 13:27:12 [INFO] scanner - ✅ Validações OK [BTC/USDT]: Score=8.5, R:R=2.08
2026-08-01 13:27:12 [INFO] scanner - ⏸️  Throttle ativo [BTC/USDT]:
2026-08-01 13:27:12 [INFO] scanner -    ├─ Último alerta há 1147.9 minutos
2026-08-01 13:27:12 [INFO] scanner -    ├─ Tempo mínimo: 1800 minutos
2026-08-01 13:27:12 [INFO] scanner -    └─ Próximo permitido em: 652.1 minutos
2026-08-01 14:29:39 [INFO] scanner - ============================================================
2026-08-01 14:29:39 [INFO] scanner - 🚀 SCANNER INICIADO
2026-08-01 14:29:39 [INFO] scanner - 📅 Data/Hora: 01/08/2026 14:29:39
2026-08-01 14:29:39 [INFO] scanner - 📂 Log: logs/scanner_2026-08-01.log
2026-08-01 14:29:39 [INFO] scanner - ============================================================
2026-08-01 14:29:39 [INFO] scanner - 📝 PAPER MODE ATIVO - Apenas registro e análise
2026-08-01 14:29:43 [WARNING] root - Bloco de componentes falhou: cannot unpack non-iterable int object
2026-08-01 14:29:43 [INFO] scanner - ✅ Validações OK [BTC/USDT]: Score=8.5, R:R=2.08
2026-08-01 14:29:43 [INFO] scanner - ⏸️  Throttle ativo [BTC/USDT]:
2026-08-01 14:29:43 [INFO] scanner -    ├─ Último alerta há 1210.5 minutos
2026-08-01 14:29:43 [INFO] scanner -    ├─ Tempo mínimo: 1800 minutos
2026-08-01 14:29:43 [INFO] scanner -    └─ Próximo permitido em: 589.5 minutos
2026-08-01 15:29:24 [INFO] scanner - ============================================================
2026-08-01 15:29:24 [INFO] scanner - 🚀 SCANNER INICIADO
2026-08-01 15:29:24 [INFO] scanner - 📅 Data/Hora: 01/08/2026 15:29:24
2026-08-01 15:29:24 [INFO] scanner - 📂 Log: logs/scanner_2026-08-01.log
2026-08-01 15:29:24 [INFO] scanner - ============================================================
2026-08-01 15:29:24 [INFO] scanner - 📝 PAPER MODE ATIVO - Apenas registro e análise
2026-08-01 16:43:55 [INFO] scanner - ============================================================
2026-08-01 16:43:55 [INFO] scanner - 🚀 SCANNER INICIADO
2026-08-01 16:43:55 [INFO] scanner - 📅 Data/Hora: 01/08/2026 16:43:55
2026-08-01 16:43:55 [INFO] scanner - 📂 Log: logs/scanner_2026-08-01.log
2026-08-01 16:43:55 [INFO] scanner - ============================================================
2026-08-01 16:43:55 [INFO] scanner - 📝 PAPER MODE ATIVO - Apenas registro e análise
2026-08-01 17:33:02 [INFO] scanner - ============================================================
2026-08-01 17:33:02 [INFO] scanner - 🚀 SCANNER INICIADO
2026-08-01 17:33:02 [INFO] scanner - 📅 Data/Hora: 01/08/2026 17:33:02
2026-08-01 17:33:02 [INFO] scanner - 📂 Log: logs/scanner_2026-08-01.log
2026-08-01 17:33:02 [INFO] scanner - ============================================================
2026-08-01 17:33:02 [INFO] scanner - 📝 PAPER MODE ATIVO - Apenas registro e análise
