2026-08-11 03:51:39 [INFO] scanner - ============================================================
2026-08-11 03:51:39 [INFO] scanner - 🚀 SCANNER INICIADO
2026-08-11 03:51:39 [INFO] scanner - 📅 Data/Hora: 11/08/2026 03:51:39
2026-08-11 03:51:39 [INFO] scanner - 📂 Log: logs/scanner_2026-08-11.log
2026-08-11 03:51:39 [INFO] scanner - ============================================================
2026-08-11 03:51:39 [INFO] scanner - 📝 PAPER MODE ATIVO - Apenas registro e análise
2026-08-11 05:03:59 [INFO] scanner - ============================================================
2026-08-11 05:03:59 [INFO] scanner - 🚀 SCANNER INICIADO
2026-08-11 05:03:59 [INFO] scanner - 📅 Data/Hora: 11/08/2026 05:03:59
2026-08-11 05:03:59 [INFO] scanner - 📂 Log: logs/scanner_2026-08-11.log
2026-08-11 05:03:59 [INFO] scanner - ============================================================
2026-08-11 05:03:59 [INFO] scanner - 📝 PAPER MODE ATIVO - Apenas registro e análise
2026-08-11 06:11:59 [INFO] scanner - ============================================================
2026-08-11 06:11:59 [INFO] scanner - 🚀 SCANNER INICIADO
2026-08-11 06:11:59 [INFO] scanner - 📅 Data/Hora: 11/08/2026 06:11:59
2026-08-11 06:11:59 [INFO] scanner - 📂 Log: logs/scanner_2026-08-11.log
2026-08-11 06:11:59 [INFO] scanner - ============================================================
2026-08-11 06:11:59 [INFO] scanner - 📝 PAPER MODE ATIVO - Apenas registro e análise
2026-08-11 07:09:12 [INFO] scanner - ============================================================
2026-08-11 07:09:12 [INFO] scanner - 🚀 SCANNER INICIADO
2026-08-11 07:09:12 [INFO] scanner - 📅 Data/Hora: 11/08/2026 07:09:12
2026-08-11 07:09:12 [INFO] scanner - 📂 Log: logs/scanner_2026-08-11.log
2026-08-11 07:09:12 [INFO] scanner - ============================================================
2026-08-11 07:09:12 [INFO] scanner - 📝 PAPER MODE ATIVO - Apenas registro e análise
2026-08-11 08:02:37 [INFO] scanner - ============================================================
2026-08-11 08:02:37 [INFO] scanner - 🚀 SCANNER INICIADO
2026-08-11 08:02:37 [INFO] scanner - 📅 Data/Hora: 11/08/2026 08:02:37
2026-08-11 08:02:37 [INFO] scanner - 📂 Log: logs/scanner_2026-08-11.log
2026-08-11 08:02:37 [INFO] scanner - ============================================================
2026-08-11 08:02:37 [INFO] scanner - 📝 PAPER MODE ATIVO - Apenas registro e análise
2026-08-11 08:54:11 [INFO] scanner - ============================================================
2026-08-11 08:54:11 [INFO] scanner - 🚀 SCANNER INICIADO
2026-08-11 08:54:11 [INFO] scanner - 📅 Data/Hora: 11/08/2026 08:54:11
2026-08-11 08:54:11 [INFO] scanner - 📂 Log: logs/scanner_2026-08-11.log
2026-08-11 08:54:11 [INFO] scanner - ============================================================
2026-08-11 08:54:11 [INFO] scanner - 📝 PAPER MODE ATIVO - Apenas registro e análise
2026-08-11 08:54:16 [WARNING] root - Bloco de componentes falhou: cannot unpack non-iterable int object
2026-08-11 08:54:16 [INFO] scanner - ✅ Validações OK [ETH/USDT]: Score=7.8, R:R=2.00
2026-08-11 08:54:16 [INFO] scanner - ⏸️  Throttle ativo [ETH/USDT]:
2026-08-11 08:54:16 [INFO] scanner -    ├─ Último alerta há 1720.7 minutos
2026-08-11 08:54:16 [INFO] scanner -    ├─ Tempo mínimo: 1800 minutos
2026-08-11 08:54:16 [INFO] scanner -    └─ Próximo permitido em: 79.3 minutos
2026-08-11 08:54:16 [WARNING] root - Bloco de componentes falhou: cannot unpack non-iterable int object
2026-08-11 08:54:16 [INFO] scanner - ✅ Validações OK [ETH/USDT]: Score=7.8, R:R=2.00
2026-08-11 08:54:16 [INFO] scanner - ⏸️  Throttle ativo [ETH/USDT]:
2026-08-11 08:54:16 [INFO] scanner -    ├─ Último alerta há 1720.7 minutos
2026-08-11 08:54:16 [INFO] scanner -    ├─ Tempo mínimo: 1800 minutos
2026-08-11 08:54:16 [INFO] scanner -    └─ Próximo permitido em: 79.3 minutos
