2026-09-21 08:32:12 [INFO] scanner - ============================================================
2026-09-21 08:32:12 [INFO] scanner - 🚀 SCANNER INICIADO
2026-09-21 08:32:12 [INFO] scanner - 📅 Data/Hora: 21/09/2026 08:32:12
2026-09-21 08:32:12 [INFO] scanner - 📂 Log: logs/scanner_2026-09-21.log
2026-09-21 08:32:12 [INFO] scanner - ============================================================
2026-09-21 08:32:12 [INFO] scanner - 📝 PAPER MODE ATIVO - Apenas registro e análise
2026-09-21 08:32:15 [WARNING] root - Bloco de componentes falhou: cannot unpack non-iterable int object
2026-09-21 08:32:15 [INFO] scanner - ✅ Validações OK [BTC/USDT]: Score=7.8, R:R=2.08
2026-09-21 08:32:15 [INFO] scanner - ⏸️  Throttle ativo [BTC/USDT]:
2026-09-21 08:32:15 [INFO] scanner -    ├─ Último alerta há 708.4 minutos
2026-09-21 08:32:15 [INFO] scanner -    ├─ Tempo mínimo: 1800 minutos
2026-09-21 08:32:15 [INFO] scanner -    └─ Próximo permitido em: 1091.6 minutos
2026-09-21 08:32:16 [WARNING] root - Bloco de componentes falhou: cannot unpack non-iterable int object
2026-09-21 08:32:16 [INFO] scanner - ✅ Validações OK [BTC/USDT]: Score=7.8, R:R=2.08
2026-09-21 08:32:16 [INFO] scanner - ⏸️  Throttle ativo [BTC/USDT]:
2026-09-21 08:32:16 [INFO] scanner -    ├─ Último alerta há 708.4 minutos
2026-09-21 08:32:16 [INFO] scanner -    ├─ Tempo mínimo: 1800 minutos
2026-09-21 08:32:16 [INFO] scanner -    └─ Próximo permitido em: 1091.6 minutos
2026-09-21 08:32:17 [WARNING] root - Bloco de componentes falhou: cannot unpack non-iterable int object
2026-09-21 08:32:17 [INFO] scanner - ✅ Validações OK [ETH/USDT]: Score=7.8, R:R=2.00
2026-09-21 08:32:17 [INFO] scanner - ✅ Throttle OK [ETH/USDT]: Pode enviar
2026-09-21 08:32:18 [WARNING] root - Bloco de componentes falhou: cannot unpack non-iterable int object
2026-09-21 08:32:18 [INFO] scanner - ✅ Validações OK [ETH/USDT]: Score=7.8, R:R=2.00
2026-09-21 08:32:18 [INFO] scanner - ⏸️  Throttle ativo [ETH/USDT]:
2026-09-21 08:32:18 [INFO] scanner -    ├─ Último alerta há 0.0 minutos
2026-09-21 08:32:18 [INFO] scanner -    ├─ Tempo mínimo: 1800 minutos
2026-09-21 08:32:18 [INFO] scanner -    └─ Próximo permitido em: 1800.0 minutos
