2026-08-09 03:39:51 [INFO] scanner - ============================================================
2026-08-09 03:39:51 [INFO] scanner - 🚀 SCANNER INICIADO
2026-08-09 03:39:51 [INFO] scanner - 📅 Data/Hora: 09/08/2026 03:39:51
2026-08-09 03:39:51 [INFO] scanner - 📂 Log: logs/scanner_2026-08-09.log
2026-08-09 03:39:51 [INFO] scanner - ============================================================
2026-08-09 03:39:51 [INFO] scanner - 📝 PAPER MODE ATIVO - Apenas registro e análise
2026-08-09 04:39:04 [INFO] scanner - ============================================================
2026-08-09 04:39:04 [INFO] scanner - 🚀 SCANNER INICIADO
2026-08-09 04:39:04 [INFO] scanner - 📅 Data/Hora: 09/08/2026 04:39:04
2026-08-09 04:39:04 [INFO] scanner - 📂 Log: logs/scanner_2026-08-09.log
2026-08-09 04:39:04 [INFO] scanner - ============================================================
2026-08-09 04:39:04 [INFO] scanner - 📝 PAPER MODE ATIVO - Apenas registro e análise
2026-08-09 05:21:03 [INFO] scanner - ============================================================
2026-08-09 05:21:03 [INFO] scanner - 🚀 SCANNER INICIADO
2026-08-09 05:21:03 [INFO] scanner - 📅 Data/Hora: 09/08/2026 05:21:03
2026-08-09 05:21:03 [INFO] scanner - 📂 Log: logs/scanner_2026-08-09.log
2026-08-09 05:21:03 [INFO] scanner - ============================================================
2026-08-09 05:21:03 [INFO] scanner - 📝 PAPER MODE ATIVO - Apenas registro e análise
2026-08-09 05:21:08 [WARNING] root - Bloco de componentes falhou: cannot unpack non-iterable int object
2026-08-09 05:21:08 [INFO] scanner - ✅ Validações OK [ETH/USDT]: Score=7.5, R:R=2.00
2026-08-09 05:21:08 [INFO] scanner - ⏸️  Throttle ativo [ETH/USDT]:
2026-08-09 05:21:08 [INFO] scanner -    ├─ Último alerta há 858.9 minutos
2026-08-09 05:21:08 [INFO] scanner -    ├─ Tempo mínimo: 1800 minutos
2026-08-09 05:21:08 [INFO] scanner -    └─ Próximo permitido em: 941.1 minutos
2026-08-09 06:08:52 [INFO] scanner - ============================================================
2026-08-09 06:08:52 [INFO] scanner - 🚀 SCANNER INICIADO
2026-08-09 06:08:52 [INFO] scanner - 📅 Data/Hora: 09/08/2026 06:08:52
2026-08-09 06:08:52 [INFO] scanner - 📂 Log: logs/scanner_2026-08-09.log
2026-08-09 06:08:52 [INFO] scanner - ============================================================
2026-08-09 06:08:52 [INFO] scanner - 📝 PAPER MODE ATIVO - Apenas registro e análise
2026-08-09 06:53:26 [INFO] scanner - ============================================================
2026-08-09 06:53:26 [INFO] scanner - 🚀 SCANNER INICIADO
2026-08-09 06:53:26 [INFO] scanner - 📅 Data/Hora: 09/08/2026 06:53:26
2026-08-09 06:53:26 [INFO] scanner - 📂 Log: logs/scanner_2026-08-09.log
2026-08-09 06:53:26 [INFO] scanner - ============================================================
2026-08-09 06:53:26 [INFO] scanner - 📝 PAPER MODE ATIVO - Apenas registro e análise
2026-08-09 07:23:21 [INFO] scanner - ============================================================
2026-08-09 07:23:21 [INFO] scanner - 🚀 SCANNER INICIADO
2026-08-09 07:23:21 [INFO] scanner - 📅 Data/Hora: 09/08/2026 07:23:21
2026-08-09 07:23:21 [INFO] scanner - 📂 Log: logs/scanner_2026-08-09.log
2026-08-09 07:23:21 [INFO] scanner - ============================================================
2026-08-09 07:23:21 [INFO] scanner - 📝 PAPER MODE ATIVO - Apenas registro e análise
2026-08-09 07:23:26 [WARNING] root - Bloco de componentes falhou: cannot unpack non-iterable int object
2026-08-09 07:23:26 [INFO] scanner - ✅ Validações OK [ETH/USDT]: Score=7.0, R:R=2.00
2026-08-09 07:23:26 [INFO] scanner - ⏸️  Throttle ativo [ETH/USDT]:
2026-08-09 07:23:26 [INFO] scanner -    ├─ Último alerta há 981.2 minutos
2026-08-09 07:23:26 [INFO] scanner -    ├─ Tempo mínimo: 1800 minutos
2026-08-09 07:23:26 [INFO] scanner -    └─ Próximo permitido em: 818.8 minutos
2026-08-09 07:59:43 [INFO] scanner - ============================================================
2026-08-09 07:59:43 [INFO] scanner - 🚀 SCANNER INICIADO
2026-08-09 07:59:43 [INFO] scanner - 📅 Data/Hora: 09/08/2026 07:59:43
2026-08-09 07:59:43 [INFO] scanner - 📂 Log: logs/scanner_2026-08-09.log
2026-08-09 07:59:43 [INFO] scanner - ============================================================
2026-08-09 07:59:43 [INFO] scanner - 📝 PAPER MODE ATIVO - Apenas registro e análise
2026-08-09 07:59:47 [WARNING] root - Bloco de componentes falhou: cannot unpack non-iterable int object
2026-08-09 07:59:47 [INFO] scanner - ✅ Validações OK [ETH/USDT]: Score=7.0, R:R=2.00
2026-08-09 07:59:47 [INFO] scanner - ⏸️  Throttle ativo [ETH/USDT]:
2026-08-09 07:59:47 [INFO] scanner -    ├─ Último alerta há 1017.6 minutos
2026-08-09 07:59:47 [INFO] scanner -    ├─ Tempo mínimo: 1800 minutos
2026-08-09 07:59:47 [INFO] scanner -    └─ Próximo permitido em: 782.4 minutos
2026-08-09 07:59:47 [WARNING] root - Bloco de componentes falhou: cannot unpack non-iterable int object
2026-08-09 07:59:47 [INFO] scanner - ✅ Validações OK [ETH/USDT]: Score=7.0, R:R=2.00
2026-08-09 07:59:47 [INFO] scanner - ⏸️  Throttle ativo [ETH/USDT]:
2026-08-09 07:59:47 [INFO] scanner -    ├─ Último alerta há 1017.6 minutos
2026-08-09 07:59:47 [INFO] scanner -    ├─ Tempo mínimo: 1800 minutos
2026-08-09 07:59:47 [INFO] scanner -    └─ Próximo permitido em: 782.4 minutos
2026-08-09 08:31:46 [INFO] scanner - ============================================================
2026-08-09 08:31:46 [INFO] scanner - 🚀 SCANNER INICIADO
2026-08-09 08:31:46 [INFO] scanner - 📅 Data/Hora: 09/08/2026 08:31:46
2026-08-09 08:31:46 [INFO] scanner - 📂 Log: logs/scanner_2026-08-09.log
2026-08-09 08:31:46 [INFO] scanner - ============================================================
2026-08-09 08:31:46 [INFO] scanner - 📝 PAPER MODE ATIVO - Apenas registro e análise
2026-08-09 08:31:51 [WARNING] root - Bloco de componentes falhou: cannot unpack non-iterable int object
2026-08-09 08:31:51 [INFO] scanner - ✅ Validações OK [ETH/USDT]: Score=7.0, R:R=2.00
2026-08-09 08:31:51 [INFO] scanner - ⏸️  Throttle ativo [ETH/USDT]:
2026-08-09 08:31:51 [INFO] scanner -    ├─ Último alerta há 1049.6 minutos
2026-08-09 08:31:51 [INFO] scanner -    ├─ Tempo mínimo: 1800 minutos
2026-08-09 08:31:51 [INFO] scanner -    └─ Próximo permitido em: 750.4 minutos
2026-08-09 09:00:52 [INFO] scanner - ============================================================
2026-08-09 09:00:52 [INFO] scanner - 🚀 SCANNER INICIADO
2026-08-09 09:00:52 [INFO] scanner - 📅 Data/Hora: 09/08/2026 09:00:52
2026-08-09 09:00:52 [INFO] scanner - 📂 Log: logs/scanner_2026-08-09.log
2026-08-09 09:00:52 [INFO] scanner - ============================================================
2026-08-09 09:00:52 [INFO] scanner - 📝 PAPER MODE ATIVO - Apenas registro e análise
2026-08-09 09:00:57 [WARNING] root - Bloco de componentes falhou: cannot unpack non-iterable int object
2026-08-09 09:00:57 [INFO] scanner - ✅ Validações OK [ETH/USDT]: Score=7.0, R:R=2.00
2026-08-09 09:00:57 [INFO] scanner - ⏸️  Throttle ativo [ETH/USDT]:
2026-08-09 09:00:57 [INFO] scanner -    ├─ Último alerta há 1078.7 minutos
2026-08-09 09:00:57 [INFO] scanner -    ├─ Tempo mínimo: 1800 minutos
2026-08-09 09:00:57 [INFO] scanner -    └─ Próximo permitido em: 721.3 minutos
2026-08-09 09:00:57 [WARNING] root - Bloco de componentes falhou: cannot unpack non-iterable int object
2026-08-09 09:00:57 [INFO] scanner - ✅ Validações OK [ETH/USDT]: Score=7.0, R:R=2.00
2026-08-09 09:00:57 [INFO] scanner - ⏸️  Throttle ativo [ETH/USDT]:
2026-08-09 09:00:57 [INFO] scanner -    ├─ Último alerta há 1078.7 minutos
2026-08-09 09:00:57 [INFO] scanner -    ├─ Tempo mínimo: 1800 minutos
2026-08-09 09:00:57 [INFO] scanner -    └─ Próximo permitido em: 721.3 minutos
2026-08-09 10:12:42 [INFO] scanner - ============================================================
2026-08-09 10:12:42 [INFO] scanner - 🚀 SCANNER INICIADO
2026-08-09 10:12:42 [INFO] scanner - 📅 Data/Hora: 09/08/2026 10:12:42
2026-08-09 10:12:42 [INFO] scanner - 📂 Log: logs/scanner_2026-08-09.log
2026-08-09 10:12:42 [INFO] scanner - ============================================================
2026-08-09 10:12:42 [INFO] scanner - 📝 PAPER MODE ATIVO - Apenas registro e análise
2026-08-09 10:12:45 [WARNING] root - Bloco de componentes falhou: cannot unpack non-iterable int object
2026-08-09 10:12:45 [INFO] scanner - ✅ Validações OK [BTC/USDT]: Score=7.0, R:R=2.08
2026-08-09 10:12:45 [INFO] scanner - ⏸️  Throttle ativo [BTC/USDT]:
2026-08-09 10:12:45 [INFO] scanner -    ├─ Último alerta há 950.7 minutos
2026-08-09 10:12:45 [INFO] scanner -    ├─ Tempo mínimo: 1800 minutos
2026-08-09 10:12:45 [INFO] scanner -    └─ Próximo permitido em: 849.3 minutos
2026-08-09 10:12:45 [WARNING] root - Bloco de componentes falhou: cannot unpack non-iterable int object
2026-08-09 10:12:45 [INFO] scanner - ✅ Validações OK [BTC/USDT]: Score=7.0, R:R=2.08
2026-08-09 10:12:45 [INFO] scanner - ⏸️  Throttle ativo [BTC/USDT]:
2026-08-09 10:12:45 [INFO] scanner -    ├─ Último alerta há 950.7 minutos
2026-08-09 10:12:45 [INFO] scanner -    ├─ Tempo mínimo: 1800 minutos
2026-08-09 10:12:45 [INFO] scanner -    └─ Próximo permitido em: 849.3 minutos
2026-08-09 10:12:47 [WARNING] root - Bloco de componentes falhou: cannot unpack non-iterable int object
2026-08-09 10:12:47 [INFO] scanner - ✅ Validações OK [ETH/USDT]: Score=7.0, R:R=2.00
2026-08-09 10:12:47 [INFO] scanner - ⏸️  Throttle ativo [ETH/USDT]:
2026-08-09 10:12:47 [INFO] scanner -    ├─ Último alerta há 1150.6 minutos
2026-08-09 10:12:47 [INFO] scanner -    ├─ Tempo mínimo: 1800 minutos
2026-08-09 10:12:47 [INFO] scanner -    └─ Próximo permitido em: 649.4 minutos
2026-08-09 10:12:48 [WARNING] root - Bloco de componentes falhou: cannot unpack non-iterable int object
2026-08-09 10:12:48 [INFO] scanner - ✅ Validações OK [ETH/USDT]: Score=7.0, R:R=2.00
2026-08-09 10:12:48 [INFO] scanner - ⏸️  Throttle ativo [ETH/USDT]:
2026-08-09 10:12:48 [INFO] scanner -    ├─ Último alerta há 1150.6 minutos
2026-08-09 10:12:48 [INFO] scanner -    ├─ Tempo mínimo: 1800 minutos
2026-08-09 10:12:48 [INFO] scanner -    └─ Próximo permitido em: 649.4 minutos
2026-08-09 10:57:58 [INFO] scanner - ============================================================
2026-08-09 10:57:58 [INFO] scanner - 🚀 SCANNER INICIADO
2026-08-09 10:57:58 [INFO] scanner - 📅 Data/Hora: 09/08/2026 10:57:58
2026-08-09 10:57:58 [INFO] scanner - 📂 Log: logs/scanner_2026-08-09.log
2026-08-09 10:57:58 [INFO] scanner - ============================================================
2026-08-09 10:57:58 [INFO] scanner - 📝 PAPER MODE ATIVO - Apenas registro e análise
2026-08-09 10:58:01 [WARNING] root - Bloco de componentes falhou: cannot unpack non-iterable int object
2026-08-09 10:58:01 [INFO] scanner - ✅ Validações OK [BTC/USDT]: Score=7.0, R:R=2.08
2026-08-09 10:58:01 [INFO] scanner - ⏸️  Throttle ativo [BTC/USDT]:
2026-08-09 10:58:01 [INFO] scanner -    ├─ Último alerta há 996.0 minutos
2026-08-09 10:58:01 [INFO] scanner -    ├─ Tempo mínimo: 1800 minutos
2026-08-09 10:58:01 [INFO] scanner -    └─ Próximo permitido em: 804.0 minutos
2026-08-09 10:58:01 [WARNING] root - Bloco de componentes falhou: cannot unpack non-iterable int object
2026-08-09 10:58:01 [INFO] scanner - ✅ Validações OK [BTC/USDT]: Score=7.0, R:R=2.08
2026-08-09 10:58:01 [INFO] scanner - ⏸️  Throttle ativo [BTC/USDT]:
2026-08-09 10:58:01 [INFO] scanner -    ├─ Último alerta há 996.0 minutos
2026-08-09 10:58:01 [INFO] scanner -    ├─ Tempo mínimo: 1800 minutos
2026-08-09 10:58:01 [INFO] scanner -    └─ Próximo permitido em: 804.0 minutos
2026-08-09 10:58:03 [WARNING] root - Bloco de componentes falhou: cannot unpack non-iterable int object
2026-08-09 10:58:03 [INFO] scanner - ✅ Validações OK [ETH/USDT]: Score=7.0, R:R=2.00
2026-08-09 10:58:03 [INFO] scanner - ⏸️  Throttle ativo [ETH/USDT]:
2026-08-09 10:58:03 [INFO] scanner -    ├─ Último alerta há 1195.8 minutos
2026-08-09 10:58:03 [INFO] scanner -    ├─ Tempo mínimo: 1800 minutos
2026-08-09 10:58:03 [INFO] scanner -    └─ Próximo permitido em: 604.2 minutos
2026-08-09 10:58:04 [WARNING] root - Bloco de componentes falhou: cannot unpack non-iterable int object
2026-08-09 10:58:04 [INFO] scanner - ✅ Validações OK [ETH/USDT]: Score=7.0, R:R=2.00
2026-08-09 10:58:04 [INFO] scanner - ⏸️  Throttle ativo [ETH/USDT]:
2026-08-09 10:58:04 [INFO] scanner -    ├─ Último alerta há 1195.8 minutos
2026-08-09 10:58:04 [INFO] scanner -    ├─ Tempo mínimo: 1800 minutos
2026-08-09 10:58:04 [INFO] scanner -    └─ Próximo permitido em: 604.2 minutos
2026-08-09 11:31:46 [INFO] scanner - ============================================================
2026-08-09 11:31:46 [INFO] scanner - 🚀 SCANNER INICIADO
2026-08-09 11:31:46 [INFO] scanner - 📅 Data/Hora: 09/08/2026 11:31:46
2026-08-09 11:31:46 [INFO] scanner - 📂 Log: logs/scanner_2026-08-09.log
2026-08-09 11:31:46 [INFO] scanner - ============================================================
2026-08-09 11:31:46 [INFO] scanner - 📝 PAPER MODE ATIVO - Apenas registro e análise
2026-08-09 11:31:49 [WARNING] root - Bloco de componentes falhou: cannot unpack non-iterable int object
2026-08-09 11:31:49 [INFO] scanner - ✅ Validações OK [BTC/USDT]: Score=7.0, R:R=2.08
2026-08-09 11:31:49 [INFO] scanner - ⏸️  Throttle ativo [BTC/USDT]:
2026-08-09 11:31:49 [INFO] scanner -    ├─ Último alerta há 1029.8 minutos
2026-08-09 11:31:49 [INFO] scanner -    ├─ Tempo mínimo: 1800 minutos
2026-08-09 11:31:49 [INFO] scanner -    └─ Próximo permitido em: 770.2 minutos
2026-08-09 11:31:51 [WARNING] root - Bloco de componentes falhou: cannot unpack non-iterable int object
2026-08-09 11:31:51 [INFO] scanner - ✅ Validações OK [ETH/USDT]: Score=7.0, R:R=2.00
2026-08-09 11:31:51 [INFO] scanner - ⏸️  Throttle ativo [ETH/USDT]:
2026-08-09 11:31:51 [INFO] scanner -    ├─ Último alerta há 1229.6 minutos
2026-08-09 11:31:51 [INFO] scanner -    ├─ Tempo mínimo: 1800 minutos
2026-08-09 11:31:51 [INFO] scanner -    └─ Próximo permitido em: 570.4 minutos
2026-08-09 12:04:40 [INFO] scanner - ============================================================
2026-08-09 12:04:40 [INFO] scanner - 🚀 SCANNER INICIADO
2026-08-09 12:04:40 [INFO] scanner - 📅 Data/Hora: 09/08/2026 12:04:40
2026-08-09 12:04:40 [INFO] scanner - 📂 Log: logs/scanner_2026-08-09.log
2026-08-09 12:04:40 [INFO] scanner - ============================================================
2026-08-09 12:04:40 [INFO] scanner - 📝 PAPER MODE ATIVO - Apenas registro e análise
2026-08-09 12:04:43 [WARNING] root - Bloco de componentes falhou: cannot unpack non-iterable int object
2026-08-09 12:04:43 [INFO] scanner - ✅ Validações OK [BTC/USDT]: Score=7.5, R:R=2.08
2026-08-09 12:04:43 [INFO] scanner - ⏸️  Throttle ativo [BTC/USDT]:
2026-08-09 12:04:43 [INFO] scanner -    ├─ Último alerta há 1062.7 minutos
2026-08-09 12:04:43 [INFO] scanner -    ├─ Tempo mínimo: 1800 minutos
2026-08-09 12:04:43 [INFO] scanner -    └─ Próximo permitido em: 737.3 minutos
2026-08-09 12:04:45 [WARNING] root - Bloco de componentes falhou: cannot unpack non-iterable int object
2026-08-09 12:04:45 [INFO] scanner - ✅ Validações OK [ETH/USDT]: Score=7.5, R:R=2.00
2026-08-09 12:04:45 [INFO] scanner - ⏸️  Throttle ativo [ETH/USDT]:
2026-08-09 12:04:45 [INFO] scanner -    ├─ Último alerta há 1262.5 minutos
2026-08-09 12:04:45 [INFO] scanner -    ├─ Tempo mínimo: 1800 minutos
2026-08-09 12:04:45 [INFO] scanner -    └─ Próximo permitido em: 537.5 minutos
2026-08-09 12:04:46 [WARNING] root - Bloco de componentes falhou: cannot unpack non-iterable int object
2026-08-09 12:04:46 [INFO] scanner - ✅ Validações OK [ETH/USDT]: Score=7.5, R:R=2.00
2026-08-09 12:04:46 [INFO] scanner - ⏸️  Throttle ativo [ETH/USDT]:
2026-08-09 12:04:46 [INFO] scanner -    ├─ Último alerta há 1262.5 minutos
2026-08-09 12:04:46 [INFO] scanner -    ├─ Tempo mínimo: 1800 minutos
2026-08-09 12:04:46 [INFO] scanner -    └─ Próximo permitido em: 537.5 minutos
2026-08-09 12:44:13 [INFO] scanner - ============================================================
2026-08-09 12:44:13 [INFO] scanner - 🚀 SCANNER INICIADO
2026-08-09 12:44:13 [INFO] scanner - 📅 Data/Hora: 09/08/2026 12:44:13
2026-08-09 12:44:13 [INFO] scanner - 📂 Log: logs/scanner_2026-08-09.log
2026-08-09 12:44:13 [INFO] scanner - ============================================================
2026-08-09 12:44:13 [INFO] scanner - 📝 PAPER MODE ATIVO - Apenas registro e análise
2026-08-09 12:44:16 [WARNING] root - Bloco de componentes falhou: cannot unpack non-iterable int object
2026-08-09 12:44:16 [INFO] scanner - ✅ Validações OK [BTC/USDT]: Score=7.0, R:R=2.08
2026-08-09 12:44:16 [INFO] scanner - ⏸️  Throttle ativo [BTC/USDT]:
2026-08-09 12:44:16 [INFO] scanner -    ├─ Último alerta há 1102.3 minutos
2026-08-09 12:44:16 [INFO] scanner -    ├─ Tempo mínimo: 1800 minutos
2026-08-09 12:44:16 [INFO] scanner -    └─ Próximo permitido em: 697.7 minutos
2026-08-09 12:44:17 [WARNING] root - Bloco de componentes falhou: cannot unpack non-iterable int object
2026-08-09 12:44:17 [INFO] scanner - ✅ Validações OK [BTC/USDT]: Score=7.0, R:R=2.08
2026-08-09 12:44:17 [INFO] scanner - ⏸️  Throttle ativo [BTC/USDT]:
2026-08-09 12:44:17 [INFO] scanner -    ├─ Último alerta há 1102.3 minutos
2026-08-09 12:44:17 [INFO] scanner -    ├─ Tempo mínimo: 1800 minutos
2026-08-09 12:44:17 [INFO] scanner -    └─ Próximo permitido em: 697.7 minutos
2026-08-09 12:44:18 [WARNING] root - Bloco de componentes falhou: cannot unpack non-iterable int object
2026-08-09 12:44:18 [INFO] scanner - ✅ Validações OK [ETH/USDT]: Score=7.5, R:R=2.00
2026-08-09 12:44:18 [INFO] scanner - ⏸️  Throttle ativo [ETH/USDT]:
2026-08-09 12:44:18 [INFO] scanner -    ├─ Último alerta há 1302.1 minutos
2026-08-09 12:44:18 [INFO] scanner -    ├─ Tempo mínimo: 1800 minutos
2026-08-09 12:44:18 [INFO] scanner -    └─ Próximo permitido em: 497.9 minutos
2026-08-09 12:44:19 [WARNING] root - Bloco de componentes falhou: cannot unpack non-iterable int object
2026-08-09 12:44:19 [INFO] scanner - ✅ Validações OK [ETH/USDT]: Score=7.5, R:R=2.00
2026-08-09 12:44:19 [INFO] scanner - ⏸️  Throttle ativo [ETH/USDT]:
2026-08-09 12:44:19 [INFO] scanner -    ├─ Último alerta há 1302.1 minutos
2026-08-09 12:44:19 [INFO] scanner -    ├─ Tempo mínimo: 1800 minutos
2026-08-09 12:44:19 [INFO] scanner -    └─ Próximo permitido em: 497.9 minutos
2026-08-09 13:04:24 [INFO] scanner - ============================================================
2026-08-09 13:04:24 [INFO] scanner - 🚀 SCANNER INICIADO
2026-08-09 13:04:24 [INFO] scanner - 📅 Data/Hora: 09/08/2026 13:04:24
2026-08-09 13:04:24 [INFO] scanner - 📂 Log: logs/scanner_2026-08-09.log
2026-08-09 13:04:24 [INFO] scanner - ============================================================
2026-08-09 13:04:24 [INFO] scanner - 📝 PAPER MODE ATIVO - Apenas registro e análise
2026-08-09 13:04:27 [WARNING] root - Bloco de componentes falhou: cannot unpack non-iterable int object
2026-08-09 13:04:27 [INFO] scanner - ✅ Validações OK [BTC/USDT]: Score=7.0, R:R=2.08
2026-08-09 13:04:27 [INFO] scanner - ⏸️  Throttle ativo [BTC/USDT]:
2026-08-09 13:04:27 [INFO] scanner -    ├─ Último alerta há 1122.4 minutos
2026-08-09 13:04:27 [INFO] scanner -    ├─ Tempo mínimo: 1800 minutos
2026-08-09 13:04:27 [INFO] scanner -    └─ Próximo permitido em: 677.6 minutos
2026-08-09 13:04:27 [WARNING] root - Bloco de componentes falhou: cannot unpack non-iterable int object
2026-08-09 13:04:27 [INFO] scanner - ✅ Validações OK [BTC/USDT]: Score=7.0, R:R=2.08
2026-08-09 13:04:27 [INFO] scanner - ⏸️  Throttle ativo [BTC/USDT]:
2026-08-09 13:04:27 [INFO] scanner -    ├─ Último alerta há 1122.4 minutos
2026-08-09 13:04:27 [INFO] scanner -    ├─ Tempo mínimo: 1800 minutos
2026-08-09 13:04:27 [INFO] scanner -    └─ Próximo permitido em: 677.6 minutos
2026-08-09 13:04:29 [WARNING] root - Bloco de componentes falhou: cannot unpack non-iterable int object
2026-08-09 13:04:29 [INFO] scanner - ✅ Validações OK [ETH/USDT]: Score=7.5, R:R=2.00
2026-08-09 13:04:29 [INFO] scanner - ⏸️  Throttle ativo [ETH/USDT]:
2026-08-09 13:04:29 [INFO] scanner -    ├─ Último alerta há 1322.3 minutos
2026-08-09 13:04:29 [INFO] scanner -    ├─ Tempo mínimo: 1800 minutos
2026-08-09 13:04:29 [INFO] scanner -    └─ Próximo permitido em: 477.7 minutos
2026-08-09 13:04:30 [WARNING] root - Bloco de componentes falhou: cannot unpack non-iterable int object
2026-08-09 13:04:30 [INFO] scanner - ✅ Validações OK [ETH/USDT]: Score=7.5, R:R=2.00
2026-08-09 13:04:30 [INFO] scanner - ⏸️  Throttle ativo [ETH/USDT]:
2026-08-09 13:04:30 [INFO] scanner -    ├─ Último alerta há 1322.3 minutos
2026-08-09 13:04:30 [INFO] scanner -    ├─ Tempo mínimo: 1800 minutos
2026-08-09 13:04:30 [INFO] scanner -    └─ Próximo permitido em: 477.7 minutos
