2026-08-14 04:11:16 [INFO] scanner - ============================================================
2026-08-14 04:11:16 [INFO] scanner - 🚀 SCANNER INICIADO
2026-08-14 04:11:16 [INFO] scanner - 📅 Data/Hora: 14/08/2026 04:11:16
2026-08-14 04:11:16 [INFO] scanner - 📂 Log: logs/scanner_2026-08-14.log
2026-08-14 04:11:16 [INFO] scanner - ============================================================
2026-08-14 04:11:16 [INFO] scanner - 📝 PAPER MODE ATIVO - Apenas registro e análise
2026-08-14 05:36:37 [INFO] scanner - ============================================================
2026-08-14 05:36:37 [INFO] scanner - 🚀 SCANNER INICIADO
2026-08-14 05:36:37 [INFO] scanner - 📅 Data/Hora: 14/08/2026 05:36:37
2026-08-14 05:36:37 [INFO] scanner - 📂 Log: logs/scanner_2026-08-14.log
2026-08-14 05:36:37 [INFO] scanner - ============================================================
2026-08-14 05:36:37 [INFO] scanner - 📝 PAPER MODE ATIVO - Apenas registro e análise
2026-08-14 05:36:40 [WARNING] root - Bloco de componentes falhou: cannot unpack non-iterable int object
2026-08-14 05:36:40 [INFO] scanner - ✅ Validações OK [BTC/USDT]: Score=7.3, R:R=2.08
2026-08-14 05:36:40 [INFO] scanner - ⏸️  Throttle ativo [BTC/USDT]:
2026-08-14 05:36:40 [INFO] scanner -    ├─ Último alerta há 1522.8 minutos
2026-08-14 05:36:40 [INFO] scanner -    ├─ Tempo mínimo: 1800 minutos
2026-08-14 05:36:40 [INFO] scanner -    └─ Próximo permitido em: 277.2 minutos
2026-08-14 05:36:42 [WARNING] root - Bloco de componentes falhou: cannot unpack non-iterable int object
2026-08-14 05:36:42 [INFO] scanner - ✅ Validações OK [ETH/USDT]: Score=7.3, R:R=2.00
2026-08-14 05:36:42 [INFO] scanner - ⏸️  Throttle ativo [ETH/USDT]:
2026-08-14 05:36:42 [INFO] scanner -    ├─ Último alerta há 1522.8 minutos
2026-08-14 05:36:42 [INFO] scanner -    ├─ Tempo mínimo: 1800 minutos
2026-08-14 05:36:42 [INFO] scanner -    └─ Próximo permitido em: 277.2 minutos
2026-08-14 06:42:05 [INFO] scanner - ============================================================
2026-08-14 06:42:05 [INFO] scanner - 🚀 SCANNER INICIADO
2026-08-14 06:42:05 [INFO] scanner - 📅 Data/Hora: 14/08/2026 06:42:05
2026-08-14 06:42:05 [INFO] scanner - 📂 Log: logs/scanner_2026-08-14.log
2026-08-14 06:42:05 [INFO] scanner - ============================================================
2026-08-14 06:42:05 [INFO] scanner - 📝 PAPER MODE ATIVO - Apenas registro e análise
2026-08-14 06:42:07 [WARNING] root - Bloco de componentes falhou: cannot unpack non-iterable int object
2026-08-14 06:42:07 [INFO] scanner - ✅ Validações OK [BTC/USDT]: Score=7.3, R:R=2.08
2026-08-14 06:42:07 [INFO] scanner - ⏸️  Throttle ativo [BTC/USDT]:
2026-08-14 06:42:07 [INFO] scanner -    ├─ Último alerta há 1588.2 minutos
2026-08-14 06:42:07 [INFO] scanner -    ├─ Tempo mínimo: 1800 minutos
2026-08-14 06:42:07 [INFO] scanner -    └─ Próximo permitido em: 211.8 minutos
2026-08-14 06:42:08 [WARNING] root - Bloco de componentes falhou: cannot unpack non-iterable int object
2026-08-14 06:42:08 [INFO] scanner - ✅ Validações OK [BTC/USDT]: Score=7.3, R:R=2.08
2026-08-14 06:42:08 [INFO] scanner - ⏸️  Throttle ativo [BTC/USDT]:
2026-08-14 06:42:08 [INFO] scanner -    ├─ Último alerta há 1588.2 minutos
2026-08-14 06:42:08 [INFO] scanner -    ├─ Tempo mínimo: 1800 minutos
2026-08-14 06:42:08 [INFO] scanner -    └─ Próximo permitido em: 211.8 minutos
2026-08-14 07:38:55 [INFO] scanner - ============================================================
2026-08-14 07:38:55 [INFO] scanner - 🚀 SCANNER INICIADO
2026-08-14 07:38:55 [INFO] scanner - 📅 Data/Hora: 14/08/2026 07:38:55
2026-08-14 07:38:55 [INFO] scanner - 📂 Log: logs/scanner_2026-08-14.log
2026-08-14 07:38:55 [INFO] scanner - ============================================================
2026-08-14 07:38:55 [INFO] scanner - 📝 PAPER MODE ATIVO - Apenas registro e análise
2026-08-14 08:25:37 [INFO] scanner - ============================================================
2026-08-14 08:25:37 [INFO] scanner - 🚀 SCANNER INICIADO
2026-08-14 08:25:37 [INFO] scanner - 📅 Data/Hora: 14/08/2026 08:25:37
2026-08-14 08:25:37 [INFO] scanner - 📂 Log: logs/scanner_2026-08-14.log
2026-08-14 08:25:37 [INFO] scanner - ============================================================
2026-08-14 08:25:37 [INFO] scanner - 📝 PAPER MODE ATIVO - Apenas registro e análise
2026-08-14 09:04:33 [INFO] scanner - ============================================================
2026-08-14 09:04:33 [INFO] scanner - 🚀 SCANNER INICIADO
2026-08-14 09:04:33 [INFO] scanner - 📅 Data/Hora: 14/08/2026 09:04:33
2026-08-14 09:04:33 [INFO] scanner - 📂 Log: logs/scanner_2026-08-14.log
2026-08-14 09:04:33 [INFO] scanner - ============================================================
2026-08-14 09:04:33 [INFO] scanner - 📝 PAPER MODE ATIVO - Apenas registro e análise
2026-08-14 10:38:20 [INFO] scanner - ============================================================
2026-08-14 10:38:20 [INFO] scanner - 🚀 SCANNER INICIADO
2026-08-14 10:38:20 [INFO] scanner - 📅 Data/Hora: 14/08/2026 10:38:20
2026-08-14 10:38:20 [INFO] scanner - 📂 Log: logs/scanner_2026-08-14.log
2026-08-14 10:38:20 [INFO] scanner - ============================================================
2026-08-14 10:38:20 [INFO] scanner - 📝 PAPER MODE ATIVO - Apenas registro e análise
2026-08-14 10:38:23 [WARNING] root - Bloco de componentes falhou: cannot unpack non-iterable int object
2026-08-14 10:38:23 [INFO] scanner - ✅ Validações OK [BTC/USDT]: Score=8.3, R:R=2.08
2026-08-14 10:38:23 [INFO] scanner - ✅ Throttle OK [BTC/USDT]: Pode enviar
2026-08-14 10:38:24 [WARNING] root - Bloco de componentes falhou: cannot unpack non-iterable int object
2026-08-14 10:38:24 [INFO] scanner - ✅ Validações OK [BTC/USDT]: Score=7.3, R:R=2.08
2026-08-14 10:38:24 [INFO] scanner - ⏸️  Throttle ativo [BTC/USDT]:
2026-08-14 10:38:24 [INFO] scanner -    ├─ Último alerta há 0.0 minutos
2026-08-14 10:38:24 [INFO] scanner -    ├─ Tempo mínimo: 1800 minutos
2026-08-14 10:38:24 [INFO] scanner -    └─ Próximo permitido em: 1800.0 minutos
2026-08-14 10:38:26 [WARNING] root - Bloco de componentes falhou: cannot unpack non-iterable int object
2026-08-14 10:38:26 [INFO] scanner - ✅ Validações OK [ETH/USDT]: Score=7.3, R:R=2.00
2026-08-14 10:38:26 [INFO] scanner - ✅ Throttle OK [ETH/USDT]: Pode enviar
2026-08-14 11:36:46 [INFO] scanner - ============================================================
2026-08-14 11:36:46 [INFO] scanner - 🚀 SCANNER INICIADO
2026-08-14 11:36:46 [INFO] scanner - 📅 Data/Hora: 14/08/2026 11:36:46
2026-08-14 11:36:46 [INFO] scanner - 📂 Log: logs/scanner_2026-08-14.log
2026-08-14 11:36:46 [INFO] scanner - ============================================================
2026-08-14 11:36:46 [INFO] scanner - 📝 PAPER MODE ATIVO - Apenas registro e análise
2026-08-14 11:36:49 [WARNING] root - Bloco de componentes falhou: cannot unpack non-iterable int object
2026-08-14 11:36:49 [INFO] scanner - ✅ Validações OK [BTC/USDT]: Score=7.3, R:R=2.08
2026-08-14 11:36:49 [INFO] scanner - ⏸️  Throttle ativo [BTC/USDT]:
2026-08-14 11:36:49 [INFO] scanner -    ├─ Último alerta há 58.4 minutos
2026-08-14 11:36:49 [INFO] scanner -    ├─ Tempo mínimo: 1800 minutos
2026-08-14 11:36:49 [INFO] scanner -    └─ Próximo permitido em: 1741.6 minutos
2026-08-14 11:36:50 [WARNING] root - Bloco de componentes falhou: cannot unpack non-iterable int object
2026-08-14 11:36:50 [INFO] scanner - ✅ Validações OK [BTC/USDT]: Score=7.3, R:R=2.08
2026-08-14 11:36:50 [INFO] scanner - ⏸️  Throttle ativo [BTC/USDT]:
2026-08-14 11:36:50 [INFO] scanner -    ├─ Último alerta há 58.4 minutos
2026-08-14 11:36:50 [INFO] scanner -    ├─ Tempo mínimo: 1800 minutos
2026-08-14 11:36:50 [INFO] scanner -    └─ Próximo permitido em: 1741.6 minutos
2026-08-14 11:36:52 [WARNING] root - Bloco de componentes falhou: cannot unpack non-iterable int object
2026-08-14 11:36:52 [INFO] scanner - ✅ Validações OK [ETH/USDT]: Score=7.3, R:R=2.00
2026-08-14 11:36:52 [INFO] scanner - ⏸️  Throttle ativo [ETH/USDT]:
2026-08-14 11:36:52 [INFO] scanner -    ├─ Último alerta há 58.4 minutos
2026-08-14 11:36:52 [INFO] scanner -    ├─ Tempo mínimo: 1800 minutos
2026-08-14 11:36:52 [INFO] scanner -    └─ Próximo permitido em: 1741.6 minutos
2026-08-14 12:28:13 [INFO] scanner - ============================================================
2026-08-14 12:28:13 [INFO] scanner - 🚀 SCANNER INICIADO
2026-08-14 12:28:13 [INFO] scanner - 📅 Data/Hora: 14/08/2026 12:28:13
2026-08-14 12:28:13 [INFO] scanner - 📂 Log: logs/scanner_2026-08-14.log
2026-08-14 12:28:13 [INFO] scanner - ============================================================
2026-08-14 12:28:13 [INFO] scanner - 📝 PAPER MODE ATIVO - Apenas registro e análise
2026-08-14 13:22:51 [INFO] scanner - ============================================================
2026-08-14 13:22:51 [INFO] scanner - 🚀 SCANNER INICIADO
2026-08-14 13:22:51 [INFO] scanner - 📅 Data/Hora: 14/08/2026 13:22:51
2026-08-14 13:22:51 [INFO] scanner - 📂 Log: logs/scanner_2026-08-14.log
2026-08-14 13:22:51 [INFO] scanner - ============================================================
2026-08-14 13:22:51 [INFO] scanner - 📝 PAPER MODE ATIVO - Apenas registro e análise
2026-08-14 14:24:06 [INFO] scanner - ============================================================
2026-08-14 14:24:06 [INFO] scanner - 🚀 SCANNER INICIADO
2026-08-14 14:24:06 [INFO] scanner - 📅 Data/Hora: 14/08/2026 14:24:06
2026-08-14 14:24:06 [INFO] scanner - 📂 Log: logs/scanner_2026-08-14.log
2026-08-14 14:24:06 [INFO] scanner - ============================================================
2026-08-14 14:24:06 [INFO] scanner - 📝 PAPER MODE ATIVO - Apenas registro e análise
2026-08-14 15:12:32 [INFO] scanner - ============================================================
2026-08-14 15:12:32 [INFO] scanner - 🚀 SCANNER INICIADO
2026-08-14 15:12:32 [INFO] scanner - 📅 Data/Hora: 14/08/2026 15:12:32
2026-08-14 15:12:32 [INFO] scanner - 📂 Log: logs/scanner_2026-08-14.log
2026-08-14 15:12:32 [INFO] scanner - ============================================================
2026-08-14 15:12:32 [INFO] scanner - 📝 PAPER MODE ATIVO - Apenas registro e análise
2026-08-14 16:12:38 [INFO] scanner - ============================================================
2026-08-14 16:12:38 [INFO] scanner - 🚀 SCANNER INICIADO
2026-08-14 16:12:38 [INFO] scanner - 📅 Data/Hora: 14/08/2026 16:12:38
2026-08-14 16:12:38 [INFO] scanner - 📂 Log: logs/scanner_2026-08-14.log
2026-08-14 16:12:38 [INFO] scanner - ============================================================
2026-08-14 16:12:38 [INFO] scanner - 📝 PAPER MODE ATIVO - Apenas registro e análise
2026-08-14 16:55:22 [INFO] scanner - ============================================================
2026-08-14 16:55:22 [INFO] scanner - 🚀 SCANNER INICIADO
2026-08-14 16:55:22 [INFO] scanner - 📅 Data/Hora: 14/08/2026 16:55:22
2026-08-14 16:55:22 [INFO] scanner - 📂 Log: logs/scanner_2026-08-14.log
2026-08-14 16:55:22 [INFO] scanner - ============================================================
2026-08-14 16:55:22 [INFO] scanner - 📝 PAPER MODE ATIVO - Apenas registro e análise
2026-08-14 17:22:24 [INFO] scanner - ============================================================
2026-08-14 17:22:24 [INFO] scanner - 🚀 SCANNER INICIADO
2026-08-14 17:22:24 [INFO] scanner - 📅 Data/Hora: 14/08/2026 17:22:24
2026-08-14 17:22:24 [INFO] scanner - 📂 Log: logs/scanner_2026-08-14.log
2026-08-14 17:22:24 [INFO] scanner - ============================================================
2026-08-14 17:22:24 [INFO] scanner - 📝 PAPER MODE ATIVO - Apenas registro e análise
2026-08-14 17:53:04 [INFO] scanner - ============================================================
2026-08-14 17:53:04 [INFO] scanner - 🚀 SCANNER INICIADO
2026-08-14 17:53:04 [INFO] scanner - 📅 Data/Hora: 14/08/2026 17:53:04
2026-08-14 17:53:04 [INFO] scanner - 📂 Log: logs/scanner_2026-08-14.log
2026-08-14 17:53:04 [INFO] scanner - ============================================================
2026-08-14 17:53:04 [INFO] scanner - 📝 PAPER MODE ATIVO - Apenas registro e análise
2026-08-14 18:17:00 [INFO] scanner - ============================================================
2026-08-14 18:17:00 [INFO] scanner - 🚀 SCANNER INICIADO
2026-08-14 18:17:00 [INFO] scanner - 📅 Data/Hora: 14/08/2026 18:17:00
2026-08-14 18:17:00 [INFO] scanner - 📂 Log: logs/scanner_2026-08-14.log
2026-08-14 18:17:00 [INFO] scanner - ============================================================
2026-08-14 18:17:00 [INFO] scanner - 📝 PAPER MODE ATIVO - Apenas registro e análise
2026-08-14 18:46:39 [INFO] scanner - ============================================================
2026-08-14 18:46:39 [INFO] scanner - 🚀 SCANNER INICIADO
2026-08-14 18:46:39 [INFO] scanner - 📅 Data/Hora: 14/08/2026 18:46:39
2026-08-14 18:46:39 [INFO] scanner - 📂 Log: logs/scanner_2026-08-14.log
2026-08-14 18:46:39 [INFO] scanner - ============================================================
2026-08-14 18:46:39 [INFO] scanner - 📝 PAPER MODE ATIVO - Apenas registro e análise
2026-08-14 19:13:32 [INFO] scanner - ============================================================
2026-08-14 19:13:32 [INFO] scanner - 🚀 SCANNER INICIADO
2026-08-14 19:13:32 [INFO] scanner - 📅 Data/Hora: 14/08/2026 19:13:32
2026-08-14 19:13:32 [INFO] scanner - 📂 Log: logs/scanner_2026-08-14.log
2026-08-14 19:13:32 [INFO] scanner - ============================================================
2026-08-14 19:13:32 [INFO] scanner - 📝 PAPER MODE ATIVO - Apenas registro e análise
2026-08-14 19:40:14 [INFO] scanner - ============================================================
2026-08-14 19:40:14 [INFO] scanner - 🚀 SCANNER INICIADO
2026-08-14 19:40:14 [INFO] scanner - 📅 Data/Hora: 14/08/2026 19:40:14
2026-08-14 19:40:14 [INFO] scanner - 📂 Log: logs/scanner_2026-08-14.log
2026-08-14 19:40:14 [INFO] scanner - ============================================================
2026-08-14 19:40:14 [INFO] scanner - 📝 PAPER MODE ATIVO - Apenas registro e análise
2026-08-14 19:57:47 [INFO] scanner - ============================================================
2026-08-14 19:57:47 [INFO] scanner - 🚀 SCANNER INICIADO
2026-08-14 19:57:47 [INFO] scanner - 📅 Data/Hora: 14/08/2026 19:57:47
2026-08-14 19:57:47 [INFO] scanner - 📂 Log: logs/scanner_2026-08-14.log
2026-08-14 19:57:47 [INFO] scanner - ============================================================
2026-08-14 19:57:47 [INFO] scanner - 📝 PAPER MODE ATIVO - Apenas registro e análise
2026-08-14 20:18:46 [INFO] scanner - ============================================================
2026-08-14 20:18:46 [INFO] scanner - 🚀 SCANNER INICIADO
2026-08-14 20:18:46 [INFO] scanner - 📅 Data/Hora: 14/08/2026 20:18:46
2026-08-14 20:18:46 [INFO] scanner - 📂 Log: logs/scanner_2026-08-14.log
2026-08-14 20:18:46 [INFO] scanner - ============================================================
2026-08-14 20:18:46 [INFO] scanner - 📝 PAPER MODE ATIVO - Apenas registro e análise
2026-08-14 20:44:08 [INFO] scanner - ============================================================
2026-08-14 20:44:08 [INFO] scanner - 🚀 SCANNER INICIADO
2026-08-14 20:44:08 [INFO] scanner - 📅 Data/Hora: 14/08/2026 20:44:08
2026-08-14 20:44:08 [INFO] scanner - 📂 Log: logs/scanner_2026-08-14.log
2026-08-14 20:44:08 [INFO] scanner - ============================================================
2026-08-14 20:44:08 [INFO] scanner - 📝 PAPER MODE ATIVO - Apenas registro e análise
