2026-09-20 07:20:09 [INFO] scanner - ============================================================
2026-09-20 07:20:09 [INFO] scanner - 🚀 SCANNER INICIADO
2026-09-20 07:20:09 [INFO] scanner - 📅 Data/Hora: 20/09/2026 07:20:09
2026-09-20 07:20:09 [INFO] scanner - 📂 Log: logs/scanner_2026-09-20.log
2026-09-20 07:20:09 [INFO] scanner - ============================================================
2026-09-20 07:20:09 [INFO] scanner - 📝 PAPER MODE ATIVO - Apenas registro e análise
2026-09-20 07:20:14 [WARNING] root - Bloco de componentes falhou: cannot unpack non-iterable int object
2026-09-20 07:20:14 [INFO] scanner - ✅ Validações OK [ETH/USDT]: Score=7.3, R:R=2.00
2026-09-20 07:20:14 [INFO] scanner - ⏸️  Throttle ativo [ETH/USDT]:
2026-09-20 07:20:14 [INFO] scanner -    ├─ Último alerta há 540.1 minutos
2026-09-20 07:20:14 [INFO] scanner -    ├─ Tempo mínimo: 1800 minutos
2026-09-20 07:20:14 [INFO] scanner -    └─ Próximo permitido em: 1259.9 minutos
2026-09-20 11:17:33 [INFO] scanner - ============================================================
2026-09-20 11:17:33 [INFO] scanner - 🚀 SCANNER INICIADO
2026-09-20 11:17:33 [INFO] scanner - 📅 Data/Hora: 20/09/2026 11:17:33
2026-09-20 11:17:33 [INFO] scanner - 📂 Log: logs/scanner_2026-09-20.log
2026-09-20 11:17:33 [INFO] scanner - ============================================================
2026-09-20 11:17:33 [INFO] scanner - 📝 PAPER MODE ATIVO - Apenas registro e análise
2026-09-20 11:17:38 [WARNING] root - Bloco de componentes falhou: cannot unpack non-iterable int object
2026-09-20 11:17:38 [INFO] scanner - ✅ Validações OK [ETH/USDT]: Score=8.3, R:R=2.00
2026-09-20 11:17:38 [INFO] scanner - ⏸️  Throttle ativo [ETH/USDT]:
2026-09-20 11:17:38 [INFO] scanner -    ├─ Último alerta há 777.5 minutos
2026-09-20 11:17:38 [INFO] scanner -    ├─ Tempo mínimo: 1800 minutos
2026-09-20 11:17:38 [INFO] scanner -    └─ Próximo permitido em: 1022.5 minutos
2026-09-20 14:32:51 [INFO] scanner - ============================================================
2026-09-20 14:32:51 [INFO] scanner - 🚀 SCANNER INICIADO
2026-09-20 14:32:51 [INFO] scanner - 📅 Data/Hora: 20/09/2026 14:32:51
2026-09-20 14:32:51 [INFO] scanner - 📂 Log: logs/scanner_2026-09-20.log
2026-09-20 14:32:51 [INFO] scanner - ============================================================
2026-09-20 14:32:51 [INFO] scanner - 📝 PAPER MODE ATIVO - Apenas registro e análise
2026-09-20 14:32:55 [WARNING] root - Bloco de componentes falhou: cannot unpack non-iterable int object
2026-09-20 14:32:55 [INFO] scanner - ✅ Validações OK [BTC/USDT]: Score=7.8, R:R=2.08
2026-09-20 14:32:55 [INFO] scanner - ⏸️  Throttle ativo [BTC/USDT]:
2026-09-20 14:32:55 [INFO] scanner -    ├─ Último alerta há 1476.6 minutos
2026-09-20 14:32:55 [INFO] scanner -    ├─ Tempo mínimo: 1800 minutos
2026-09-20 14:32:55 [INFO] scanner -    └─ Próximo permitido em: 323.4 minutos
2026-09-20 14:32:57 [WARNING] root - Bloco de componentes falhou: cannot unpack non-iterable int object
2026-09-20 14:32:57 [INFO] scanner - ✅ Validações OK [ETH/USDT]: Score=7.8, R:R=2.00
2026-09-20 14:32:57 [INFO] scanner - ⏸️  Throttle ativo [ETH/USDT]:
2026-09-20 14:32:57 [INFO] scanner -    ├─ Último alerta há 972.8 minutos
2026-09-20 14:32:57 [INFO] scanner -    ├─ Tempo mínimo: 1800 minutos
2026-09-20 14:32:57 [INFO] scanner -    └─ Próximo permitido em: 827.2 minutos
2026-09-20 14:32:58 [WARNING] root - Bloco de componentes falhou: cannot unpack non-iterable int object
2026-09-20 14:32:58 [INFO] scanner - ✅ Validações OK [ETH/USDT]: Score=7.8, R:R=2.00
2026-09-20 14:32:58 [INFO] scanner - ⏸️  Throttle ativo [ETH/USDT]:
2026-09-20 14:32:58 [INFO] scanner -    ├─ Último alerta há 972.8 minutos
2026-09-20 14:32:58 [INFO] scanner -    ├─ Tempo mínimo: 1800 minutos
2026-09-20 14:32:58 [INFO] scanner -    └─ Próximo permitido em: 827.2 minutos
