2026-10-05 10:06:54 [INFO] scanner - ============================================================
2026-10-05 10:06:54 [INFO] scanner - 🚀 SCANNER INICIADO
2026-10-05 10:06:54 [INFO] scanner - 📅 Data/Hora: 05/10/2026 10:06:54
2026-10-05 10:06:54 [INFO] scanner - 📂 Log: logs/scanner_2026-10-05.log
2026-10-05 10:06:54 [INFO] scanner - ============================================================
2026-10-05 10:06:54 [INFO] scanner - 📝 PAPER MODE ATIVO - Apenas registro e análise
2026-10-05 10:06:57 [WARNING] root - Bloco de componentes falhou: cannot unpack non-iterable int object
2026-10-05 10:06:57 [INFO] scanner - ✅ Validações OK [BTC/USDT]: Score=7.3, R:R=2.08
2026-10-05 10:06:57 [INFO] scanner - ⏸️  Throttle ativo [BTC/USDT]:
2026-10-05 10:06:57 [INFO] scanner -    ├─ Último alerta há 722.1 minutos
2026-10-05 10:06:57 [INFO] scanner -    ├─ Tempo mínimo: 1800 minutos
2026-10-05 10:06:57 [INFO] scanner -    └─ Próximo permitido em: 1077.9 minutos
2026-10-05 10:06:58 [WARNING] root - Bloco de componentes falhou: cannot unpack non-iterable int object
2026-10-05 10:06:58 [INFO] scanner - ✅ Validações OK [ETH/USDT]: Score=7.3, R:R=2.00
2026-10-05 10:06:58 [INFO] scanner - ⏸️  Throttle ativo [ETH/USDT]:
2026-10-05 10:06:58 [INFO] scanner -    ├─ Último alerta há 1533.1 minutos
2026-10-05 10:06:58 [INFO] scanner -    ├─ Tempo mínimo: 1800 minutos
2026-10-05 10:06:58 [INFO] scanner -    └─ Próximo permitido em: 266.9 minutos
2026-10-05 18:10:44 [INFO] scanner - ============================================================
2026-10-05 18:10:44 [INFO] scanner - 🚀 SCANNER INICIADO
2026-10-05 18:10:44 [INFO] scanner - 📅 Data/Hora: 05/10/2026 18:10:44
2026-10-05 18:10:44 [INFO] scanner - 📂 Log: logs/scanner_2026-10-05.log
2026-10-05 18:10:44 [INFO] scanner - ============================================================
2026-10-05 18:10:44 [INFO] scanner - 📝 PAPER MODE ATIVO - Apenas registro e análise
2026-10-05 22:44:52 [INFO] scanner - ============================================================
2026-10-05 22:44:52 [INFO] scanner - 🚀 SCANNER INICIADO
2026-10-05 22:44:52 [INFO] scanner - 📅 Data/Hora: 05/10/2026 22:44:52
2026-10-05 22:44:52 [INFO] scanner - 📂 Log: logs/scanner_2026-10-05.log
2026-10-05 22:44:52 [INFO] scanner - ============================================================
2026-10-05 22:44:52 [INFO] scanner - 📝 PAPER MODE ATIVO - Apenas registro e análise
