2026-08-25 03:30:28 [INFO] scanner - ============================================================
2026-08-25 03:30:28 [INFO] scanner - 🚀 SCANNER INICIADO
2026-08-25 03:30:28 [INFO] scanner - 📅 Data/Hora: 25/08/2026 03:30:28
2026-08-25 03:30:28 [INFO] scanner - 📂 Log: logs/scanner_2026-08-25.log
2026-08-25 03:30:28 [INFO] scanner - ============================================================
2026-08-25 03:30:28 [INFO] scanner - 📝 PAPER MODE ATIVO - Apenas registro e análise
2026-08-25 03:30:33 [WARNING] root - Bloco de componentes falhou: cannot unpack non-iterable int object
2026-08-25 03:30:33 [INFO] scanner - ✅ Validações OK [BTC/USDT]: Score=7.8, R:R=2.08
2026-08-25 03:30:33 [INFO] scanner - ✅ Throttle OK [BTC/USDT]: Pode enviar
2026-08-25 03:30:33 [WARNING] root - Bloco de componentes falhou: cannot unpack non-iterable int object
2026-08-25 03:30:33 [INFO] scanner - ✅ Validações OK [BTC/USDT]: Score=7.3, R:R=2.08
2026-08-25 03:30:33 [INFO] scanner - ⏸️  Throttle ativo [BTC/USDT]:
2026-08-25 03:30:33 [INFO] scanner -    ├─ Último alerta há 0.0 minutos
2026-08-25 03:30:33 [INFO] scanner -    ├─ Tempo mínimo: 1800 minutos
2026-08-25 03:30:33 [INFO] scanner -    └─ Próximo permitido em: 1800.0 minutos
2026-08-25 03:30:33 [WARNING] root - Bloco de componentes falhou: cannot unpack non-iterable int object
2026-08-25 03:30:33 [INFO] scanner - ✅ Validações OK [BTC/USDT]: Score=7.3, R:R=2.08
2026-08-25 03:30:33 [INFO] scanner - ⏸️  Throttle ativo [BTC/USDT]:
2026-08-25 03:30:33 [INFO] scanner -    ├─ Último alerta há 0.0 minutos
2026-08-25 03:30:33 [INFO] scanner -    ├─ Tempo mínimo: 1800 minutos
2026-08-25 03:30:33 [INFO] scanner -    └─ Próximo permitido em: 1800.0 minutos
2026-08-25 03:30:35 [WARNING] root - Bloco de componentes falhou: cannot unpack non-iterable int object
2026-08-25 03:30:35 [INFO] scanner - ✅ Validações OK [ETH/USDT]: Score=7.3, R:R=2.00
2026-08-25 03:30:35 [INFO] scanner - ⏸️  Throttle ativo [ETH/USDT]:
2026-08-25 03:30:35 [INFO] scanner -    ├─ Último alerta há 1081.0 minutos
2026-08-25 03:30:35 [INFO] scanner -    ├─ Tempo mínimo: 1800 minutos
2026-08-25 03:30:35 [INFO] scanner -    └─ Próximo permitido em: 719.0 minutos
2026-08-25 03:30:35 [WARNING] root - Bloco de componentes falhou: cannot unpack non-iterable int object
2026-08-25 03:30:35 [INFO] scanner - ✅ Validações OK [ETH/USDT]: Score=7.3, R:R=2.00
2026-08-25 03:30:35 [INFO] scanner - ⏸️  Throttle ativo [ETH/USDT]:
2026-08-25 03:30:35 [INFO] scanner -    ├─ Último alerta há 1081.0 minutos
2026-08-25 03:30:35 [INFO] scanner -    ├─ Tempo mínimo: 1800 minutos
2026-08-25 03:30:35 [INFO] scanner -    └─ Próximo permitido em: 719.0 minutos
