2026-09-24 07:48:17 [INFO] scanner - ============================================================
2026-09-24 07:48:17 [INFO] scanner - 🚀 SCANNER INICIADO
2026-09-24 07:48:17 [INFO] scanner - 📅 Data/Hora: 24/09/2026 07:48:17
2026-09-24 07:48:17 [INFO] scanner - 📂 Log: logs/scanner_2026-09-24.log
2026-09-24 07:48:17 [INFO] scanner - ============================================================
2026-09-24 07:48:17 [INFO] scanner - 📝 PAPER MODE ATIVO - Apenas registro e análise
2026-09-24 07:48:20 [WARNING] root - Bloco de componentes falhou: cannot unpack non-iterable int object
2026-09-24 07:48:20 [INFO] scanner - ✅ Validações OK [BTC/USDT]: Score=7.3, R:R=2.08
2026-09-24 07:48:20 [INFO] scanner - ⏸️  Throttle ativo [BTC/USDT]:
2026-09-24 07:48:20 [INFO] scanner -    ├─ Último alerta há 945.8 minutos
2026-09-24 07:48:20 [INFO] scanner -    ├─ Tempo mínimo: 1800 minutos
2026-09-24 07:48:20 [INFO] scanner -    └─ Próximo permitido em: 854.2 minutos
2026-09-24 07:48:22 [WARNING] root - Bloco de componentes falhou: cannot unpack non-iterable int object
2026-09-24 07:48:22 [INFO] scanner - ✅ Validações OK [ETH/USDT]: Score=7.3, R:R=2.00
2026-09-24 07:48:22 [INFO] scanner - ✅ Throttle OK [ETH/USDT]: Pode enviar
2026-09-24 12:36:38 [INFO] scanner - ============================================================
2026-09-24 12:36:38 [INFO] scanner - 🚀 SCANNER INICIADO
2026-09-24 12:36:38 [INFO] scanner - 📅 Data/Hora: 24/09/2026 12:36:38
2026-09-24 12:36:38 [INFO] scanner - 📂 Log: logs/scanner_2026-09-24.log
2026-09-24 12:36:38 [INFO] scanner - ============================================================
2026-09-24 12:36:38 [INFO] scanner - 📝 PAPER MODE ATIVO - Apenas registro e análise
2026-09-24 12:36:42 [WARNING] root - Bloco de componentes falhou: cannot unpack non-iterable int object
2026-09-24 12:36:42 [INFO] scanner - ✅ Validações OK [BTC/USDT]: Score=7.3, R:R=2.08
2026-09-24 12:36:42 [INFO] scanner - ⏸️  Throttle ativo [BTC/USDT]:
2026-09-24 12:36:42 [INFO] scanner -    ├─ Último alerta há 1234.2 minutos
2026-09-24 12:36:42 [INFO] scanner -    ├─ Tempo mínimo: 1800 minutos
2026-09-24 12:36:42 [INFO] scanner -    └─ Próximo permitido em: 565.8 minutos
2026-09-24 12:36:44 [WARNING] root - Bloco de componentes falhou: cannot unpack non-iterable int object
2026-09-24 12:36:44 [INFO] scanner - ✅ Validações OK [ETH/USDT]: Score=7.3, R:R=2.00
2026-09-24 12:36:44 [INFO] scanner - ⏸️  Throttle ativo [ETH/USDT]:
2026-09-24 12:36:44 [INFO] scanner -    ├─ Último alerta há 288.4 minutos
2026-09-24 12:36:44 [INFO] scanner -    ├─ Tempo mínimo: 1800 minutos
2026-09-24 12:36:44 [INFO] scanner -    └─ Próximo permitido em: 1511.6 minutos
2026-09-24 16:29:37 [INFO] scanner - ============================================================
2026-09-24 16:29:37 [INFO] scanner - 🚀 SCANNER INICIADO
2026-09-24 16:29:37 [INFO] scanner - 📅 Data/Hora: 24/09/2026 16:29:37
2026-09-24 16:29:37 [INFO] scanner - 📂 Log: logs/scanner_2026-09-24.log
2026-09-24 16:29:37 [INFO] scanner - ============================================================
2026-09-24 16:29:37 [INFO] scanner - 📝 PAPER MODE ATIVO - Apenas registro e análise
2026-09-24 16:29:40 [WARNING] root - Bloco de componentes falhou: cannot unpack non-iterable int object
2026-09-24 16:29:40 [INFO] scanner - ✅ Validações OK [BTC/USDT]: Score=7.3, R:R=2.08
2026-09-24 16:29:40 [INFO] scanner - ⏸️  Throttle ativo [BTC/USDT]:
2026-09-24 16:29:40 [INFO] scanner -    ├─ Último alerta há 1467.1 minutos
2026-09-24 16:29:40 [INFO] scanner -    ├─ Tempo mínimo: 1800 minutos
2026-09-24 16:29:40 [INFO] scanner -    └─ Próximo permitido em: 332.9 minutos
2026-09-24 16:29:42 [WARNING] root - Bloco de componentes falhou: cannot unpack non-iterable int object
2026-09-24 16:29:42 [INFO] scanner - ✅ Validações OK [ETH/USDT]: Score=7.3, R:R=2.00
2026-09-24 16:29:42 [INFO] scanner - ⏸️  Throttle ativo [ETH/USDT]:
2026-09-24 16:29:42 [INFO] scanner -    ├─ Último alerta há 521.3 minutos
2026-09-24 16:29:42 [INFO] scanner -    ├─ Tempo mínimo: 1800 minutos
2026-09-24 16:29:42 [INFO] scanner -    └─ Próximo permitido em: 1278.7 minutos
2026-09-24 16:29:42 [WARNING] root - Bloco de componentes falhou: cannot unpack non-iterable int object
2026-09-24 16:29:42 [INFO] scanner - ✅ Validações OK [ETH/USDT]: Score=7.3, R:R=2.00
2026-09-24 16:29:42 [INFO] scanner - ⏸️  Throttle ativo [ETH/USDT]:
2026-09-24 16:29:42 [INFO] scanner -    ├─ Último alerta há 521.3 minutos
2026-09-24 16:29:42 [INFO] scanner -    ├─ Tempo mínimo: 1800 minutos
2026-09-24 16:29:42 [INFO] scanner -    └─ Próximo permitido em: 1278.7 minutos
2026-09-24 19:39:31 [INFO] scanner - ============================================================
2026-09-24 19:39:31 [INFO] scanner - 🚀 SCANNER INICIADO
2026-09-24 19:39:31 [INFO] scanner - 📅 Data/Hora: 24/09/2026 19:39:31
2026-09-24 19:39:31 [INFO] scanner - 📂 Log: logs/scanner_2026-09-24.log
2026-09-24 19:39:31 [INFO] scanner - ============================================================
2026-09-24 19:39:31 [INFO] scanner - 📝 PAPER MODE ATIVO - Apenas registro e análise
2026-09-24 19:39:34 [WARNING] root - Bloco de componentes falhou: cannot unpack non-iterable int object
2026-09-24 19:39:34 [INFO] scanner - ✅ Validações OK [BTC/USDT]: Score=7.3, R:R=2.08
2026-09-24 19:39:34 [INFO] scanner - ⏸️  Throttle ativo [BTC/USDT]:
2026-09-24 19:39:34 [INFO] scanner -    ├─ Último alerta há 1657.0 minutos
2026-09-24 19:39:34 [INFO] scanner -    ├─ Tempo mínimo: 1800 minutos
2026-09-24 19:39:34 [INFO] scanner -    └─ Próximo permitido em: 143.0 minutos
2026-09-24 19:39:36 [WARNING] root - Bloco de componentes falhou: cannot unpack non-iterable int object
2026-09-24 19:39:36 [INFO] scanner - ✅ Validações OK [ETH/USDT]: Score=7.3, R:R=2.00
2026-09-24 19:39:36 [INFO] scanner - ⏸️  Throttle ativo [ETH/USDT]:
2026-09-24 19:39:36 [INFO] scanner -    ├─ Último alerta há 711.2 minutos
2026-09-24 19:39:36 [INFO] scanner -    ├─ Tempo mínimo: 1800 minutos
2026-09-24 19:39:36 [INFO] scanner -    └─ Próximo permitido em: 1088.8 minutos
2026-09-24 19:39:36 [WARNING] root - Bloco de componentes falhou: cannot unpack non-iterable int object
2026-09-24 19:39:36 [INFO] scanner - ✅ Validações OK [ETH/USDT]: Score=7.3, R:R=2.00
2026-09-24 19:39:36 [INFO] scanner - ⏸️  Throttle ativo [ETH/USDT]:
2026-09-24 19:39:36 [INFO] scanner -    ├─ Último alerta há 711.2 minutos
2026-09-24 19:39:36 [INFO] scanner -    ├─ Tempo mínimo: 1800 minutos
2026-09-24 19:39:36 [INFO] scanner -    └─ Próximo permitido em: 1088.8 minutos
2026-09-24 21:48:47 [INFO] scanner - ============================================================
2026-09-24 21:48:47 [INFO] scanner - 🚀 SCANNER INICIADO
2026-09-24 21:48:47 [INFO] scanner - 📅 Data/Hora: 24/09/2026 21:48:47
2026-09-24 21:48:47 [INFO] scanner - 📂 Log: logs/scanner_2026-09-24.log
2026-09-24 21:48:47 [INFO] scanner - ============================================================
2026-09-24 21:48:47 [INFO] scanner - 📝 PAPER MODE ATIVO - Apenas registro e análise
2026-09-24 21:48:50 [WARNING] root - Bloco de componentes falhou: cannot unpack non-iterable int object
2026-09-24 21:48:50 [INFO] scanner - ✅ Validações OK [BTC/USDT]: Score=7.3, R:R=2.08
2026-09-24 21:48:50 [INFO] scanner - ⏸️  Throttle ativo [BTC/USDT]:
2026-09-24 21:48:50 [INFO] scanner -    ├─ Último alerta há 1786.3 minutos
2026-09-24 21:48:50 [INFO] scanner -    ├─ Tempo mínimo: 1800 minutos
2026-09-24 21:48:50 [INFO] scanner -    └─ Próximo permitido em: 13.7 minutos
2026-09-24 21:48:51 [WARNING] root - Bloco de componentes falhou: cannot unpack non-iterable int object
2026-09-24 21:48:51 [INFO] scanner - ✅ Validações OK [BTC/USDT]: Score=7.3, R:R=2.08
2026-09-24 21:48:51 [INFO] scanner - ⏸️  Throttle ativo [BTC/USDT]:
2026-09-24 21:48:51 [INFO] scanner -    ├─ Último alerta há 1786.3 minutos
2026-09-24 21:48:51 [INFO] scanner -    ├─ Tempo mínimo: 1800 minutos
2026-09-24 21:48:51 [INFO] scanner -    └─ Próximo permitido em: 13.7 minutos
2026-09-24 21:48:53 [WARNING] root - Bloco de componentes falhou: cannot unpack non-iterable int object
2026-09-24 21:48:53 [INFO] scanner - ✅ Validações OK [ETH/USDT]: Score=7.3, R:R=2.00
2026-09-24 21:48:53 [INFO] scanner - ⏸️  Throttle ativo [ETH/USDT]:
2026-09-24 21:48:53 [INFO] scanner -    ├─ Último alerta há 840.5 minutos
2026-09-24 21:48:53 [INFO] scanner -    ├─ Tempo mínimo: 1800 minutos
2026-09-24 21:48:53 [INFO] scanner -    └─ Próximo permitido em: 959.5 minutos
