2026-09-25 07:52:35 [INFO] scanner - ============================================================
2026-09-25 07:52:35 [INFO] scanner - 🚀 SCANNER INICIADO
2026-09-25 07:52:35 [INFO] scanner - 📅 Data/Hora: 25/09/2026 07:52:35
2026-09-25 07:52:35 [INFO] scanner - 📂 Log: logs/scanner_2026-09-25.log
2026-09-25 07:52:35 [INFO] scanner - ============================================================
2026-09-25 07:52:35 [INFO] scanner - 📝 PAPER MODE ATIVO - Apenas registro e análise
2026-09-25 07:52:38 [WARNING] root - Bloco de componentes falhou: cannot unpack non-iterable int object
2026-09-25 07:52:38 [INFO] scanner - ✅ Validações OK [BTC/USDT]: Score=8.8, R:R=2.08
2026-09-25 07:52:38 [INFO] scanner - ✅ Throttle OK [BTC/USDT]: Pode enviar
2026-09-25 07:52:38 [INFO] scanner - 📝 Sinal no ledger: 20260925_075238_690509 - BTC/USDT
2026-09-25 07:52:38 [INFO] scanner - 📨 Alerta enviado | ID Ledger: 20260925_075238_690509
2026-09-25 07:52:39 [WARNING] root - Bloco de componentes falhou: cannot unpack non-iterable int object
2026-09-25 07:52:39 [INFO] scanner - ✅ Validações OK [BTC/USDT]: Score=7.3, R:R=2.08
2026-09-25 07:52:39 [INFO] scanner - ⏸️  Throttle ativo [BTC/USDT]:
2026-09-25 07:52:39 [INFO] scanner -    ├─ Último alerta há 0.0 minutos
2026-09-25 07:52:39 [INFO] scanner -    ├─ Tempo mínimo: 1800 minutos
2026-09-25 07:52:39 [INFO] scanner -    └─ Próximo permitido em: 1800.0 minutos
2026-09-25 07:52:39 [WARNING] root - Bloco de componentes falhou: cannot unpack non-iterable int object
2026-09-25 07:52:39 [INFO] scanner - ✅ Validações OK [BTC/USDT]: Score=7.3, R:R=2.08
2026-09-25 07:52:39 [INFO] scanner - ⏸️  Throttle ativo [BTC/USDT]:
2026-09-25 07:52:39 [INFO] scanner -    ├─ Último alerta há 0.0 minutos
2026-09-25 07:52:39 [INFO] scanner -    ├─ Tempo mínimo: 1800 minutos
2026-09-25 07:52:39 [INFO] scanner -    └─ Próximo permitido em: 1800.0 minutos
2026-09-25 07:52:41 [WARNING] root - Bloco de componentes falhou: cannot unpack non-iterable int object
2026-09-25 07:52:41 [INFO] scanner - ✅ Validações OK [ETH/USDT]: Score=7.3, R:R=2.00
2026-09-25 07:52:41 [INFO] scanner - ⏸️  Throttle ativo [ETH/USDT]:
2026-09-25 07:52:41 [INFO] scanner -    ├─ Último alerta há 1444.3 minutos
2026-09-25 07:52:41 [INFO] scanner -    ├─ Tempo mínimo: 1800 minutos
2026-09-25 07:52:41 [INFO] scanner -    └─ Próximo permitido em: 355.7 minutos
2026-09-25 07:52:41 [WARNING] root - Bloco de componentes falhou: cannot unpack non-iterable int object
2026-09-25 07:52:41 [INFO] scanner - ✅ Validações OK [ETH/USDT]: Score=7.3, R:R=2.00
2026-09-25 07:52:41 [INFO] scanner - ⏸️  Throttle ativo [ETH/USDT]:
2026-09-25 07:52:41 [INFO] scanner -    ├─ Último alerta há 1444.3 minutos
2026-09-25 07:52:41 [INFO] scanner -    ├─ Tempo mínimo: 1800 minutos
2026-09-25 07:52:41 [INFO] scanner -    └─ Próximo permitido em: 355.7 minutos
2026-09-25 12:41:11 [INFO] scanner - ============================================================
2026-09-25 12:41:11 [INFO] scanner - 🚀 SCANNER INICIADO
2026-09-25 12:41:11 [INFO] scanner - 📅 Data/Hora: 25/09/2026 12:41:11
2026-09-25 12:41:11 [INFO] scanner - 📂 Log: logs/scanner_2026-09-25.log
2026-09-25 12:41:11 [INFO] scanner - ============================================================
2026-09-25 12:41:11 [INFO] scanner - 📝 PAPER MODE ATIVO - Apenas registro e análise
2026-09-25 12:41:14 [WARNING] root - Bloco de componentes falhou: cannot unpack non-iterable int object
2026-09-25 12:41:14 [INFO] scanner - ✅ Validações OK [BTC/USDT]: Score=7.3, R:R=2.08
2026-09-25 12:41:14 [INFO] scanner - ⏸️  Throttle ativo [BTC/USDT]:
2026-09-25 12:41:14 [INFO] scanner -    ├─ Último alerta há 288.6 minutos
2026-09-25 12:41:14 [INFO] scanner -    ├─ Tempo mínimo: 1800 minutos
2026-09-25 12:41:14 [INFO] scanner -    └─ Próximo permitido em: 1511.4 minutos
2026-09-25 12:41:17 [WARNING] root - Bloco de componentes falhou: cannot unpack non-iterable int object
2026-09-25 12:41:17 [INFO] scanner - ✅ Validações OK [ETH/USDT]: Score=7.3, R:R=2.00
2026-09-25 12:41:17 [INFO] scanner - ⏸️  Throttle ativo [ETH/USDT]:
2026-09-25 12:41:17 [INFO] scanner -    ├─ Último alerta há 1732.9 minutos
2026-09-25 12:41:17 [INFO] scanner -    ├─ Tempo mínimo: 1800 minutos
2026-09-25 12:41:17 [INFO] scanner -    └─ Próximo permitido em: 67.1 minutos
2026-09-25 12:41:17 [WARNING] root - Bloco de componentes falhou: cannot unpack non-iterable int object
2026-09-25 12:41:17 [INFO] scanner - ✅ Validações OK [ETH/USDT]: Score=7.3, R:R=2.00
2026-09-25 12:41:17 [INFO] scanner - ⏸️  Throttle ativo [ETH/USDT]:
2026-09-25 12:41:17 [INFO] scanner -    ├─ Último alerta há 1732.9 minutos
2026-09-25 12:41:17 [INFO] scanner -    ├─ Tempo mínimo: 1800 minutos
2026-09-25 12:41:17 [INFO] scanner -    └─ Próximo permitido em: 67.1 minutos
2026-09-25 16:33:15 [INFO] scanner - ============================================================
2026-09-25 16:33:15 [INFO] scanner - 🚀 SCANNER INICIADO
2026-09-25 16:33:15 [INFO] scanner - 📅 Data/Hora: 25/09/2026 16:33:15
2026-09-25 16:33:15 [INFO] scanner - 📂 Log: logs/scanner_2026-09-25.log
2026-09-25 16:33:15 [INFO] scanner - ============================================================
2026-09-25 16:33:15 [INFO] scanner - 📝 PAPER MODE ATIVO - Apenas registro e análise
