2026-08-06 05:17:33 [INFO] scanner - ============================================================
2026-08-06 05:17:33 [INFO] scanner - 🚀 SCANNER INICIADO
2026-08-06 05:17:33 [INFO] scanner - 📅 Data/Hora: 06/08/2026 05:17:33
2026-08-06 05:17:33 [INFO] scanner - 📂 Log: logs/scanner_2026-08-06.log
2026-08-06 05:17:33 [INFO] scanner - ============================================================
2026-08-06 05:17:33 [INFO] scanner - 📝 PAPER MODE ATIVO - Apenas registro e análise
2026-08-06 05:17:38 [WARNING] root - Bloco de componentes falhou: cannot unpack non-iterable int object
2026-08-06 05:17:38 [INFO] scanner - ✅ Validações OK [BTC/USDT]: Score=7.3, R:R=2.08
2026-08-06 05:17:38 [INFO] scanner - ✅ Throttle OK [BTC/USDT]: Pode enviar
2026-08-06 05:17:39 [INFO] scanner - 📝 Sinal no ledger: 20260806_051739_145492 - BTC/USDT
2026-08-06 05:17:39 [INFO] scanner - 📨 Alerta enviado | ID Ledger: 20260806_051739_145492
2026-08-06 05:17:41 [WARNING] root - Bloco de componentes falhou: cannot unpack non-iterable int object
2026-08-06 05:17:41 [INFO] scanner - ✅ Validações OK [ETH/USDT]: Score=7.3, R:R=2.00
2026-08-06 05:17:41 [INFO] scanner - ⏸️  Throttle ativo [ETH/USDT]:
2026-08-06 05:17:41 [INFO] scanner -    ├─ Último alerta há 1168.2 minutos
2026-08-06 05:17:41 [INFO] scanner -    ├─ Tempo mínimo: 1800 minutos
2026-08-06 05:17:41 [INFO] scanner -    └─ Próximo permitido em: 631.8 minutos
2026-08-06 07:58:35 [INFO] scanner - ============================================================
2026-08-06 07:58:35 [INFO] scanner - 🚀 SCANNER INICIADO
2026-08-06 07:58:35 [INFO] scanner - 📅 Data/Hora: 06/08/2026 07:58:35
2026-08-06 07:58:35 [INFO] scanner - 📂 Log: logs/scanner_2026-08-06.log
2026-08-06 07:58:35 [INFO] scanner - ============================================================
2026-08-06 07:58:35 [INFO] scanner - 📝 PAPER MODE ATIVO - Apenas registro e análise
2026-08-06 07:58:39 [WARNING] root - Bloco de componentes falhou: cannot unpack non-iterable int object
2026-08-06 07:58:39 [INFO] scanner - ✅ Validações OK [BTC/USDT]: Score=7.3, R:R=2.08
2026-08-06 07:58:39 [INFO] scanner - ⏸️  Throttle ativo [BTC/USDT]:
2026-08-06 07:58:39 [INFO] scanner -    ├─ Último alerta há 161.0 minutos
2026-08-06 07:58:39 [INFO] scanner -    ├─ Tempo mínimo: 1800 minutos
2026-08-06 07:58:39 [INFO] scanner -    └─ Próximo permitido em: 1639.0 minutos
2026-08-06 07:58:41 [WARNING] root - Bloco de componentes falhou: cannot unpack non-iterable int object
2026-08-06 07:58:41 [INFO] scanner - ✅ Validações OK [ETH/USDT]: Score=7.3, R:R=2.00
2026-08-06 07:58:41 [INFO] scanner - ⏸️  Throttle ativo [ETH/USDT]:
2026-08-06 07:58:41 [INFO] scanner -    ├─ Último alerta há 1329.2 minutos
2026-08-06 07:58:41 [INFO] scanner -    ├─ Tempo mínimo: 1800 minutos
2026-08-06 07:58:41 [INFO] scanner -    └─ Próximo permitido em: 470.8 minutos
