2026-09-02 07:15:03 [INFO] scanner - ============================================================
2026-09-02 07:15:03 [INFO] scanner - 🚀 SCANNER INICIADO
2026-09-02 07:15:03 [INFO] scanner - 📅 Data/Hora: 02/09/2026 07:15:03
2026-09-02 07:15:03 [INFO] scanner - 📂 Log: logs/scanner_2026-09-02.log
2026-09-02 07:15:03 [INFO] scanner - ============================================================
2026-09-02 07:15:03 [INFO] scanner - 📝 PAPER MODE ATIVO - Apenas registro e análise
2026-09-02 11:30:53 [INFO] scanner - ============================================================
2026-09-02 11:30:53 [INFO] scanner - 🚀 SCANNER INICIADO
2026-09-02 11:30:53 [INFO] scanner - 📅 Data/Hora: 02/09/2026 11:30:53
2026-09-02 11:30:53 [INFO] scanner - 📂 Log: logs/scanner_2026-09-02.log
2026-09-02 11:30:53 [INFO] scanner - ============================================================
2026-09-02 11:30:53 [INFO] scanner - 📝 PAPER MODE ATIVO - Apenas registro e análise
2026-09-02 11:30:57 [WARNING] root - Bloco de componentes falhou: cannot unpack non-iterable int object
2026-09-02 11:30:57 [INFO] scanner - ✅ Validações OK [BTC/USDT]: Score=8.3, R:R=2.08
2026-09-02 11:30:57 [INFO] scanner - ⏸️  Throttle ativo [BTC/USDT]:
2026-09-02 11:30:57 [INFO] scanner -    ├─ Último alerta há 1190.5 minutos
2026-09-02 11:30:57 [INFO] scanner -    ├─ Tempo mínimo: 1800 minutos
2026-09-02 11:30:57 [INFO] scanner -    └─ Próximo permitido em: 609.5 minutos
2026-09-02 11:30:57 [WARNING] root - Bloco de componentes falhou: cannot unpack non-iterable int object
2026-09-02 11:30:57 [INFO] scanner - ✅ Validações OK [BTC/USDT]: Score=7.3, R:R=2.08
2026-09-02 11:30:57 [INFO] scanner - ⏸️  Throttle ativo [BTC/USDT]:
2026-09-02 11:30:57 [INFO] scanner -    ├─ Último alerta há 1190.5 minutos
2026-09-02 11:30:57 [INFO] scanner -    ├─ Tempo mínimo: 1800 minutos
2026-09-02 11:30:57 [INFO] scanner -    └─ Próximo permitido em: 609.5 minutos
2026-09-02 11:31:00 [WARNING] root - Bloco de componentes falhou: cannot unpack non-iterable int object
2026-09-02 11:31:00 [INFO] scanner - ✅ Validações OK [ETH/USDT]: Score=8.3, R:R=2.00
2026-09-02 11:31:00 [INFO] scanner - ⏸️  Throttle ativo [ETH/USDT]:
2026-09-02 11:31:00 [INFO] scanner -    ├─ Último alerta há 1190.5 minutos
2026-09-02 11:31:00 [INFO] scanner -    ├─ Tempo mínimo: 1800 minutos
2026-09-02 11:31:00 [INFO] scanner -    └─ Próximo permitido em: 609.5 minutos
2026-09-02 15:02:38 [INFO] scanner - ============================================================
2026-09-02 15:02:38 [INFO] scanner - 🚀 SCANNER INICIADO
2026-09-02 15:02:38 [INFO] scanner - 📅 Data/Hora: 02/09/2026 15:02:38
2026-09-02 15:02:38 [INFO] scanner - 📂 Log: logs/scanner_2026-09-02.log
2026-09-02 15:02:38 [INFO] scanner - ============================================================
2026-09-02 15:02:38 [INFO] scanner - 📝 PAPER MODE ATIVO - Apenas registro e análise
2026-09-02 17:59:44 [INFO] scanner - ============================================================
2026-09-02 17:59:44 [INFO] scanner - 🚀 SCANNER INICIADO
2026-09-02 17:59:44 [INFO] scanner - 📅 Data/Hora: 02/09/2026 17:59:44
2026-09-02 17:59:44 [INFO] scanner - 📂 Log: logs/scanner_2026-09-02.log
2026-09-02 17:59:44 [INFO] scanner - ============================================================
2026-09-02 17:59:44 [INFO] scanner - 📝 PAPER MODE ATIVO - Apenas registro e análise
2026-09-02 20:06:49 [INFO] scanner - ============================================================
2026-09-02 20:06:49 [INFO] scanner - 🚀 SCANNER INICIADO
2026-09-02 20:06:49 [INFO] scanner - 📅 Data/Hora: 02/09/2026 20:06:49
2026-09-02 20:06:49 [INFO] scanner - 📂 Log: logs/scanner_2026-09-02.log
2026-09-02 20:06:49 [INFO] scanner - ============================================================
2026-09-02 20:06:49 [INFO] scanner - 📝 PAPER MODE ATIVO - Apenas registro e análise
2026-09-02 22:06:03 [INFO] scanner - ============================================================
2026-09-02 22:06:03 [INFO] scanner - 🚀 SCANNER INICIADO
2026-09-02 22:06:03 [INFO] scanner - 📅 Data/Hora: 02/09/2026 22:06:03
2026-09-02 22:06:03 [INFO] scanner - 📂 Log: logs/scanner_2026-09-02.log
2026-09-02 22:06:03 [INFO] scanner - ============================================================
2026-09-02 22:06:03 [INFO] scanner - 📝 PAPER MODE ATIVO - Apenas registro e análise
