2026-09-22 07:38:30 [INFO] scanner - ============================================================
2026-09-22 07:38:30 [INFO] scanner - 🚀 SCANNER INICIADO
2026-09-22 07:38:30 [INFO] scanner - 📅 Data/Hora: 22/09/2026 07:38:30
2026-09-22 07:38:30 [INFO] scanner - 📂 Log: logs/scanner_2026-09-22.log
2026-09-22 07:38:30 [INFO] scanner - ============================================================
2026-09-22 07:38:30 [INFO] scanner - 📝 PAPER MODE ATIVO - Apenas registro e análise
2026-09-22 07:38:33 [WARNING] root - Bloco de componentes falhou: cannot unpack non-iterable int object
2026-09-22 07:38:33 [INFO] scanner - ✅ Validações OK [BTC/USDT]: Score=7.3, R:R=2.08
2026-09-22 07:38:33 [INFO] scanner - ✅ Throttle OK [BTC/USDT]: Pode enviar
2026-09-22 07:38:33 [INFO] scanner - 📝 Sinal no ledger: 20260922_073833_987138 - BTC/USDT
2026-09-22 07:38:33 [INFO] scanner - 📨 Alerta enviado | ID Ledger: 20260922_073833_987138
2026-09-22 07:38:36 [WARNING] root - Bloco de componentes falhou: cannot unpack non-iterable int object
2026-09-22 07:38:36 [INFO] scanner - ✅ Validações OK [ETH/USDT]: Score=7.3, R:R=2.00
2026-09-22 07:38:36 [INFO] scanner - ⏸️  Throttle ativo [ETH/USDT]:
2026-09-22 07:38:36 [INFO] scanner -    ├─ Último alerta há 1386.3 minutos
2026-09-22 07:38:36 [INFO] scanner -    ├─ Tempo mínimo: 1800 minutos
2026-09-22 07:38:36 [INFO] scanner -    └─ Próximo permitido em: 413.7 minutos
2026-09-22 07:38:36 [WARNING] root - Bloco de componentes falhou: cannot unpack non-iterable int object
2026-09-22 07:38:36 [INFO] scanner - ✅ Validações OK [ETH/USDT]: Score=7.3, R:R=2.00
2026-09-22 07:38:36 [INFO] scanner - ⏸️  Throttle ativo [ETH/USDT]:
2026-09-22 07:38:36 [INFO] scanner -    ├─ Último alerta há 1386.3 minutos
2026-09-22 07:38:36 [INFO] scanner -    ├─ Tempo mínimo: 1800 minutos
2026-09-22 07:38:36 [INFO] scanner -    └─ Próximo permitido em: 413.7 minutos
2026-09-22 12:09:54 [INFO] scanner - ============================================================
2026-09-22 12:09:54 [INFO] scanner - 🚀 SCANNER INICIADO
2026-09-22 12:09:54 [INFO] scanner - 📅 Data/Hora: 22/09/2026 12:09:54
2026-09-22 12:09:54 [INFO] scanner - 📂 Log: logs/scanner_2026-09-22.log
2026-09-22 12:09:54 [INFO] scanner - ============================================================
2026-09-22 12:09:54 [INFO] scanner - 📝 PAPER MODE ATIVO - Apenas registro e análise
2026-09-22 12:10:10 [WARNING] root - Bloco de componentes falhou: cannot unpack non-iterable int object
2026-09-22 12:10:10 [INFO] scanner - ✅ Validações OK [BTC/USDT]: Score=7.8, R:R=2.08
2026-09-22 12:10:10 [INFO] scanner - ⏸️  Throttle ativo [BTC/USDT]:
2026-09-22 12:10:10 [INFO] scanner -    ├─ Último alerta há 271.6 minutos
2026-09-22 12:10:10 [INFO] scanner -    ├─ Tempo mínimo: 1800 minutos
2026-09-22 12:10:10 [INFO] scanner -    └─ Próximo permitido em: 1528.4 minutos
2026-09-22 12:10:12 [WARNING] root - Bloco de componentes falhou: cannot unpack non-iterable int object
2026-09-22 12:10:12 [INFO] scanner - ✅ Validações OK [BTC/USDT]: Score=7.3, R:R=2.08
2026-09-22 12:10:12 [INFO] scanner - ⏸️  Throttle ativo [BTC/USDT]:
2026-09-22 12:10:12 [INFO] scanner -    ├─ Último alerta há 271.6 minutos
2026-09-22 12:10:12 [INFO] scanner -    ├─ Tempo mínimo: 1800 minutos
2026-09-22 12:10:12 [INFO] scanner -    └─ Próximo permitido em: 1528.4 minutos
2026-09-22 12:10:14 [WARNING] root - Bloco de componentes falhou: cannot unpack non-iterable int object
2026-09-22 12:10:14 [INFO] scanner - ✅ Validações OK [ETH/USDT]: Score=7.3, R:R=2.00
2026-09-22 12:10:14 [INFO] scanner - ⏸️  Throttle ativo [ETH/USDT]:
2026-09-22 12:10:14 [INFO] scanner -    ├─ Último alerta há 1657.9 minutos
2026-09-22 12:10:14 [INFO] scanner -    ├─ Tempo mínimo: 1800 minutos
2026-09-22 12:10:14 [INFO] scanner -    └─ Próximo permitido em: 142.1 minutos
2026-09-22 15:51:06 [INFO] scanner - ============================================================
2026-09-22 15:51:06 [INFO] scanner - 🚀 SCANNER INICIADO
2026-09-22 15:51:06 [INFO] scanner - 📅 Data/Hora: 22/09/2026 15:51:06
2026-09-22 15:51:06 [INFO] scanner - 📂 Log: logs/scanner_2026-09-22.log
2026-09-22 15:51:06 [INFO] scanner - ============================================================
2026-09-22 15:51:06 [INFO] scanner - 📝 PAPER MODE ATIVO - Apenas registro e análise
2026-09-22 15:51:10 [WARNING] root - Bloco de componentes falhou: cannot unpack non-iterable int object
2026-09-22 15:51:10 [INFO] scanner - ✅ Validações OK [BTC/USDT]: Score=7.3, R:R=2.08
2026-09-22 15:51:10 [INFO] scanner - ⏸️  Throttle ativo [BTC/USDT]:
2026-09-22 15:51:10 [INFO] scanner -    ├─ Último alerta há 492.6 minutos
2026-09-22 15:51:10 [INFO] scanner -    ├─ Tempo mínimo: 1800 minutos
2026-09-22 15:51:10 [INFO] scanner -    └─ Próximo permitido em: 1307.4 minutos
2026-09-22 15:51:11 [WARNING] root - Bloco de componentes falhou: cannot unpack non-iterable int object
2026-09-22 15:51:11 [INFO] scanner - ✅ Validações OK [ETH/USDT]: Score=7.3, R:R=2.00
2026-09-22 15:51:11 [INFO] scanner - ✅ Throttle OK [ETH/USDT]: Pode enviar
2026-09-22 15:51:12 [INFO] scanner - 📝 Sinal no ledger: 20260922_155112_586602 - ETH/USDT
2026-09-22 15:51:12 [INFO] scanner - 📨 Alerta enviado | ID Ledger: 20260922_155112_586602
2026-09-22 18:44:01 [INFO] scanner - ============================================================
2026-09-22 18:44:01 [INFO] scanner - 🚀 SCANNER INICIADO
2026-09-22 18:44:01 [INFO] scanner - 📅 Data/Hora: 22/09/2026 18:44:01
2026-09-22 18:44:01 [INFO] scanner - 📂 Log: logs/scanner_2026-09-22.log
2026-09-22 18:44:01 [INFO] scanner - ============================================================
2026-09-22 18:44:01 [INFO] scanner - 📝 PAPER MODE ATIVO - Apenas registro e análise
2026-09-22 18:44:04 [WARNING] root - Bloco de componentes falhou: cannot unpack non-iterable int object
2026-09-22 18:44:04 [INFO] scanner - ✅ Validações OK [BTC/USDT]: Score=7.3, R:R=2.08
2026-09-22 18:44:04 [INFO] scanner - ⏸️  Throttle ativo [BTC/USDT]:
2026-09-22 18:44:04 [INFO] scanner -    ├─ Último alerta há 665.5 minutos
2026-09-22 18:44:04 [INFO] scanner -    ├─ Tempo mínimo: 1800 minutos
2026-09-22 18:44:04 [INFO] scanner -    └─ Próximo permitido em: 1134.5 minutos
2026-09-22 18:44:06 [WARNING] root - Bloco de componentes falhou: cannot unpack non-iterable int object
2026-09-22 18:44:06 [INFO] scanner - ✅ Validações OK [ETH/USDT]: Score=7.3, R:R=2.00
2026-09-22 18:44:06 [INFO] scanner - ⏸️  Throttle ativo [ETH/USDT]:
2026-09-22 18:44:06 [INFO] scanner -    ├─ Último alerta há 172.9 minutos
2026-09-22 18:44:06 [INFO] scanner -    ├─ Tempo mínimo: 1800 minutos
2026-09-22 18:44:06 [INFO] scanner -    └─ Próximo permitido em: 1627.1 minutos
2026-09-22 18:44:07 [WARNING] root - Bloco de componentes falhou: cannot unpack non-iterable int object
2026-09-22 18:44:07 [INFO] scanner - ✅ Validações OK [ETH/USDT]: Score=7.3, R:R=2.00
2026-09-22 18:44:07 [INFO] scanner - ⏸️  Throttle ativo [ETH/USDT]:
2026-09-22 18:44:07 [INFO] scanner -    ├─ Último alerta há 172.9 minutos
2026-09-22 18:44:07 [INFO] scanner -    ├─ Tempo mínimo: 1800 minutos
2026-09-22 18:44:07 [INFO] scanner -    └─ Próximo permitido em: 1627.1 minutos
2026-09-22 20:50:16 [INFO] scanner - ============================================================
2026-09-22 20:50:16 [INFO] scanner - 🚀 SCANNER INICIADO
2026-09-22 20:50:16 [INFO] scanner - 📅 Data/Hora: 22/09/2026 20:50:16
2026-09-22 20:50:16 [INFO] scanner - 📂 Log: logs/scanner_2026-09-22.log
2026-09-22 20:50:16 [INFO] scanner - ============================================================
2026-09-22 20:50:16 [INFO] scanner - 📝 PAPER MODE ATIVO - Apenas registro e análise
2026-09-22 20:50:20 [WARNING] root - Bloco de componentes falhou: cannot unpack non-iterable int object
2026-09-22 20:50:20 [INFO] scanner - ✅ Validações OK [BTC/USDT]: Score=7.3, R:R=2.08
2026-09-22 20:50:20 [INFO] scanner - ⏸️  Throttle ativo [BTC/USDT]:
2026-09-22 20:50:20 [INFO] scanner -    ├─ Último alerta há 791.8 minutos
2026-09-22 20:50:20 [INFO] scanner -    ├─ Tempo mínimo: 1800 minutos
2026-09-22 20:50:20 [INFO] scanner -    └─ Próximo permitido em: 1008.2 minutos
2026-09-22 20:50:22 [WARNING] root - Bloco de componentes falhou: cannot unpack non-iterable int object
2026-09-22 20:50:22 [INFO] scanner - ✅ Validações OK [ETH/USDT]: Score=7.3, R:R=2.00
2026-09-22 20:50:22 [INFO] scanner - ⏸️  Throttle ativo [ETH/USDT]:
2026-09-22 20:50:22 [INFO] scanner -    ├─ Último alerta há 299.2 minutos
2026-09-22 20:50:22 [INFO] scanner -    ├─ Tempo mínimo: 1800 minutos
2026-09-22 20:50:22 [INFO] scanner -    └─ Próximo permitido em: 1500.8 minutos
