2026-09-05 06:42:23 [INFO] scanner - ============================================================
2026-09-05 06:42:23 [INFO] scanner - 🚀 SCANNER INICIADO
2026-09-05 06:42:23 [INFO] scanner - 📅 Data/Hora: 05/09/2026 06:42:23
2026-09-05 06:42:23 [INFO] scanner - 📂 Log: logs/scanner_2026-09-05.log
2026-09-05 06:42:23 [INFO] scanner - ============================================================
2026-09-05 06:42:23 [INFO] scanner - 📝 PAPER MODE ATIVO - Apenas registro e análise
2026-09-05 06:42:29 [WARNING] root - Bloco de componentes falhou: cannot unpack non-iterable int object
2026-09-05 06:42:29 [INFO] scanner - ✅ Validações OK [ETH/USDT]: Score=8.5, R:R=2.00
2026-09-05 06:42:29 [INFO] scanner - ✅ Throttle OK [ETH/USDT]: Pode enviar
2026-09-05 06:42:29 [INFO] scanner - 📝 Sinal no ledger: 20260905_064229_771374 - ETH/USDT
2026-09-05 06:42:29 [INFO] scanner - 📨 Alerta enviado | ID Ledger: 20260905_064229_771374
2026-09-05 10:02:22 [INFO] scanner - ============================================================
2026-09-05 10:02:22 [INFO] scanner - 🚀 SCANNER INICIADO
2026-09-05 10:02:22 [INFO] scanner - 📅 Data/Hora: 05/09/2026 10:02:22
2026-09-05 10:02:22 [INFO] scanner - 📂 Log: logs/scanner_2026-09-05.log
2026-09-05 10:02:22 [INFO] scanner - ============================================================
2026-09-05 10:02:22 [INFO] scanner - 📝 PAPER MODE ATIVO - Apenas registro e análise
2026-09-05 13:02:09 [INFO] scanner - ============================================================
2026-09-05 13:02:09 [INFO] scanner - 🚀 SCANNER INICIADO
2026-09-05 13:02:09 [INFO] scanner - 📅 Data/Hora: 05/09/2026 13:02:09
2026-09-05 13:02:09 [INFO] scanner - 📂 Log: logs/scanner_2026-09-05.log
2026-09-05 13:02:09 [INFO] scanner - ============================================================
2026-09-05 13:02:09 [INFO] scanner - 📝 PAPER MODE ATIVO - Apenas registro e análise
2026-09-05 15:14:51 [INFO] scanner - ============================================================
2026-09-05 15:14:51 [INFO] scanner - 🚀 SCANNER INICIADO
2026-09-05 15:14:51 [INFO] scanner - 📅 Data/Hora: 05/09/2026 15:14:51
2026-09-05 15:14:51 [INFO] scanner - 📂 Log: logs/scanner_2026-09-05.log
2026-09-05 15:14:51 [INFO] scanner - ============================================================
2026-09-05 15:14:51 [INFO] scanner - 📝 PAPER MODE ATIVO - Apenas registro e análise
2026-09-05 15:14:54 [WARNING] root - Bloco de componentes falhou: cannot unpack non-iterable int object
2026-09-05 15:14:54 [INFO] scanner - ✅ Validações OK [BTC/USDT]: Score=8.5, R:R=2.08
2026-09-05 15:14:54 [INFO] scanner - ⏸️  Throttle ativo [BTC/USDT]:
2026-09-05 15:14:54 [INFO] scanner -    ├─ Último alerta há 1009.4 minutos
2026-09-05 15:14:54 [INFO] scanner -    ├─ Tempo mínimo: 1800 minutos
2026-09-05 15:14:54 [INFO] scanner -    └─ Próximo permitido em: 790.6 minutos
2026-09-05 15:14:54 [WARNING] root - Bloco de componentes falhou: cannot unpack non-iterable int object
2026-09-05 15:14:54 [INFO] scanner - ✅ Validações OK [BTC/USDT]: Score=7.0, R:R=2.08
2026-09-05 15:14:54 [INFO] scanner - ⏸️  Throttle ativo [BTC/USDT]:
2026-09-05 15:14:54 [INFO] scanner -    ├─ Último alerta há 1009.4 minutos
2026-09-05 15:14:54 [INFO] scanner -    ├─ Tempo mínimo: 1800 minutos
2026-09-05 15:14:54 [INFO] scanner -    └─ Próximo permitido em: 790.6 minutos
2026-09-05 15:14:56 [WARNING] root - Bloco de componentes falhou: cannot unpack non-iterable int object
2026-09-05 15:14:56 [INFO] scanner - ✅ Validações OK [ETH/USDT]: Score=7.0, R:R=2.00
2026-09-05 15:14:56 [INFO] scanner - ⏸️  Throttle ativo [ETH/USDT]:
2026-09-05 15:14:56 [INFO] scanner -    ├─ Último alerta há 512.5 minutos
2026-09-05 15:14:56 [INFO] scanner -    ├─ Tempo mínimo: 1800 minutos
2026-09-05 15:14:56 [INFO] scanner -    └─ Próximo permitido em: 1287.5 minutos
2026-09-05 17:22:29 [INFO] scanner - ============================================================
2026-09-05 17:22:29 [INFO] scanner - 🚀 SCANNER INICIADO
2026-09-05 17:22:29 [INFO] scanner - 📅 Data/Hora: 05/09/2026 17:22:29
2026-09-05 17:22:29 [INFO] scanner - 📂 Log: logs/scanner_2026-09-05.log
2026-09-05 17:22:29 [INFO] scanner - ============================================================
2026-09-05 17:22:29 [INFO] scanner - 📝 PAPER MODE ATIVO - Apenas registro e análise
2026-09-05 17:22:32 [WARNING] root - Bloco de componentes falhou: cannot unpack non-iterable int object
2026-09-05 17:22:32 [INFO] scanner - ✅ Validações OK [BTC/USDT]: Score=7.0, R:R=2.08
2026-09-05 17:22:32 [INFO] scanner - ⏸️  Throttle ativo [BTC/USDT]:
2026-09-05 17:22:32 [INFO] scanner -    ├─ Último alerta há 1137.0 minutos
2026-09-05 17:22:32 [INFO] scanner -    ├─ Tempo mínimo: 1800 minutos
2026-09-05 17:22:32 [INFO] scanner -    └─ Próximo permitido em: 663.0 minutos
2026-09-05 17:22:34 [WARNING] root - Bloco de componentes falhou: cannot unpack non-iterable int object
2026-09-05 17:22:34 [INFO] scanner - ✅ Validações OK [ETH/USDT]: Score=7.0, R:R=2.00
2026-09-05 17:22:34 [INFO] scanner - ⏸️  Throttle ativo [ETH/USDT]:
2026-09-05 17:22:34 [INFO] scanner -    ├─ Último alerta há 640.1 minutos
2026-09-05 17:22:34 [INFO] scanner -    ├─ Tempo mínimo: 1800 minutos
2026-09-05 17:22:34 [INFO] scanner -    └─ Próximo permitido em: 1159.9 minutos
2026-09-05 19:08:03 [INFO] scanner - ============================================================
2026-09-05 19:08:03 [INFO] scanner - 🚀 SCANNER INICIADO
2026-09-05 19:08:03 [INFO] scanner - 📅 Data/Hora: 05/09/2026 19:08:03
2026-09-05 19:08:03 [INFO] scanner - 📂 Log: logs/scanner_2026-09-05.log
2026-09-05 19:08:03 [INFO] scanner - ============================================================
2026-09-05 19:08:03 [INFO] scanner - 📝 PAPER MODE ATIVO - Apenas registro e análise
2026-09-05 19:08:08 [WARNING] root - Bloco de componentes falhou: cannot unpack non-iterable int object
2026-09-05 19:08:08 [INFO] scanner - ✅ Validações OK [ETH/USDT]: Score=7.0, R:R=2.00
2026-09-05 19:08:08 [INFO] scanner - ⏸️  Throttle ativo [ETH/USDT]:
2026-09-05 19:08:08 [INFO] scanner -    ├─ Último alerta há 745.6 minutos
2026-09-05 19:08:08 [INFO] scanner -    ├─ Tempo mínimo: 1800 minutos
2026-09-05 19:08:08 [INFO] scanner -    └─ Próximo permitido em: 1054.4 minutos
2026-09-05 19:08:08 [WARNING] root - Bloco de componentes falhou: cannot unpack non-iterable int object
2026-09-05 19:08:08 [INFO] scanner - ✅ Validações OK [ETH/USDT]: Score=7.0, R:R=2.00
2026-09-05 19:08:08 [INFO] scanner - ⏸️  Throttle ativo [ETH/USDT]:
2026-09-05 19:08:08 [INFO] scanner -    ├─ Último alerta há 745.7 minutos
2026-09-05 19:08:08 [INFO] scanner -    ├─ Tempo mínimo: 1800 minutos
2026-09-05 19:08:08 [INFO] scanner -    └─ Próximo permitido em: 1054.3 minutos
2026-09-05 20:52:51 [INFO] scanner - ============================================================
2026-09-05 20:52:51 [INFO] scanner - 🚀 SCANNER INICIADO
2026-09-05 20:52:51 [INFO] scanner - 📅 Data/Hora: 05/09/2026 20:52:51
2026-09-05 20:52:51 [INFO] scanner - 📂 Log: logs/scanner_2026-09-05.log
2026-09-05 20:52:51 [INFO] scanner - ============================================================
2026-09-05 20:52:51 [INFO] scanner - 📝 PAPER MODE ATIVO - Apenas registro e análise
2026-09-05 20:52:56 [WARNING] root - Bloco de componentes falhou: cannot unpack non-iterable int object
2026-09-05 20:52:56 [INFO] scanner - ✅ Validações OK [ETH/USDT]: Score=7.0, R:R=2.00
2026-09-05 20:52:56 [INFO] scanner - ⏸️  Throttle ativo [ETH/USDT]:
2026-09-05 20:52:56 [INFO] scanner -    ├─ Último alerta há 850.4 minutos
2026-09-05 20:52:56 [INFO] scanner -    ├─ Tempo mínimo: 1800 minutos
2026-09-05 20:52:56 [INFO] scanner -    └─ Próximo permitido em: 949.6 minutos
