2026-09-30 08:38:03 [INFO] scanner - ============================================================
2026-09-30 08:38:03 [INFO] scanner - 🚀 SCANNER INICIADO
2026-09-30 08:38:03 [INFO] scanner - 📅 Data/Hora: 30/09/2026 08:38:03
2026-09-30 08:38:03 [INFO] scanner - 📂 Log: logs/scanner_2026-09-30.log
2026-09-30 08:38:03 [INFO] scanner - ============================================================
2026-09-30 08:38:03 [INFO] scanner - 📝 PAPER MODE ATIVO - Apenas registro e análise
2026-09-30 13:59:54 [INFO] scanner - ============================================================
2026-09-30 13:59:54 [INFO] scanner - 🚀 SCANNER INICIADO
2026-09-30 13:59:54 [INFO] scanner - 📅 Data/Hora: 30/09/2026 13:59:54
2026-09-30 13:59:54 [INFO] scanner - 📂 Log: logs/scanner_2026-09-30.log
2026-09-30 13:59:54 [INFO] scanner - ============================================================
2026-09-30 13:59:54 [INFO] scanner - 📝 PAPER MODE ATIVO - Apenas registro e análise
2026-09-30 13:59:57 [WARNING] root - Bloco de componentes falhou: cannot unpack non-iterable int object
2026-09-30 13:59:57 [INFO] scanner - ✅ Validações OK [BTC/USDT]: Score=7.3, R:R=2.08
2026-09-30 13:59:57 [INFO] scanner - ⏸️  Throttle ativo [BTC/USDT]:
2026-09-30 13:59:57 [INFO] scanner -    ├─ Último alerta há 1748.7 minutos
2026-09-30 13:59:57 [INFO] scanner -    ├─ Tempo mínimo: 1800 minutos
2026-09-30 13:59:57 [INFO] scanner -    └─ Próximo permitido em: 51.3 minutos
2026-09-30 13:59:57 [WARNING] root - Bloco de componentes falhou: cannot unpack non-iterable int object
2026-09-30 13:59:57 [INFO] scanner - ✅ Validações OK [BTC/USDT]: Score=7.3, R:R=2.08
2026-09-30 13:59:57 [INFO] scanner - ⏸️  Throttle ativo [BTC/USDT]:
2026-09-30 13:59:57 [INFO] scanner -    ├─ Último alerta há 1748.7 minutos
2026-09-30 13:59:57 [INFO] scanner -    ├─ Tempo mínimo: 1800 minutos
2026-09-30 13:59:57 [INFO] scanner -    └─ Próximo permitido em: 51.3 minutos
2026-09-30 14:00:00 [WARNING] root - Bloco de componentes falhou: cannot unpack non-iterable int object
2026-09-30 14:00:00 [INFO] scanner - ✅ Validações OK [ETH/USDT]: Score=7.3, R:R=2.00
2026-09-30 14:00:00 [INFO] scanner - ✅ Throttle OK [ETH/USDT]: Pode enviar
2026-09-30 14:00:00 [INFO] scanner - 📝 Sinal no ledger: 20260930_140000_453739 - ETH/USDT
2026-09-30 14:00:00 [INFO] scanner - 📨 Alerta enviado | ID Ledger: 20260930_140000_453739
2026-09-30 18:19:02 [INFO] scanner - ============================================================
2026-09-30 18:19:02 [INFO] scanner - 🚀 SCANNER INICIADO
2026-09-30 18:19:02 [INFO] scanner - 📅 Data/Hora: 30/09/2026 18:19:02
2026-09-30 18:19:02 [INFO] scanner - 📂 Log: logs/scanner_2026-09-30.log
2026-09-30 18:19:02 [INFO] scanner - ============================================================
2026-09-30 18:19:02 [INFO] scanner - 📝 PAPER MODE ATIVO - Apenas registro e análise
2026-09-30 18:19:06 [WARNING] root - Bloco de componentes falhou: cannot unpack non-iterable int object
2026-09-30 18:19:06 [INFO] scanner - ✅ Validações OK [BTC/USDT]: Score=7.3, R:R=2.08
2026-09-30 18:19:06 [INFO] scanner - ✅ Throttle OK [BTC/USDT]: Pode enviar
2026-09-30 18:19:06 [INFO] scanner - 📝 Sinal no ledger: 20260930_181906_468258 - BTC/USDT
2026-09-30 18:19:06 [INFO] scanner - 📨 Alerta enviado | ID Ledger: 20260930_181906_468258
2026-09-30 21:39:04 [INFO] scanner - ============================================================
2026-09-30 21:39:04 [INFO] scanner - 🚀 SCANNER INICIADO
2026-09-30 21:39:04 [INFO] scanner - 📅 Data/Hora: 30/09/2026 21:39:04
2026-09-30 21:39:04 [INFO] scanner - 📂 Log: logs/scanner_2026-09-30.log
2026-09-30 21:39:04 [INFO] scanner - ============================================================
2026-09-30 21:39:04 [INFO] scanner - 📝 PAPER MODE ATIVO - Apenas registro e análise
