2026-10-10 08:38:02 [INFO] scanner - ============================================================
2026-10-10 08:38:02 [INFO] scanner - 🚀 SCANNER INICIADO
2026-10-10 08:38:02 [INFO] scanner - 📅 Data/Hora: 10/10/2026 08:38:02
2026-10-10 08:38:02 [INFO] scanner - 📂 Log: logs/scanner_2026-10-10.log
2026-10-10 08:38:02 [INFO] scanner - ============================================================
2026-10-10 08:38:02 [INFO] scanner - 📝 PAPER MODE ATIVO - Apenas registro e análise
2026-10-10 13:22:35 [INFO] scanner - ============================================================
2026-10-10 13:22:35 [INFO] scanner - 🚀 SCANNER INICIADO
2026-10-10 13:22:35 [INFO] scanner - 📅 Data/Hora: 10/10/2026 13:22:35
2026-10-10 13:22:35 [INFO] scanner - 📂 Log: logs/scanner_2026-10-10.log
2026-10-10 13:22:35 [INFO] scanner - ============================================================
2026-10-10 13:22:35 [INFO] scanner - 📝 PAPER MODE ATIVO - Apenas registro e análise
2026-10-10 13:22:40 [WARNING] root - Bloco de componentes falhou: cannot unpack non-iterable int object
2026-10-10 13:22:40 [INFO] scanner - ✅ Validações OK [ETH/USDT]: Score=7.0, R:R=2.00
2026-10-10 13:22:40 [INFO] scanner - ✅ Throttle OK [ETH/USDT]: Pode enviar
2026-10-10 13:22:41 [INFO] scanner - 📝 Sinal no ledger: 20261010_132241_275676 - ETH/USDT
2026-10-10 13:22:41 [INFO] scanner - 📨 Alerta enviado | ID Ledger: 20261010_132241_275676
2026-10-10 17:12:23 [INFO] scanner - ============================================================
2026-10-10 17:12:23 [INFO] scanner - 🚀 SCANNER INICIADO
2026-10-10 17:12:23 [INFO] scanner - 📅 Data/Hora: 10/10/2026 17:12:23
2026-10-10 17:12:23 [INFO] scanner - 📂 Log: logs/scanner_2026-10-10.log
2026-10-10 17:12:23 [INFO] scanner - ============================================================
2026-10-10 17:12:23 [INFO] scanner - 📝 PAPER MODE ATIVO - Apenas registro e análise
2026-10-10 17:12:26 [WARNING] root - Bloco de componentes falhou: cannot unpack non-iterable int object
2026-10-10 17:12:26 [INFO] scanner - ✅ Validações OK [BTC/USDT]: Score=7.0, R:R=2.08
2026-10-10 17:12:26 [INFO] scanner - ✅ Throttle OK [BTC/USDT]: Pode enviar
2026-10-10 17:12:27 [INFO] scanner - 📝 Sinal no ledger: 20261010_171227_409858 - BTC/USDT
2026-10-10 17:12:27 [INFO] scanner - 📨 Alerta enviado | ID Ledger: 20261010_171227_409858
2026-10-10 17:12:29 [WARNING] root - Bloco de componentes falhou: cannot unpack non-iterable int object
2026-10-10 17:12:29 [INFO] scanner - ✅ Validações OK [ETH/USDT]: Score=7.0, R:R=2.00
2026-10-10 17:12:29 [INFO] scanner - ⏸️  Throttle ativo [ETH/USDT]:
2026-10-10 17:12:29 [INFO] scanner -    ├─ Último alerta há 229.8 minutos
2026-10-10 17:12:29 [INFO] scanner -    ├─ Tempo mínimo: 1800 minutos
2026-10-10 17:12:29 [INFO] scanner -    └─ Próximo permitido em: 1570.2 minutos
