2026-09-27 08:05:04 [INFO] scanner - ============================================================
2026-09-27 08:05:04 [INFO] scanner - 🚀 SCANNER INICIADO
2026-09-27 08:05:04 [INFO] scanner - 📅 Data/Hora: 27/09/2026 08:05:04
2026-09-27 08:05:04 [INFO] scanner - 📂 Log: logs/scanner_2026-09-27.log
2026-09-27 08:05:04 [INFO] scanner - ============================================================
2026-09-27 08:05:04 [INFO] scanner - 📝 PAPER MODE ATIVO - Apenas registro e análise
2026-09-27 12:38:30 [INFO] scanner - ============================================================
2026-09-27 12:38:30 [INFO] scanner - 🚀 SCANNER INICIADO
2026-09-27 12:38:30 [INFO] scanner - 📅 Data/Hora: 27/09/2026 12:38:30
2026-09-27 12:38:30 [INFO] scanner - 📂 Log: logs/scanner_2026-09-27.log
2026-09-27 12:38:30 [INFO] scanner - ============================================================
2026-09-27 12:38:30 [INFO] scanner - 📝 PAPER MODE ATIVO - Apenas registro e análise
2026-09-27 12:38:33 [WARNING] root - Bloco de componentes falhou: cannot unpack non-iterable int object
2026-09-27 12:38:33 [INFO] scanner - ✅ Validações OK [BTC/USDT]: Score=7.0, R:R=2.08
2026-09-27 12:38:33 [INFO] scanner - ⏸️  Throttle ativo [BTC/USDT]:
2026-09-27 12:38:33 [INFO] scanner -    ├─ Último alerta há 1295.3 minutos
2026-09-27 12:38:33 [INFO] scanner -    ├─ Tempo mínimo: 1800 minutos
2026-09-27 12:38:33 [INFO] scanner -    └─ Próximo permitido em: 504.7 minutos
2026-09-27 16:15:48 [INFO] scanner - ============================================================
2026-09-27 16:15:48 [INFO] scanner - 🚀 SCANNER INICIADO
2026-09-27 16:15:48 [INFO] scanner - 📅 Data/Hora: 27/09/2026 16:15:48
2026-09-27 16:15:48 [INFO] scanner - 📂 Log: logs/scanner_2026-09-27.log
2026-09-27 16:15:48 [INFO] scanner - ============================================================
2026-09-27 16:15:48 [INFO] scanner - 📝 PAPER MODE ATIVO - Apenas registro e análise
2026-09-27 16:15:52 [WARNING] root - Bloco de componentes falhou: cannot unpack non-iterable int object
2026-09-27 16:15:52 [INFO] scanner - ✅ Validações OK [BTC/USDT]: Score=7.0, R:R=2.08
2026-09-27 16:15:52 [INFO] scanner - ⏸️  Throttle ativo [BTC/USDT]:
2026-09-27 16:15:52 [INFO] scanner -    ├─ Último alerta há 1512.6 minutos
2026-09-27 16:15:52 [INFO] scanner -    ├─ Tempo mínimo: 1800 minutos
2026-09-27 16:15:52 [INFO] scanner -    └─ Próximo permitido em: 287.4 minutos
