2026-09-17 07:42:13 [INFO] scanner - ============================================================
2026-09-17 07:42:13 [INFO] scanner - 🚀 SCANNER INICIADO
2026-09-17 07:42:13 [INFO] scanner - 📅 Data/Hora: 17/09/2026 07:42:13
2026-09-17 07:42:13 [INFO] scanner - 📂 Log: logs/scanner_2026-09-17.log
2026-09-17 07:42:13 [INFO] scanner - ============================================================
2026-09-17 07:42:13 [INFO] scanner - 📝 PAPER MODE ATIVO - Apenas registro e análise
2026-09-17 07:42:16 [WARNING] root - Bloco de componentes falhou: cannot unpack non-iterable int object
2026-09-17 07:42:16 [INFO] scanner - ✅ Validações OK [BTC/USDT]: Score=7.3, R:R=2.08
2026-09-17 07:42:16 [INFO] scanner - ⏸️  Throttle ativo [BTC/USDT]:
2026-09-17 07:42:16 [INFO] scanner -    ├─ Último alerta há 949.8 minutos
2026-09-17 07:42:16 [INFO] scanner -    ├─ Tempo mínimo: 1800 minutos
2026-09-17 07:42:16 [INFO] scanner -    └─ Próximo permitido em: 850.2 minutos
2026-09-17 07:42:18 [WARNING] root - Bloco de componentes falhou: cannot unpack non-iterable int object
2026-09-17 07:42:18 [INFO] scanner - ✅ Validações OK [ETH/USDT]: Score=7.3, R:R=2.00
2026-09-17 07:42:18 [INFO] scanner - ✅ Throttle OK [ETH/USDT]: Pode enviar
2026-09-17 07:42:18 [INFO] scanner - 📝 Sinal no ledger: 20260917_074218_733141 - ETH/USDT
2026-09-17 07:42:18 [INFO] scanner - 📨 Alerta enviado | ID Ledger: 20260917_074218_733141
2026-09-17 12:19:04 [INFO] scanner - ============================================================
2026-09-17 12:19:04 [INFO] scanner - 🚀 SCANNER INICIADO
2026-09-17 12:19:04 [INFO] scanner - 📅 Data/Hora: 17/09/2026 12:19:04
2026-09-17 12:19:04 [INFO] scanner - 📂 Log: logs/scanner_2026-09-17.log
2026-09-17 12:19:04 [INFO] scanner - ============================================================
2026-09-17 12:19:04 [INFO] scanner - 📝 PAPER MODE ATIVO - Apenas registro e análise
2026-09-17 12:19:09 [WARNING] root - Bloco de componentes falhou: cannot unpack non-iterable int object
2026-09-17 12:19:09 [INFO] scanner - ✅ Validações OK [ETH/USDT]: Score=7.3, R:R=2.00
2026-09-17 12:19:09 [INFO] scanner - ⏸️  Throttle ativo [ETH/USDT]:
2026-09-17 12:19:09 [INFO] scanner -    ├─ Último alerta há 276.8 minutos
2026-09-17 12:19:09 [INFO] scanner -    ├─ Tempo mínimo: 1800 minutos
2026-09-17 12:19:09 [INFO] scanner -    └─ Próximo permitido em: 1523.2 minutos
2026-09-17 16:08:01 [INFO] scanner - ============================================================
2026-09-17 16:08:01 [INFO] scanner - 🚀 SCANNER INICIADO
2026-09-17 16:08:01 [INFO] scanner - 📅 Data/Hora: 17/09/2026 16:08:01
2026-09-17 16:08:01 [INFO] scanner - 📂 Log: logs/scanner_2026-09-17.log
2026-09-17 16:08:01 [INFO] scanner - ============================================================
2026-09-17 16:08:01 [INFO] scanner - 📝 PAPER MODE ATIVO - Apenas registro e análise
2026-09-17 16:08:06 [WARNING] root - Bloco de componentes falhou: cannot unpack non-iterable int object
2026-09-17 16:08:06 [INFO] scanner - ✅ Validações OK [ETH/USDT]: Score=7.3, R:R=2.00
2026-09-17 16:08:06 [INFO] scanner - ⏸️  Throttle ativo [ETH/USDT]:
2026-09-17 16:08:06 [INFO] scanner -    ├─ Último alerta há 505.8 minutos
2026-09-17 16:08:06 [INFO] scanner -    ├─ Tempo mínimo: 1800 minutos
2026-09-17 16:08:06 [INFO] scanner -    └─ Próximo permitido em: 1294.2 minutos
2026-09-17 16:08:07 [WARNING] root - Bloco de componentes falhou: cannot unpack non-iterable int object
2026-09-17 16:08:07 [INFO] scanner - ✅ Validações OK [ETH/USDT]: Score=7.3, R:R=2.00
2026-09-17 16:08:07 [INFO] scanner - ⏸️  Throttle ativo [ETH/USDT]:
2026-09-17 16:08:07 [INFO] scanner -    ├─ Último alerta há 505.8 minutos
2026-09-17 16:08:07 [INFO] scanner -    ├─ Tempo mínimo: 1800 minutos
2026-09-17 16:08:07 [INFO] scanner -    └─ Próximo permitido em: 1294.2 minutos
2026-09-17 19:07:22 [INFO] scanner - ============================================================
2026-09-17 19:07:22 [INFO] scanner - 🚀 SCANNER INICIADO
2026-09-17 19:07:22 [INFO] scanner - 📅 Data/Hora: 17/09/2026 19:07:22
2026-09-17 19:07:22 [INFO] scanner - 📂 Log: logs/scanner_2026-09-17.log
2026-09-17 19:07:22 [INFO] scanner - ============================================================
2026-09-17 19:07:22 [INFO] scanner - 📝 PAPER MODE ATIVO - Apenas registro e análise
2026-09-17 19:07:28 [WARNING] root - Bloco de componentes falhou: cannot unpack non-iterable int object
2026-09-17 19:07:28 [INFO] scanner - ✅ Validações OK [ETH/USDT]: Score=7.3, R:R=2.00
2026-09-17 19:07:28 [INFO] scanner - ⏸️  Throttle ativo [ETH/USDT]:
2026-09-17 19:07:28 [INFO] scanner -    ├─ Último alerta há 685.2 minutos
2026-09-17 19:07:28 [INFO] scanner -    ├─ Tempo mínimo: 1800 minutos
2026-09-17 19:07:28 [INFO] scanner -    └─ Próximo permitido em: 1114.8 minutos
