2026-08-22 03:23:47 [INFO] scanner - ============================================================
2026-08-22 03:23:47 [INFO] scanner - 🚀 SCANNER INICIADO
2026-08-22 03:23:47 [INFO] scanner - 📅 Data/Hora: 22/08/2026 03:23:47
2026-08-22 03:23:47 [INFO] scanner - 📂 Log: logs/scanner_2026-08-22.log
2026-08-22 03:23:47 [INFO] scanner - ============================================================
2026-08-22 03:23:47 [INFO] scanner - 📝 PAPER MODE ATIVO - Apenas registro e análise
2026-08-22 03:23:51 [WARNING] root - Bloco de componentes falhou: cannot unpack non-iterable int object
2026-08-22 03:23:51 [INFO] scanner - ✅ Validações OK [BTC/USDT]: Score=8.3, R:R=2.08
2026-08-22 03:23:51 [INFO] scanner - ⏸️  Throttle ativo [BTC/USDT]:
2026-08-22 03:23:51 [INFO] scanner -    ├─ Último alerta há 1432.8 minutos
2026-08-22 03:23:51 [INFO] scanner -    ├─ Tempo mínimo: 1800 minutos
2026-08-22 03:23:51 [INFO] scanner -    └─ Próximo permitido em: 367.2 minutos
2026-08-22 03:23:51 [WARNING] root - Bloco de componentes falhou: cannot unpack non-iterable int object
2026-08-22 03:23:51 [INFO] scanner - ✅ Validações OK [BTC/USDT]: Score=7.8, R:R=2.08
2026-08-22 03:23:51 [INFO] scanner - ⏸️  Throttle ativo [BTC/USDT]:
2026-08-22 03:23:51 [INFO] scanner -    ├─ Último alerta há 1432.8 minutos
2026-08-22 03:23:51 [INFO] scanner -    ├─ Tempo mínimo: 1800 minutos
2026-08-22 03:23:51 [INFO] scanner -    └─ Próximo permitido em: 367.2 minutos
2026-08-22 03:23:53 [WARNING] root - Bloco de componentes falhou: cannot unpack non-iterable int object
2026-08-22 03:23:53 [INFO] scanner - ✅ Validações OK [ETH/USDT]: Score=8.3, R:R=2.00
2026-08-22 03:23:53 [INFO] scanner - ⏸️  Throttle ativo [ETH/USDT]:
2026-08-22 03:23:53 [INFO] scanner -    ├─ Último alerta há 677.9 minutos
2026-08-22 03:23:53 [INFO] scanner -    ├─ Tempo mínimo: 1800 minutos
2026-08-22 03:23:53 [INFO] scanner -    └─ Próximo permitido em: 1122.1 minutos
2026-08-22 03:23:53 [WARNING] root - Bloco de componentes falhou: cannot unpack non-iterable int object
2026-08-22 03:23:53 [INFO] scanner - ✅ Validações OK [ETH/USDT]: Score=7.8, R:R=2.00
2026-08-22 03:23:53 [INFO] scanner - ⏸️  Throttle ativo [ETH/USDT]:
2026-08-22 03:23:53 [INFO] scanner -    ├─ Último alerta há 677.9 minutos
2026-08-22 03:23:53 [INFO] scanner -    ├─ Tempo mínimo: 1800 minutos
2026-08-22 03:23:53 [INFO] scanner -    └─ Próximo permitido em: 1122.1 minutos
