2026-08-27 14:09:17 [INFO] scanner - ============================================================
2026-08-27 14:09:17 [INFO] scanner - 🚀 SCANNER INICIADO
2026-08-27 14:09:17 [INFO] scanner - 📅 Data/Hora: 27/08/2026 14:09:17
2026-08-27 14:09:17 [INFO] scanner - 📂 Log: logs/scanner_2026-08-27.log
2026-08-27 14:09:17 [INFO] scanner - ============================================================
2026-08-27 14:09:17 [INFO] scanner - 📝 PAPER MODE ATIVO - Apenas registro e análise
2026-08-27 14:09:21 [WARNING] root - Bloco de componentes falhou: cannot unpack non-iterable int object
2026-08-27 14:09:21 [INFO] scanner - ✅ Validações OK [BTC/USDT]: Score=7.3, R:R=2.08
2026-08-27 14:09:21 [INFO] scanner - ⏸️  Throttle ativo [BTC/USDT]:
2026-08-27 14:09:21 [INFO] scanner -    ├─ Último alerta há 1511.6 minutos
2026-08-27 14:09:21 [INFO] scanner -    ├─ Tempo mínimo: 1800 minutos
2026-08-27 14:09:21 [INFO] scanner -    └─ Próximo permitido em: 288.4 minutos
2026-08-27 14:09:23 [WARNING] root - Bloco de componentes falhou: cannot unpack non-iterable int object
2026-08-27 14:09:23 [INFO] scanner - ✅ Validações OK [ETH/USDT]: Score=7.3, R:R=2.00
2026-08-27 14:09:23 [INFO] scanner - ✅ Throttle OK [ETH/USDT]: Pode enviar
2026-08-27 14:09:24 [WARNING] root - Bloco de componentes falhou: cannot unpack non-iterable int object
2026-08-27 14:09:24 [INFO] scanner - ✅ Validações OK [ETH/USDT]: Score=7.3, R:R=2.00
2026-08-27 14:09:24 [INFO] scanner - ⏸️  Throttle ativo [ETH/USDT]:
2026-08-27 14:09:24 [INFO] scanner -    ├─ Último alerta há 0.0 minutos
2026-08-27 14:09:24 [INFO] scanner -    ├─ Tempo mínimo: 1800 minutos
2026-08-27 14:09:24 [INFO] scanner -    └─ Próximo permitido em: 1800.0 minutos
