2026-09-07 08:07:11 [INFO] scanner - ============================================================
2026-09-07 08:07:11 [INFO] scanner - 🚀 SCANNER INICIADO
2026-09-07 08:07:11 [INFO] scanner - 📅 Data/Hora: 07/09/2026 08:07:11
2026-09-07 08:07:11 [INFO] scanner - 📂 Log: logs/scanner_2026-09-07.log
2026-09-07 08:07:11 [INFO] scanner - ============================================================
2026-09-07 08:07:11 [INFO] scanner - 📝 PAPER MODE ATIVO - Apenas registro e análise
2026-09-07 13:26:22 [INFO] scanner - ============================================================
2026-09-07 13:26:22 [INFO] scanner - 🚀 SCANNER INICIADO
2026-09-07 13:26:22 [INFO] scanner - 📅 Data/Hora: 07/09/2026 13:26:22
2026-09-07 13:26:22 [INFO] scanner - 📂 Log: logs/scanner_2026-09-07.log
2026-09-07 13:26:22 [INFO] scanner - ============================================================
2026-09-07 13:26:22 [INFO] scanner - 📝 PAPER MODE ATIVO - Apenas registro e análise
2026-09-07 17:04:12 [INFO] scanner - ============================================================
2026-09-07 17:04:12 [INFO] scanner - 🚀 SCANNER INICIADO
2026-09-07 17:04:12 [INFO] scanner - 📅 Data/Hora: 07/09/2026 17:04:12
2026-09-07 17:04:12 [INFO] scanner - 📂 Log: logs/scanner_2026-09-07.log
2026-09-07 17:04:12 [INFO] scanner - ============================================================
2026-09-07 17:04:12 [INFO] scanner - 📝 PAPER MODE ATIVO - Apenas registro e análise
2026-09-07 17:04:15 [WARNING] root - Bloco de componentes falhou: cannot unpack non-iterable int object
2026-09-07 17:04:15 [INFO] scanner - ✅ Validações OK [BTC/USDT]: Score=7.3, R:R=2.08
2026-09-07 17:04:15 [INFO] scanner - ⏸️  Throttle ativo [BTC/USDT]:
2026-09-07 17:04:15 [INFO] scanner -    ├─ Último alerta há 1406.8 minutos
2026-09-07 17:04:15 [INFO] scanner -    ├─ Tempo mínimo: 1800 minutos
2026-09-07 17:04:15 [INFO] scanner -    └─ Próximo permitido em: 393.2 minutos
