2026-07-26 05:10:31 [INFO] scanner - ============================================================
2026-07-26 05:10:31 [INFO] scanner - 🚀 SCANNER INICIADO
2026-07-26 05:10:31 [INFO] scanner - 📅 Data/Hora: 26/07/2026 05:10:31
2026-07-26 05:10:31 [INFO] scanner - 📂 Log: logs/scanner_2026-07-26.log
2026-07-26 05:10:31 [INFO] scanner - ============================================================
2026-07-26 05:10:31 [INFO] scanner - 📝 PAPER MODE ATIVO - Apenas registro e análise
2026-07-26 05:10:34 [WARNING] root - Bloco de componentes falhou: cannot unpack non-iterable int object
2026-07-26 05:10:34 [INFO] scanner - ✅ Validações OK [BTC/USDT]: Score=7.0, R:R=2.08
2026-07-26 05:10:34 [INFO] scanner - ⏸️  Throttle ativo [BTC/USDT]:
2026-07-26 05:10:34 [INFO] scanner -    ├─ Último alerta há 1458.5 minutos
2026-07-26 05:10:34 [INFO] scanner -    ├─ Tempo mínimo: 1800 minutos
2026-07-26 05:10:34 [INFO] scanner -    └─ Próximo permitido em: 341.5 minutos
2026-07-26 05:10:36 [WARNING] root - Bloco de componentes falhou: cannot unpack non-iterable int object
2026-07-26 05:10:36 [INFO] scanner - ✅ Validações OK [ETH/USDT]: Score=7.0, R:R=2.00
2026-07-26 05:10:36 [INFO] scanner - ⏸️  Throttle ativo [ETH/USDT]:
2026-07-26 05:10:36 [INFO] scanner -    ├─ Último alerta há 983.7 minutos
2026-07-26 05:10:36 [INFO] scanner -    ├─ Tempo mínimo: 1800 minutos
2026-07-26 05:10:36 [INFO] scanner -    └─ Próximo permitido em: 816.3 minutos
2026-07-26 07:10:59 [INFO] scanner - ============================================================
2026-07-26 07:10:59 [INFO] scanner - 🚀 SCANNER INICIADO
2026-07-26 07:10:59 [INFO] scanner - 📅 Data/Hora: 26/07/2026 07:10:59
2026-07-26 07:10:59 [INFO] scanner - 📂 Log: logs/scanner_2026-07-26.log
2026-07-26 07:10:59 [INFO] scanner - ============================================================
2026-07-26 07:10:59 [INFO] scanner - 📝 PAPER MODE ATIVO - Apenas registro e análise
2026-07-26 07:11:05 [WARNING] root - Bloco de componentes falhou: cannot unpack non-iterable int object
2026-07-26 07:11:05 [INFO] scanner - ✅ Validações OK [ETH/USDT]: Score=7.0, R:R=2.00
2026-07-26 07:11:05 [INFO] scanner - ⏸️  Throttle ativo [ETH/USDT]:
2026-07-26 07:11:05 [INFO] scanner -    ├─ Último alerta há 1104.1 minutos
2026-07-26 07:11:05 [INFO] scanner -    ├─ Tempo mínimo: 1800 minutos
2026-07-26 07:11:05 [INFO] scanner -    └─ Próximo permitido em: 695.9 minutos
2026-07-26 08:35:36 [INFO] scanner - ============================================================
2026-07-26 08:35:36 [INFO] scanner - 🚀 SCANNER INICIADO
2026-07-26 08:35:36 [INFO] scanner - 📅 Data/Hora: 26/07/2026 08:35:36
2026-07-26 08:35:36 [INFO] scanner - 📂 Log: logs/scanner_2026-07-26.log
2026-07-26 08:35:36 [INFO] scanner - ============================================================
2026-07-26 08:35:36 [INFO] scanner - 📝 PAPER MODE ATIVO - Apenas registro e análise
2026-07-26 08:35:41 [WARNING] root - Bloco de componentes falhou: cannot unpack non-iterable int object
2026-07-26 08:35:41 [INFO] scanner - ✅ Validações OK [ETH/USDT]: Score=7.0, R:R=2.00
2026-07-26 08:35:41 [INFO] scanner - ⏸️  Throttle ativo [ETH/USDT]:
2026-07-26 08:35:41 [INFO] scanner -    ├─ Último alerta há 1188.7 minutos
2026-07-26 08:35:41 [INFO] scanner -    ├─ Tempo mínimo: 1800 minutos
2026-07-26 08:35:41 [INFO] scanner -    └─ Próximo permitido em: 611.3 minutos
2026-07-26 09:43:15 [INFO] scanner - ============================================================
2026-07-26 09:43:15 [INFO] scanner - 🚀 SCANNER INICIADO
2026-07-26 09:43:15 [INFO] scanner - 📅 Data/Hora: 26/07/2026 09:43:15
2026-07-26 09:43:15 [INFO] scanner - 📂 Log: logs/scanner_2026-07-26.log
2026-07-26 09:43:15 [INFO] scanner - ============================================================
2026-07-26 09:43:15 [INFO] scanner - 📝 PAPER MODE ATIVO - Apenas registro e análise
2026-07-26 09:43:20 [WARNING] root - Bloco de componentes falhou: cannot unpack non-iterable int object
2026-07-26 09:43:20 [INFO] scanner - ✅ Validações OK [ETH/USDT]: Score=7.0, R:R=2.00
2026-07-26 09:43:20 [INFO] scanner - ⏸️  Throttle ativo [ETH/USDT]:
2026-07-26 09:43:20 [INFO] scanner -    ├─ Último alerta há 1256.4 minutos
2026-07-26 09:43:20 [INFO] scanner -    ├─ Tempo mínimo: 1800 minutos
2026-07-26 09:43:20 [INFO] scanner -    └─ Próximo permitido em: 543.6 minutos
2026-07-26 11:14:40 [INFO] scanner - ============================================================
2026-07-26 11:14:40 [INFO] scanner - 🚀 SCANNER INICIADO
2026-07-26 11:14:40 [INFO] scanner - 📅 Data/Hora: 26/07/2026 11:14:40
2026-07-26 11:14:40 [INFO] scanner - 📂 Log: logs/scanner_2026-07-26.log
2026-07-26 11:14:40 [INFO] scanner - ============================================================
2026-07-26 11:14:40 [INFO] scanner - 📝 PAPER MODE ATIVO - Apenas registro e análise
2026-07-26 11:14:45 [WARNING] root - Bloco de componentes falhou: cannot unpack non-iterable int object
2026-07-26 11:14:45 [INFO] scanner - ✅ Validações OK [ETH/USDT]: Score=7.0, R:R=2.00
2026-07-26 11:14:45 [INFO] scanner - ⏸️  Throttle ativo [ETH/USDT]:
2026-07-26 11:14:45 [INFO] scanner -    ├─ Último alerta há 1347.8 minutos
2026-07-26 11:14:45 [INFO] scanner -    ├─ Tempo mínimo: 1800 minutos
2026-07-26 11:14:45 [INFO] scanner -    └─ Próximo permitido em: 452.2 minutos
2026-07-26 12:29:36 [INFO] scanner - ============================================================
2026-07-26 12:29:36 [INFO] scanner - 🚀 SCANNER INICIADO
2026-07-26 12:29:36 [INFO] scanner - 📅 Data/Hora: 26/07/2026 12:29:36
2026-07-26 12:29:36 [INFO] scanner - 📂 Log: logs/scanner_2026-07-26.log
2026-07-26 12:29:36 [INFO] scanner - ============================================================
2026-07-26 12:29:36 [INFO] scanner - 📝 PAPER MODE ATIVO - Apenas registro e análise
2026-07-26 12:29:40 [WARNING] root - Bloco de componentes falhou: cannot unpack non-iterable int object
2026-07-26 12:29:40 [INFO] scanner - ✅ Validações OK [BTC/USDT]: Score=7.0, R:R=2.08
2026-07-26 12:29:40 [INFO] scanner - ✅ Throttle OK [BTC/USDT]: Pode enviar
2026-07-26 12:29:41 [INFO] scanner - 📝 Sinal no ledger: 20260726_122941_035464 - BTC/USDT
2026-07-26 12:29:41 [INFO] scanner - 📨 Alerta enviado | ID Ledger: 20260726_122941_035464
2026-07-26 12:29:43 [WARNING] root - Bloco de componentes falhou: cannot unpack non-iterable int object
2026-07-26 12:29:43 [INFO] scanner - ✅ Validações OK [ETH/USDT]: Score=7.5, R:R=2.00
2026-07-26 12:29:43 [INFO] scanner - ⏸️  Throttle ativo [ETH/USDT]:
2026-07-26 12:29:43 [INFO] scanner -    ├─ Último alerta há 1422.8 minutos
2026-07-26 12:29:43 [INFO] scanner -    ├─ Tempo mínimo: 1800 minutos
2026-07-26 12:29:43 [INFO] scanner -    └─ Próximo permitido em: 377.2 minutos
2026-07-26 13:30:06 [INFO] scanner - ============================================================
2026-07-26 13:30:06 [INFO] scanner - 🚀 SCANNER INICIADO
2026-07-26 13:30:06 [INFO] scanner - 📅 Data/Hora: 26/07/2026 13:30:06
2026-07-26 13:30:06 [INFO] scanner - 📂 Log: logs/scanner_2026-07-26.log
2026-07-26 13:30:06 [INFO] scanner - ============================================================
2026-07-26 13:30:06 [INFO] scanner - 📝 PAPER MODE ATIVO - Apenas registro e análise
2026-07-26 13:30:10 [WARNING] root - Bloco de componentes falhou: cannot unpack non-iterable int object
2026-07-26 13:30:10 [INFO] scanner - ✅ Validações OK [BTC/USDT]: Score=7.0, R:R=2.08
2026-07-26 13:30:10 [INFO] scanner - ⏸️  Throttle ativo [BTC/USDT]:
2026-07-26 13:30:10 [INFO] scanner -    ├─ Último alerta há 60.5 minutos
2026-07-26 13:30:10 [INFO] scanner -    ├─ Tempo mínimo: 1800 minutos
2026-07-26 13:30:10 [INFO] scanner -    └─ Próximo permitido em: 1739.5 minutos
2026-07-26 13:30:12 [WARNING] root - Bloco de componentes falhou: cannot unpack non-iterable int object
2026-07-26 13:30:12 [INFO] scanner - ✅ Validações OK [ETH/USDT]: Score=7.8, R:R=2.00
2026-07-26 13:30:12 [INFO] scanner - ⏸️  Throttle ativo [ETH/USDT]:
2026-07-26 13:30:12 [INFO] scanner -    ├─ Último alerta há 1483.3 minutos
2026-07-26 13:30:12 [INFO] scanner -    ├─ Tempo mínimo: 1800 minutos
2026-07-26 13:30:12 [INFO] scanner -    └─ Próximo permitido em: 316.7 minutos
2026-07-26 13:30:12 [WARNING] root - Bloco de componentes falhou: cannot unpack non-iterable int object
2026-07-26 13:30:12 [INFO] scanner - ✅ Validações OK [ETH/USDT]: Score=7.8, R:R=2.00
2026-07-26 13:30:12 [INFO] scanner - ⏸️  Throttle ativo [ETH/USDT]:
2026-07-26 13:30:12 [INFO] scanner -    ├─ Último alerta há 1483.3 minutos
2026-07-26 13:30:12 [INFO] scanner -    ├─ Tempo mínimo: 1800 minutos
2026-07-26 13:30:12 [INFO] scanner -    └─ Próximo permitido em: 316.7 minutos
