2026-09-04 07:13:36 [INFO] scanner - ============================================================
2026-09-04 07:13:36 [INFO] scanner - 🚀 SCANNER INICIADO
2026-09-04 07:13:36 [INFO] scanner - 📅 Data/Hora: 04/09/2026 07:13:36
2026-09-04 07:13:36 [INFO] scanner - 📂 Log: logs/scanner_2026-09-04.log
2026-09-04 07:13:36 [INFO] scanner - ============================================================
2026-09-04 07:13:36 [INFO] scanner - 📝 PAPER MODE ATIVO - Apenas registro e análise
2026-09-04 07:13:40 [WARNING] root - Bloco de componentes falhou: cannot unpack non-iterable int object
2026-09-04 07:13:40 [INFO] scanner - ✅ Validações OK [BTC/USDT]: Score=7.3, R:R=2.08
2026-09-04 07:13:40 [INFO] scanner - ⏸️  Throttle ativo [BTC/USDT]:
2026-09-04 07:13:40 [INFO] scanner -    ├─ Último alerta há 1173.5 minutos
2026-09-04 07:13:40 [INFO] scanner -    ├─ Tempo mínimo: 1800 minutos
2026-09-04 07:13:40 [INFO] scanner -    └─ Próximo permitido em: 626.5 minutos
2026-09-04 07:13:42 [WARNING] root - Bloco de componentes falhou: cannot unpack non-iterable int object
2026-09-04 07:13:42 [INFO] scanner - ✅ Validações OK [ETH/USDT]: Score=7.3, R:R=2.00
2026-09-04 07:13:42 [INFO] scanner - ⏸️  Throttle ativo [ETH/USDT]:
2026-09-04 07:13:42 [INFO] scanner -    ├─ Último alerta há 1173.5 minutos
2026-09-04 07:13:42 [INFO] scanner -    ├─ Tempo mínimo: 1800 minutos
2026-09-04 07:13:42 [INFO] scanner -    └─ Próximo permitido em: 626.5 minutos
2026-09-04 11:21:46 [INFO] scanner - ============================================================
2026-09-04 11:21:46 [INFO] scanner - 🚀 SCANNER INICIADO
2026-09-04 11:21:46 [INFO] scanner - 📅 Data/Hora: 04/09/2026 11:21:46
2026-09-04 11:21:46 [INFO] scanner - 📂 Log: logs/scanner_2026-09-04.log
2026-09-04 11:21:46 [INFO] scanner - ============================================================
2026-09-04 11:21:46 [INFO] scanner - 📝 PAPER MODE ATIVO - Apenas registro e análise
2026-09-04 11:21:49 [WARNING] root - Bloco de componentes falhou: cannot unpack non-iterable int object
2026-09-04 11:21:49 [INFO] scanner - ✅ Validações OK [BTC/USDT]: Score=7.3, R:R=2.08
2026-09-04 11:21:49 [INFO] scanner - ⏸️  Throttle ativo [BTC/USDT]:
2026-09-04 11:21:49 [INFO] scanner -    ├─ Último alerta há 1421.7 minutos
2026-09-04 11:21:49 [INFO] scanner -    ├─ Tempo mínimo: 1800 minutos
2026-09-04 11:21:49 [INFO] scanner -    └─ Próximo permitido em: 378.3 minutos
2026-09-04 11:21:50 [WARNING] root - Bloco de componentes falhou: cannot unpack non-iterable int object
2026-09-04 11:21:50 [INFO] scanner - ✅ Validações OK [BTC/USDT]: Score=7.3, R:R=2.08
2026-09-04 11:21:50 [INFO] scanner - ⏸️  Throttle ativo [BTC/USDT]:
2026-09-04 11:21:50 [INFO] scanner -    ├─ Último alerta há 1421.7 minutos
2026-09-04 11:21:50 [INFO] scanner -    ├─ Tempo mínimo: 1800 minutos
2026-09-04 11:21:50 [INFO] scanner -    └─ Próximo permitido em: 378.3 minutos
