2026-08-29 09:00:24 [INFO] scanner - ============================================================
2026-08-29 09:00:24 [INFO] scanner - 🚀 SCANNER INICIADO
2026-08-29 09:00:24 [INFO] scanner - 📅 Data/Hora: 29/08/2026 09:00:24
2026-08-29 09:00:24 [INFO] scanner - 📂 Log: logs/scanner_2026-08-29.log
2026-08-29 09:00:24 [INFO] scanner - ============================================================
2026-08-29 09:00:24 [INFO] scanner - 📝 PAPER MODE ATIVO - Apenas registro e análise
2026-08-29 13:30:54 [INFO] scanner - ============================================================
2026-08-29 13:30:54 [INFO] scanner - 🚀 SCANNER INICIADO
2026-08-29 13:30:54 [INFO] scanner - 📅 Data/Hora: 29/08/2026 13:30:54
2026-08-29 13:30:54 [INFO] scanner - 📂 Log: logs/scanner_2026-08-29.log
2026-08-29 13:30:54 [INFO] scanner - ============================================================
2026-08-29 13:30:54 [INFO] scanner - 📝 PAPER MODE ATIVO - Apenas registro e análise
2026-08-29 16:30:21 [INFO] scanner - ============================================================
2026-08-29 16:30:21 [INFO] scanner - 🚀 SCANNER INICIADO
2026-08-29 16:30:21 [INFO] scanner - 📅 Data/Hora: 29/08/2026 16:30:21
2026-08-29 16:30:21 [INFO] scanner - 📂 Log: logs/scanner_2026-08-29.log
2026-08-29 16:30:21 [INFO] scanner - ============================================================
2026-08-29 16:30:21 [INFO] scanner - 📝 PAPER MODE ATIVO - Apenas registro e análise
2026-08-29 16:30:24 [WARNING] root - Bloco de componentes falhou: cannot unpack non-iterable int object
2026-08-29 16:30:24 [INFO] scanner - ✅ Validações OK [BTC/USDT]: Score=7.0, R:R=2.08
2026-08-29 16:30:24 [INFO] scanner - ✅ Throttle OK [BTC/USDT]: Pode enviar
2026-08-29 16:30:24 [INFO] scanner - 📝 Sinal no ledger: 20260829_163024_529807 - BTC/USDT
2026-08-29 16:30:24 [INFO] scanner - 📨 Alerta enviado | ID Ledger: 20260829_163024_529807
2026-08-29 16:30:26 [WARNING] root - Bloco de componentes falhou: cannot unpack non-iterable int object
2026-08-29 16:30:26 [INFO] scanner - ✅ Validações OK [ETH/USDT]: Score=7.0, R:R=2.00
2026-08-29 16:30:26 [INFO] scanner - ✅ Throttle OK [ETH/USDT]: Pode enviar
2026-08-29 16:30:26 [INFO] scanner - 📝 Sinal no ledger: 20260829_163026_933998 - ETH/USDT
2026-08-29 16:30:26 [INFO] scanner - 📨 Alerta enviado | ID Ledger: 20260829_163026_933998
