2026-09-15 07:43:58 [INFO] scanner - ============================================================
2026-09-15 07:43:58 [INFO] scanner - 🚀 SCANNER INICIADO
2026-09-15 07:43:58 [INFO] scanner - 📅 Data/Hora: 15/09/2026 07:43:58
2026-09-15 07:43:58 [INFO] scanner - 📂 Log: logs/scanner_2026-09-15.log
2026-09-15 07:43:58 [INFO] scanner - ============================================================
2026-09-15 07:43:58 [INFO] scanner - 📝 PAPER MODE ATIVO - Apenas registro e análise
2026-09-15 07:44:02 [WARNING] root - Bloco de componentes falhou: cannot unpack non-iterable int object
2026-09-15 07:44:02 [INFO] scanner - ✅ Validações OK [BTC/USDT]: Score=8.3, R:R=2.08
2026-09-15 07:44:02 [INFO] scanner - ⏸️  Throttle ativo [BTC/USDT]:
2026-09-15 07:44:02 [INFO] scanner -    ├─ Último alerta há 530.3 minutos
2026-09-15 07:44:02 [INFO] scanner -    ├─ Tempo mínimo: 1800 minutos
2026-09-15 07:44:02 [INFO] scanner -    └─ Próximo permitido em: 1269.7 minutos
2026-09-15 07:44:04 [WARNING] root - Bloco de componentes falhou: cannot unpack non-iterable int object
2026-09-15 07:44:04 [INFO] scanner - ✅ Validações OK [ETH/USDT]: Score=7.3, R:R=2.00
2026-09-15 07:44:04 [INFO] scanner - ⏸️  Throttle ativo [ETH/USDT]:
2026-09-15 07:44:04 [INFO] scanner -    ├─ Último alerta há 1404.8 minutos
2026-09-15 07:44:04 [INFO] scanner -    ├─ Tempo mínimo: 1800 minutos
2026-09-15 07:44:04 [INFO] scanner -    └─ Próximo permitido em: 395.2 minutos
2026-09-15 07:44:04 [WARNING] root - Bloco de componentes falhou: cannot unpack non-iterable int object
2026-09-15 07:44:04 [INFO] scanner - ✅ Validações OK [ETH/USDT]: Score=7.3, R:R=2.00
2026-09-15 07:44:04 [INFO] scanner - ⏸️  Throttle ativo [ETH/USDT]:
2026-09-15 07:44:04 [INFO] scanner -    ├─ Último alerta há 1404.8 minutos
2026-09-15 07:44:04 [INFO] scanner -    ├─ Tempo mínimo: 1800 minutos
2026-09-15 07:44:04 [INFO] scanner -    └─ Próximo permitido em: 395.2 minutos
2026-09-15 12:16:31 [INFO] scanner - ============================================================
2026-09-15 12:16:31 [INFO] scanner - 🚀 SCANNER INICIADO
2026-09-15 12:16:31 [INFO] scanner - 📅 Data/Hora: 15/09/2026 12:16:31
2026-09-15 12:16:31 [INFO] scanner - 📂 Log: logs/scanner_2026-09-15.log
2026-09-15 12:16:31 [INFO] scanner - ============================================================
2026-09-15 12:16:31 [INFO] scanner - 📝 PAPER MODE ATIVO - Apenas registro e análise
2026-09-15 16:07:58 [INFO] scanner - ============================================================
2026-09-15 16:07:58 [INFO] scanner - 🚀 SCANNER INICIADO
2026-09-15 16:07:58 [INFO] scanner - 📅 Data/Hora: 15/09/2026 16:07:58
2026-09-15 16:07:58 [INFO] scanner - 📂 Log: logs/scanner_2026-09-15.log
2026-09-15 16:07:58 [INFO] scanner - ============================================================
2026-09-15 16:07:58 [INFO] scanner - 📝 PAPER MODE ATIVO - Apenas registro e análise
2026-09-15 16:08:05 [WARNING] root - Bloco de componentes falhou: cannot unpack non-iterable int object
2026-09-15 16:08:05 [INFO] scanner - ✅ Validações OK [BTC/USDT]: Score=8.3, R:R=2.08
2026-09-15 16:08:05 [INFO] scanner - ⏸️  Throttle ativo [BTC/USDT]:
2026-09-15 16:08:05 [INFO] scanner -    ├─ Último alerta há 1034.4 minutos
2026-09-15 16:08:05 [INFO] scanner -    ├─ Tempo mínimo: 1800 minutos
2026-09-15 16:08:05 [INFO] scanner -    └─ Próximo permitido em: 765.6 minutos
2026-09-15 16:08:08 [WARNING] root - Bloco de componentes falhou: cannot unpack non-iterable int object
2026-09-15 16:08:08 [INFO] scanner - ✅ Validações OK [ETH/USDT]: Score=8.3, R:R=2.00
2026-09-15 16:08:08 [INFO] scanner - ✅ Throttle OK [ETH/USDT]: Pode enviar
2026-09-15 19:12:07 [INFO] scanner - ============================================================
2026-09-15 19:12:07 [INFO] scanner - 🚀 SCANNER INICIADO
2026-09-15 19:12:07 [INFO] scanner - 📅 Data/Hora: 15/09/2026 19:12:07
2026-09-15 19:12:07 [INFO] scanner - 📂 Log: logs/scanner_2026-09-15.log
2026-09-15 19:12:07 [INFO] scanner - ============================================================
2026-09-15 19:12:07 [INFO] scanner - 📝 PAPER MODE ATIVO - Apenas registro e análise
2026-09-15 19:12:10 [WARNING] root - Bloco de componentes falhou: cannot unpack non-iterable int object
2026-09-15 19:12:10 [INFO] scanner - ✅ Validações OK [BTC/USDT]: Score=8.3, R:R=2.08
2026-09-15 19:12:10 [INFO] scanner - ⏸️  Throttle ativo [BTC/USDT]:
2026-09-15 19:12:10 [INFO] scanner -    ├─ Último alerta há 1218.5 minutos
2026-09-15 19:12:10 [INFO] scanner -    ├─ Tempo mínimo: 1800 minutos
2026-09-15 19:12:10 [INFO] scanner -    └─ Próximo permitido em: 581.5 minutos
2026-09-15 19:12:12 [WARNING] root - Bloco de componentes falhou: cannot unpack non-iterable int object
2026-09-15 19:12:12 [INFO] scanner - ✅ Validações OK [ETH/USDT]: Score=8.3, R:R=2.00
2026-09-15 19:12:12 [INFO] scanner - ⏸️  Throttle ativo [ETH/USDT]:
2026-09-15 19:12:12 [INFO] scanner -    ├─ Último alerta há 184.1 minutos
2026-09-15 19:12:12 [INFO] scanner -    ├─ Tempo mínimo: 1800 minutos
2026-09-15 19:12:12 [INFO] scanner -    └─ Próximo permitido em: 1615.9 minutos
